ARM Linker, 4.1 [Build 481] [Standard]

==============================================================================

Section Cross References

    stm32f10x_vector.o(STACK) refers (Special) to heapauxi.o(.text) for __use_two_region_memory
    stm32f10x_vector.o(HEAP) refers (Special) to heapauxi.o(.text) for __use_two_region_memory
    stm32f10x_vector.o(RESET) refers (Special) to heapauxi.o(.text) for __use_two_region_memory
    stm32f10x_vector.o(RESET) refers to stm32f10x_vector.o(STACK) for __initial_sp
    stm32f10x_vector.o(RESET) refers to stm32f10x_vector.o(.text) for Reset_Handler
    stm32f10x_vector.o(RESET) refers to stm32f10x_it.o(.text) for NMIException
    stm32f10x_vector.o(.text) refers (Special) to heapauxi.o(.text) for __use_two_region_memory
    stm32f10x_vector.o(.text) refers to __main.o(!!!main) for __main
    stm32f10x_vector.o(.text) refers to stm32f10x_vector.o(HEAP) for Heap_Mem
    stm32f10x_vector.o(.text) refers to stm32f10x_vector.o(STACK) for Stack_Mem
    main.o(.text) refers to stm32f10x_rcc.o(.text) for RCC_DeInit
    main.o(.text) refers to stm32f10x_flash.o(.text) for FLASH_PrefetchBufferCmd
    main.o(.text) refers to stm32f10x_systick.o(.text) for SysTick_CLKSourceConfig
    main.o(.text) refers to led.o(.text) for led_Init
    main.o(.text) refers to com.o(.text) for USART_Configuration
    main.o(.text) refers to key.o(.text) for Key_Init
    main.o(.text) refers to ioi2c.o(.text) for IIC_Init
    main.o(.text) refers to moto-tim.o(.text) for moto_Init
    main.o(.text) refers to adc.o(.text) for Adc_Init
    main.o(.text) refers to ppm_parallel.o(.text) for PPM_Init
    main.o(.text) refers to delay.o(.text) for delay_100ms
    main.o(.text) refers to mpu6050.o(.text) for MPU6050_initialize
    main.o(.text) refers to hmc5883.o(.text) for HMC5883L_SetUp
    main.o(.text) refers to eeprom.o(.text) for Key_change_e2rom
    main.o(.text) refers to wifi_703n.o(.text) for wifi_703n_init
    main.o(.text) refers to fc.o(.text) for fly_main
    main.o(.text) refers to fc.o(.data) for PPM_open
    main.o(.text) refers to main.o(.data) for TimingDelay
    stm32f10x_it.o(.text) refers to led.o(.text) for sys_tim_isr
    stm32f10x_it.o(.text) refers to stm32f10x_rtc.o(.text) for RTC_GetITStatus
    stm32f10x_it.o(.text) refers to stm32f10x_exti.o(.text) for EXTI_GetITStatus
    stm32f10x_it.o(.text) refers to ppm_parallel.o(.text) for ppm_cal
    stm32f10x_it.o(.text) refers to stm32f10x_adc.o(.text) for ADC_GetITStatus
    stm32f10x_it.o(.text) refers to adc.o(.text) for Adc_isr
    stm32f10x_it.o(.text) refers to stm32f10x_tim.o(.text) for TIM_GetITStatus
    stm32f10x_it.o(.text) refers to stm32f10x_usart.o(.text) for USART_GetFlagStatus
    stm32f10x_it.o(.text) refers to wifi_703n.o(.text) for USART2_isr
    stm32f10x_it.o(.text) refers to key.o(.text) for Key_int_isr
    stm32f10x_it.o(.text) refers to mpu6050.o(.data) for MPU6050_en
    stm32f10x_it.o(.text) refers to stm32f10x_it.o(.data) for delay_2ms_num
    stm32f10x_it.o(.text) refers to rtc_time.o(.data) for TimeDisplay
    stm32f10x_it.o(.text) refers to hmc5883.o(.data) for HMC5883_newdata
    stm32f10x_it.o(.text) refers to fc.o(.data) for hand_set_in
    stm32f10x_it.o(.text) refers to wifi_703n.o(.data) for set_rx_en
    stm32f10x_it.o(.text) refers to ppm_parallel.o(.data) for tim_ppm_num
    key.o(.text) refers to stm32f10x_gpio.o(.text) for GPIO_ReadInputDataBit
    key.o(.text) refers to stm32f10x_rcc.o(.text) for RCC_APB2PeriphClockCmd
    key.o(.text) refers to stm32f10x_exti.o(.text) for EXTI_Init
    key.o(.text) refers to stm32f10x_nvic.o(.text) for NVIC_PriorityGroupConfig
    key.o(.text) refers to key.o(.data) for key
    com.o(.text) refers to stm32f10x_usart.o(.text) for USART_GetFlagStatus
    com.o(.text) refers to dflt_clz.o(x$fpl$dflt) for __aeabi_i2d
    com.o(.text) refers to dfix.o(x$fpl$dfix) for __aeabi_d2iz
    com.o(.text) refers to stm32f10x_rcc.o(.text) for RCC_APB2PeriphClockCmd
    com.o(.text) refers to stm32f10x_gpio.o(.text) for GPIO_PinRemapConfig
    com.o(.text) refers to mpu6050.o(.bss) for sensor_6050in_old
    com.o(.text) refers to com.o(.data) for char_num
    com.o(.data) refers to com.o(.conststring) for .conststring
    rtc_time.o(.text) refers to localtime.o(.text) for localtime
    rtc_time.o(.text) refers to rt_memcpy_w.o(.text) for __aeabi_memcpy4
    rtc_time.o(.text) refers to mktime.o(.text) for mktime
    rtc_time.o(.text) refers to stm32f10x_rtc.o(.text) for RTC_GetCounter
    rtc_time.o(.text) refers to stm32f10x_rcc.o(.text) for RCC_APB1PeriphClockCmd
    rtc_time.o(.text) refers to stm32f10x_pwr.o(.text) for PWR_BackupAccessCmd
    rtc_time.o(.text) refers to stm32f10x_bkp.o(.text) for BKP_DeInit
    rtc_time.o(.text) refers to stm32f10x_nvic.o(.text) for NVIC_SetVectorTable
    rtc_time.o(.text) refers to rtc_time.o(.bss) for time_now
    ioi2c.o(.text) refers to stm32f10x_rcc.o(.text) for RCC_APB2PeriphClockCmd
[...]
    __MRS_CONTROL                            0x08000233   Thumb Code     0  cortexm3_macro.o(.text)
    __MSR_CONTROL                            0x08000239   Thumb Code     0  cortexm3_macro.o(.text)
    __MRS_PSP                                0x08000243   Thumb Code     0  cortexm3_macro.o(.text)
    __MSR_PSP                                0x08000249   Thumb Code     0  cortexm3_macro.o(.text)
    __MRS_MSP                                0x0800024f   Thumb Code     0  cortexm3_macro.o(.text)
    __MSR_MSP                                0x08000255   Thumb Code     0  cortexm3_macro.o(.text)
    __RESETPRIMASK                           0x0800025b   Thumb Code     0  cortexm3_macro.o(.text)
    __SETPRIMASK                             0x0800025f   Thumb Code     0  cortexm3_macro.o(.text)
    __READ_PRIMASK                           0x08000263   Thumb Code     0  cortexm3_macro.o(.text)
    __SETFAULTMASK                           0x08000269   Thumb Code     0  cortexm3_macro.o(.text)
    __RESETFAULTMASK                         0x0800026d   Thumb Code     0  cortexm3_macro.o(.text)
    __READ_FAULTMASK                         0x08000271   Thumb Code     0  cortexm3_macro.o(.text)
    __BASEPRICONFIG                          0x08000277   Thumb Code     0  cortexm3_macro.o(.text)
    __GetBASEPRI                             0x0800027d   Thumb Code     0  cortexm3_macro.o(.text)
    __REV_HalfWord                           0x08000283   Thumb Code     0  cortexm3_macro.o(.text)
    __REV_Word                               0x08000287   Thumb Code     0  cortexm3_macro.o(.text)
    Reset_Handler                            0x0800028d   Thumb Code     4  stm32f10x_vector.o(.text)
    __user_initial_stackheap                 0x08000291   Thumb Code     0  stm32f10x_vector.o(.text)
    SYS_Init                                 0x080002b1   Thumb Code   108  main.o(.text)
    SysTick_Config                           0x0800031d   Thumb Code    28  main.o(.text)
    main                                     0x08000339   Thumb Code   104  main.o(.text)
    Delay                                    0x080003a1   Thumb Code    38  main.o(.text)
    Decrement_TimingDelay                    0x080003c7   Thumb Code    18  main.o(.text)
    NMIException                             0x08000405   Thumb Code     2  stm32f10x_it.o(.text)
    HardFaultException                       0x08000407   Thumb Code     4  stm32f10x_it.o(.text)
    MemManageException                       0x0800040b   Thumb Code     4  stm32f10x_it.o(.text)
    BusFaultException                        0x0800040f   Thumb Code     4  stm32f10x_it.o(.text)
    UsageFaultException                      0x08000413   Thumb Code     4  stm32f10x_it.o(.text)
    DebugMonitor                             0x08000417   Thumb Code     2  stm32f10x_it.o(.text)
    SVCHandler                               0x08000419   Thumb Code     2  stm32f10x_it.o(.text)
    PendSVC                                  0x0800041b   Thumb Code     2  stm32f10x_it.o(.text)
    SysTickHandler                           0x0800041d   Thumb Code    40  stm32f10x_it.o(.text)
    WWDG_IRQHandler                          0x08000445   Thumb Code     2  stm32f10x_it.o(.text)
    PVD_IRQHandler                           0x08000447   Thumb Code     2  stm32f10x_it.o(.text)
    TAMPER_IRQHandler                        0x08000449   Thumb Code     2  stm32f10x_it.o(.text)
    RTC_IRQHandler                           0x0800044b   Thumb Code    18  stm32f10x_it.o(.text)
    FLASH_IRQHandler                         0x0800045d   Thumb Code     2  stm32f10x_it.o(.text)
    RCC_IRQHandler                           0x0800045f   Thumb Code     2  stm32f10x_it.o(.text)
    EXTI0_IRQHandler                         0x08000461   Thumb Code    18  stm32f10x_it.o(.text)
    EXTI1_IRQHandler                         0x08000473   Thumb Code    24  stm32f10x_it.o(.text)
    EXTI2_IRQHandler                         0x0800048b   Thumb Code    18  stm32f10x_it.o(.text)
    EXTI3_IRQHandler                         0x0800049d   Thumb Code    18  stm32f10x_it.o(.text)
    EXTI4_IRQHandler                         0x080004af   Thumb Code    24  stm32f10x_it.o(.text)
    DMA1_Channel1_IRQHandler                 0x080004c7   Thumb Code     2  stm32f10x_it.o(.text)
    DMA1_Channel2_IRQHandler                 0x080004c9   Thumb Code     2  stm32f10x_it.o(.text)
    DMA1_Channel3_IRQHandler                 0x080004cb   Thumb Code     2  stm32f10x_it.o(.text)
    DMA1_Channel4_IRQHandler                 0x080004cd   Thumb Code     2  stm32f10x_it.o(.text)
    DMA1_Channel5_IRQHandler                 0x080004cf   Thumb Code     2  stm32f10x_it.o(.text)
    DMA1_Channel6_IRQHandler                 0x080004d1   Thumb Code     2  stm32f10x_it.o(.text)
    DMA1_Channel7_IRQHandler                 0x080004d3   Thumb Code     2  stm32f10x_it.o(.text)
    ADC1_2_IRQHandler                        0x080004d5   Thumb Code    30  stm32f10x_it.o(.text)
    USB_HP_CAN_TX_IRQHandler                 0x080004f3   Thumb Code     2  stm32f10x_it.o(.text)
    USB_LP_CAN_RX0_IRQHandler                0x080004f5   Thumb Code     2  stm32f10x_it.o(.text)
    CAN_RX1_IRQHandler                       0x080004f7   Thumb Code     2  stm32f10x_it.o(.text)
    CAN_SCE_IRQHandler                       0x080004f9   Thumb Code     2  stm32f10x_it.o(.text)
    EXTI9_5_IRQHandler                       0x080004fb   Thumb Code    98  stm32f10x_it.o(.text)
    TIM1_BRK_IRQHandler                      0x0800055d   Thumb Code     2  stm32f10x_it.o(.text)
    TIM1_UP_IRQHandler                       0x0800055f   Thumb Code   108  stm32f10x_it.o(.text)
    TIM1_TRG_COM_IRQHandler                  0x080005cb   Thumb Code     2  stm32f10x_it.o(.text)
    TIM1_CC_IRQHandler                       0x080005cd   Thumb Code     2  stm32f10x_it.o(.text)
    TIM2_IRQHandler                          0x080005cf   Thumb Code    48  stm32f10x_it.o(.text)
    TIM3_IRQHandler                          0x080005ff   Thumb Code    22  stm32f10x_it.o(.text)
    TIM4_IRQHandler                          0x08000615   Thumb Code    12  stm32f10x_it.o(.text)
    I2C1_EV_IRQHandler                       0x08000621   Thumb Code     2  stm32f10x_it.o(.text)
    I2C1_ER_IRQHandler                       0x08000623   Thumb Code     2  stm32f10x_it.o(.text)
    I2C2_EV_IRQHandler                       0x08000625   Thumb Code     2  stm32f10x_it.o(.text)
    I2C2_ER_IRQHandler                       0x08000627   Thumb Code     2  stm32f10x_it.o(.text)
    SPI1_IRQHandler                          0x08000629   Thumb Code     2  stm32f10x_it.o(.text)
    SPI2_IRQHandler                          0x0800062b   Thumb Code     2  stm32f10x_it.o(.text)
    USART1_IRQHandler                        0x0800062d   Thumb Code    42  stm32f10x_it.o(.text)
    USART2_IRQHandler                        0x08000657   Thumb Code    22  stm32f10x_it.o(.text)
    USART3_IRQHandler                        0x0800066d   Thumb Code    28  stm32f10x_it.o(.text)
    EXTI15_10_IRQHandler                     0x08000689   Thumb Code    52  stm32f10x_it.o(.text)
    RTCAlarm_IRQHandler                      0x080006bd   Thumb Code     2  stm32f10x_it.o(.text)
    USBWakeUp_IRQHandler                     0x080006bf   Thumb Code     2  stm32f10x_it.o(.text)
    TIM8_BRK_IRQHandler                      0x080006c1   Thumb Code     2  stm32f10x_it.o(.text)
    TIM8_UP_IRQHandler                       0x080006c3   Thumb Code     2  stm32f10x_it.o(.text)
    TIM8_TRG_COM_IRQHandler                  0x080006c5   Thumb Code     2  stm32f10x_it.o(.text)
    TIM8_CC_IRQHandler                       0x080006c7   Thumb Code     2  stm32f10x_it.o(.text)
    ADC3_IRQHandler                          0x080006c9   Thumb Code    30  stm32f10x_it.o(.text)
    FSMC_IRQHandler                          0x080006e7   Thumb Code     2  stm32f10x_it.o(.text)
    SDIO_IRQHandler                          0x080006e9   Thumb Code     2  stm32f10x_it.o(.text)
    TIM5_IRQHandler                          0x080006eb   Thumb Code     2  stm32f10x_it.o(.text)
    SPI3_IRQHandler                          0x080006ed   Thumb Code     2  stm32f10x_it.o(.text)
    UART4_IRQHandler                         0x080006ef   Thumb Code     2  stm32f10x_it.o(.text)
    UART5_IRQHandler                         0x080006f1   Thumb Code     2  stm32f10x_it.o(.text)
    TIM6_IRQHandler                          0x080006f3   Thumb Code     2  stm32f10x_it.o(.text)
    TIM7_IRQHandler                          0x080006f5   Thumb Code     2  stm32f10x_it.o(.text)
    DMA2_Channel1_IRQHandler                 0x080006f7   Thumb Code     2  stm32f10x_it.o(.text)
    DMA2_Channel2_IRQHandler                 0x080006f9   Thumb Code     2  stm32f10x_it.o(.text)
    DMA2_Channel3_IRQHandler                 0x080006fb   Thumb Code     2  stm32f10x_it.o(.text)
    DMA2_Channel4_5_IRQHandler               0x080006fd   Thumb Code     2  stm32f10x_it.o(.text)
    Key_int_isr                              0x08000755   Thumb Code    34  key.o(.text)
    Key_Init                                 0x08000777   Thumb Code   108  key.o(.text)
    UART1_Put_Char                           0x080007ed   Thumb Code    26  com.o(.text)
    UART1_ReportMotion                       0x08000807   Thumb Code   146  com.o(.text)
    UART1_Put_sChar                          0x08000899   Thumb Code    28  com.o(.text)
    UART1_Put_int                            0x080008b5   Thumb Code   242  com.o(.text)
    UART1_Put_uChars                         0x080009a7   Thumb Code    50  com.o(.text)
    UART1_Put_Chars                          0x080009d9   Thumb Code    50  com.o(.text)
    UART1_Put_Chars_noend                    0x08000a0b   Thumb Code    38  com.o(.text)
    UART1_Put_num                            0x08000a31   Thumb Code    30  com.o(.text)
    USART_Configuration                      0x08000a4f   Thumb Code   108  com.o(.text)
    IIC_Init                                 0x08000ad1   Thumb Code    40  ioi2c.o(.text)
    IIC_Start                                0x08000af9   Thumb Code    76  ioi2c.o(.text)
    IIC_Stop                                 0x08000b45   Thumb Code    74  ioi2c.o(.text)
    IIC_Wait_Ack                             0x08000b8f   Thumb Code    96  ioi2c.o(.text)
    IIC_Ack                                  0x08000bef   Thumb Code    78  ioi2c.o(.text)
    IIC_NAck                                 0x08000c3d   Thumb Code    74  ioi2c.o(.text)
    IIC_Send_Byte                            0x08000c87   Thumb Code   102  ioi2c.o(.text)
    IIC_Read_Byte                            0x08000ced   Thumb Code   106  ioi2c.o(.text)
    I2C_ReadOneByte                          0x08000d57   Thumb Code    70  ioi2c.o(.text)
    IICreadBytes                             0x08000d9d   Thumb Code   102  ioi2c.o(.text)
    IIC_readBytes                            0x08000e03   Thumb Code    74  ioi2c.o(.text)
    IICwriteBytes                            0x08000e4d   Thumb Code    70  ioi2c.o(.text)
    IICwrite_CMD                             0x08000e93   Thumb Code    38  ioi2c.o(.text)
    IICreadByte                              0x08000eb9   Thumb Code    22  ioi2c.o(.text)
    IICwriteByte                             0x08000ecf   Thumb Code    50  ioi2c.o(.text)
    IICwriteBits                             0x08000f01   Thumb Code   110  ioi2c.o(.text)
    IICwriteBit                              0x08000f6f   Thumb Code    64  ioi2c.o(.text)
    delay_us                                 0x08000faf   Thumb Code    26  delay.o(.text)
    delay_ms                                 0x08000fc9   Thumb Code    26  delay.o(.text)
    delay_100ms                              0x08000fe3   Thumb Code    24  delay.o(.text)
    moto_Init                                0x08000ffd   Thumb Code   298  moto-tim.o(.text)
    led_Init                                 0x08001141   Thumb Code    40  led.o(.text)
    sys_tim_init                             0x08001169   Thumb Code     2  led.o(.text)
    sys_tim_isr                              0x0800116b   Thumb Code   404  led.o(.text)
    test_e2rom_write_read_path               0x08001359   Thumb Code     2  eeprom.o(.text)
    MemReadByte                              0x0800135b   Thumb Code    30  eeprom.o(.text)
    e2rom_StrPID_read                        0x08001379   Thumb Code    32  eeprom.o(.text)
    MemWriteByte                             0x08001399   Thumb Code    82  eeprom.o(.text)
    e2rom_StrPID_write                       0x080013eb   Thumb Code    32  eeprom.o(.text)
    e2rom_data_write                         0x0800140b   Thumb Code   158  eeprom.o(.text)
    e2rom_mpu6050_read                       0x080014a9   Thumb Code    94  eeprom.o(.text)
    e2rom_data_read                          0x08001507   Thumb Code   202  eeprom.o(.text)
    Key_change_e2rom                         0x080015d1   Thumb Code   140  eeprom.o(.text)
    MPU6050_setClockSource                   0x080016f5   Thumb Code    20  mpu6050.o(.text)
    MPU6050_setFullScaleGyroRange            0x08001709   Thumb Code    20  mpu6050.o(.text)
    MPU6050_setFullScaleAccelRange           0x0800171d   Thumb Code    20  mpu6050.o(.text)
    MPU6050_setSleepEnabled                  0x08001731   Thumb Code    18  mpu6050.o(.text)
    MPU6050_getDeviceID                      0x08001743   Thumb Code    20  mpu6050.o(.text)
    MPU6050_testConnection                   0x08001757   Thumb Code    18  mpu6050.o(.text)
    MPU6050_setI2CMasterModeEnabled          0x08001769   Thumb Code    18  mpu6050.o(.text)
    MPU6050_setI2CBypassEnabled              0x0800177b   Thumb Code    18  mpu6050.o(.text)
    MPU6050_intio_Init                       0x0800178d   Thumb Code    32  mpu6050.o(.text)
    MPU6050_initialize                       0x080017ad   Thumb Code   104  mpu6050.o(.text)
    MPU6050_is_DRY                           0x08001815   Thumb Code    20  mpu6050.o(.text)
    MPU6050_getMotion                        0x08001829   Thumb Code   510  mpu6050.o(.text)
    S_6050_ready                             0x08001a27   Thumb Code   930  mpu6050.o(.text)
    S_6050_set                               0x08001dc9   Thumb Code   406  mpu6050.o(.text)
    dub_show_main                            0x08002085   Thumb Code     2  fc.o(.text)
    dub_show_fly                             0x08002087   Thumb Code   102  fc.o(.text)
    PPM_Ave                                  0x080020ed   Thumb Code    38  fc.o(.text)
    RF_ctrl_mode_check                       0x08002113   Thumb Code   100  fc.o(.text)
    PPM_main_work                            0x08002177   Thumb Code   114  fc.o(.text)
    WIFI_main_work                           0x080021e9   Thumb Code   130  fc.o(.text)
    check                                    0x0800226b   Thumb Code    18  fc.o(.text)
    P_check                                  0x0800227d   Thumb Code    36  fc.o(.text)
    moto_math                                0x080022a1   Thumb Code  3452  fc.o(.text)
    PID_data_out                             0x0800301d   Thumb Code   110  fc.o(.text)
    PID_out_setdault                         0x0800308b   Thumb Code    52  fc.o(.text)
    PID_ready                                0x080030bf   Thumb Code    78  fc.o(.text)
    Ready_work                               0x0800310d   Thumb Code    62  fc.o(.text)
    fly_main                                 0x0800314b   Thumb Code   840  fc.o(.text)
    test_PID_WR                              0x08003493   Thumb Code     2  fc.o(.text)
    HMC58X3_getmaxmin                        0x080034e1   Thumb Code   370  hmc5883.o(.text)
    HMC58X3_writeReg                         0x08003653   Thumb Code    18  hmc5883.o(.text)
    HMC58X3_setMode                          0x08003665   Thumb Code    28  hmc5883.o(.text)
    HMC5883_setwork                          0x08003681   Thumb Code    16  hmc5883.o(.text)
    HMC5883_check_work                       0x08003691   Thumb Code    40  hmc5883.o(.text)
    HMC5883_Circling                         0x080036b9   Thumb Code   146  hmc5883.o(.text)
    HMC58X3_getRaw                           0x0800374b   Thumb Code   778  hmc5883.o(.text)
    HMC5883_ready                            0x08003a55   Thumb Code   132  hmc5883.o(.text)
    HMC58X3_setGain                          0x08003ad9   Thumb Code    24  hmc5883.o(.text)
    HMC58X3_init                             0x08003af1   Thumb Code    44  hmc5883.o(.text)
    HMC58X3_calibrate                        0x08003b1d   Thumb Code   106  hmc5883.o(.text)
    HMC58X3_setDOR                           0x08003b87   Thumb Code    24  hmc5883.o(.text)
    HMC58X3_getID                            0x08003b9f   Thumb Code   100  hmc5883.o(.text)
    HMC58X3_io_init                          0x08003c03   Thumb Code   104  hmc5883.o(.text)
    HMC5883L_SetUp                           0x08003c6b   Thumb Code    60  hmc5883.o(.text)
    angle_360_math                           0x08003d45   Thumb Code    24  my_math.o(.text)
    angle_dec_math                           0x08003d5d   Thumb Code    44  my_math.o(.text)
    Adc_Init                                 0x08003d89   Thumb Code   190  adc.o(.text)
    Adc_isr                                  0x08003e47   Thumb Code   122  adc.o(.text)
    uart_Send_byte                           0x08003edd   Thumb Code    26  wifi_703n.o(.text)
    handset_Reply                            0x08003ef7   Thumb Code   390  wifi_703n.o(.text)
    USART2_isr                               0x0800407d   Thumb Code   396  wifi_703n.o(.text)
    UART2_Put_Char                           0x08004209   Thumb Code    26  wifi_703n.o(.text)
    UART2_Put_Chars                          0x08004223   Thumb Code    62  wifi_703n.o(.text)
    UART2_Put_Chars_noend                    0x08004261   Thumb Code    38  wifi_703n.o(.text)
    uart_Send_char                           0x08004287   Thumb Code    26  wifi_703n.o(.text)
    uart_Send_num                            0x080042a1   Thumb Code    30  wifi_703n.o(.text)
    USART2_Configuration                     0x080042bf   Thumb Code   190  wifi_703n.o(.text)
    wifi_703n_init                           0x0800437d   Thumb Code     8  wifi_703n.o(.text)
    PPM1_pin                                 0x0800438d   Thumb Code    12  ppm_parallel.o(.text)
    PPM2_pin                                 0x08004399   Thumb Code    12  ppm_parallel.o(.text)
    PPM3_pin                                 0x080043a5   Thumb Code    12  ppm_parallel.o(.text)
    PPM4_pin                                 0x080043b1   Thumb Code    12  ppm_parallel.o(.text)
    No_PPM_check                             0x080043bd   Thumb Code    78  ppm_parallel.o(.text)
    ppm_cal                                  0x0800440b   Thumb Code   190  ppm_parallel.o(.text)
    PPM_Init                                 0x080044c9   Thumb Code   246  ppm_parallel.o(.text)
    PPM_close                                0x080045bf   Thumb Code    82  ppm_parallel.o(.text)
    ADC_DeInit                               0x0800462d   Thumb Code    90  stm32f10x_adc.o(.text)
    ADC_Init                                 0x08004687   Thumb Code    70  stm32f10x_adc.o(.text)
    ADC_StructInit                           0x080046cd   Thumb Code    18  stm32f10x_adc.o(.text)
    ADC_Cmd                                  0x080046df   Thumb Code    22  stm32f10x_adc.o(.text)
    ADC_DMACmd                               0x080046f5   Thumb Code    22  stm32f10x_adc.o(.text)
    ADC_ITConfig                             0x0800470b   Thumb Code    24  stm32f10x_adc.o(.text)
    ADC_ResetCalibration                     0x08004723   Thumb Code    10  stm32f10x_adc.o(.text)
    ADC_GetResetCalibrationStatus            0x0800472d   Thumb Code    20  stm32f10x_adc.o(.text)
    ADC_StartCalibration                     0x08004741   Thumb Code    10  stm32f10x_adc.o(.text)
    ADC_GetCalibrationStatus                 0x0800474b   Thumb Code    20  stm32f10x_adc.o(.text)
    ADC_SoftwareStartConvCmd                 0x0800475f   Thumb Code    22  stm32f10x_adc.o(.text)
    ADC_GetSoftwareStartConvStatus           0x08004775   Thumb Code    20  stm32f10x_adc.o(.text)
    ADC_DiscModeChannelCountConfig           0x08004789   Thumb Code    24  stm32f10x_adc.o(.text)
    ADC_DiscModeCmd                          0x080047a1   Thumb Code    22  stm32f10x_adc.o(.text)
    ADC_RegularChannelConfig                 0x080047b7   Thumb Code   184  stm32f10x_adc.o(.text)
    ADC_ExternalTrigConvCmd                  0x0800486f   Thumb Code    22  stm32f10x_adc.o(.text)
    ADC_GetConversionValue                   0x08004885   Thumb Code     8  stm32f10x_adc.o(.text)
    ADC_GetDualModeConversionValue           0x0800488d   Thumb Code     6  stm32f10x_adc.o(.text)
    ADC_AutoInjectedConvCmd                  0x08004893   Thumb Code    22  stm32f10x_adc.o(.text)
    ADC_InjectedDiscModeCmd                  0x080048a9   Thumb Code    22  stm32f10x_adc.o(.text)
    ADC_ExternalTrigInjectedConvConfig       0x080048bf   Thumb Code    16  stm32f10x_adc.o(.text)
    ADC_ExternalTrigInjectedConvCmd          0x080048cf   Thumb Code    22  stm32f10x_adc.o(.text)
    ADC_SoftwareStartInjectedConvCmd         0x080048e5   Thumb Code    22  stm32f10x_adc.o(.text)
    ADC_GetSoftwareStartInjectedConvCmdStatus 0x080048fb   Thumb Code    20  stm32f10x_adc.o(.text)
    ADC_InjectedChannelConfig                0x0800490f   Thumb Code   130  stm32f10x_adc.o(.text)
    ADC_InjectedSequencerLengthConfig        0x08004991   Thumb Code    24  stm32f10x_adc.o(.text)
    ADC_SetInjectedOffset                    0x080049a9   Thumb Code     4  stm32f10x_adc.o(.text)
    ADC_GetInjectedConversionValue           0x080049ad   Thumb Code    10  stm32f10x_adc.o(.text)
    ADC_AnalogWatchdogCmd                    0x080049b7   Thumb Code    16  stm32f10x_adc.o(.text)
    ADC_AnalogWatchdogThresholdsConfig       0x080049c7   Thumb Code     6  stm32f10x_adc.o(.text)
    ADC_AnalogWatchdogSingleChannelConfig    0x080049cd   Thumb Code    16  stm32f10x_adc.o(.text)
    ADC_TempSensorVrefintCmd                 0x080049dd   Thumb Code    34  stm32f10x_adc.o(.text)
    ADC_GetFlagStatus                        0x080049ff   Thumb Code    46  stm32f10x_adc.o(.text)
    ADC_ClearFlag                            0x08004a2d   Thumb Code     6  stm32f10x_adc.o(.text)
    ADC_GetITStatus                          0x08004a33   Thumb Code    36  stm32f10x_adc.o(.text)
    ADC_ClearITPendingBit                    0x08004a57   Thumb Code    10  stm32f10x_adc.o(.text)
    EXTI_DeInit                              0x08004a61   Thumb Code    30  stm32f10x_exti.o(.text)
    EXTI_Init                                0x08004a7f   Thumb Code   190  stm32f10x_exti.o(.text)
    EXTI_StructInit                          0x08004b3d   Thumb Code    16  stm32f10x_exti.o(.text)
    EXTI_GenerateSWInterrupt                 0x08004b4d   Thumb Code    16  stm32f10x_exti.o(.text)
    EXTI_GetFlagStatus                       0x08004b5d   Thumb Code    20  stm32f10x_exti.o(.text)
    EXTI_ClearFlag                           0x08004b71   Thumb Code     6  stm32f10x_exti.o(.text)
    EXTI_GetITStatus                         0x08004b77   Thumb Code    34  stm32f10x_exti.o(.text)
    EXTI_ClearITPendingBit                   0x08004b99   Thumb Code     6  stm32f10x_exti.o(.text)
    FLASH_SetLatency                         0x08004bc1   Thumb Code    22  stm32f10x_flash.o(.text)
    FLASH_HalfCycleAccessCmd                 0x08004bd7   Thumb Code    22  stm32f10x_flash.o(.text)
    FLASH_PrefetchBufferCmd                  0x08004bed   Thumb Code    22  stm32f10x_flash.o(.text)
    FLASH_Unlock                             0x08004c03   Thumb Code    12  stm32f10x_flash.o(.text)
    FLASH_Lock                               0x08004c0f   Thumb Code    14  stm32f10x_flash.o(.text)
    FLASH_GetStatus                          0x08004c1d   Thumb Code    50  stm32f10x_flash.o(.text)
    FLASH_WaitForLastOperation               0x08004c5d   Thumb Code    42  stm32f10x_flash.o(.text)
    FLASH_ErasePage                          0x08004c87   Thumb Code    76  stm32f10x_flash.o(.text)
    FLASH_EraseAllPages                      0x08004cd3   Thumb Code    72  stm32f10x_flash.o(.text)
    FLASH_EraseOptionBytes                   0x08004d1b   Thumb Code   144  stm32f10x_flash.o(.text)
    FLASH_ProgramWord                        0x08004dab   Thumb Code   100  stm32f10x_flash.o(.text)
    FLASH_ProgramHalfWord                    0x08004e0f   Thumb Code    64  stm32f10x_flash.o(.text)
    FLASH_ProgramOptionByteData              0x08004e4f   Thumb Code    72  stm32f10x_flash.o(.text)
    FLASH_EnableWriteProtection              0x08004e97   Thumb Code   178  stm32f10x_flash.o(.text)
    FLASH_ReadOutProtection                  0x08004f49   Thumb Code   186  stm32f10x_flash.o(.text)
    FLASH_UserOptionByteConfig               0x08005003   Thumb Code    94  stm32f10x_flash.o(.text)
    FLASH_GetUserOptionByte                  0x08005061   Thumb Code     8  stm32f10x_flash.o(.text)
    FLASH_GetWriteProtectionOptionByte       0x08005069   Thumb Code     6  stm32f10x_flash.o(.text)
    FLASH_GetReadOutProtectionStatus         0x0800506f   Thumb Code    20  stm32f10x_flash.o(.text)
    FLASH_GetPrefetchBufferStatus            0x08005083   Thumb Code    20  stm32f10x_flash.o(.text)
    FLASH_ITConfig                           0x08005097   Thumb Code    26  stm32f10x_flash.o(.text)
    FLASH_GetFlagStatus                      0x080050b1   Thumb Code    42  stm32f10x_flash.o(.text)
    FLASH_ClearFlag                          0x080050db   Thumb Code     6  stm32f10x_flash.o(.text)
    GPIO_DeInit                              0x080050f5   Thumb Code   188  stm32f10x_gpio.o(.text)
    GPIO_AFIODeInit                          0x080051b1   Thumb Code    20  stm32f10x_gpio.o(.text)
    GPIO_Init                                0x080051c5   Thumb Code   274  stm32f10x_gpio.o(.text)
    GPIO_StructInit                          0x080052d7   Thumb Code    16  stm32f10x_gpio.o(.text)
    GPIO_ReadInputDataBit                    0x080052e7   Thumb Code    18  stm32f10x_gpio.o(.text)
    GPIO_ReadInputData                       0x080052f9   Thumb Code     8  stm32f10x_gpio.o(.text)
    GPIO_ReadOutputDataBit                   0x08005301   Thumb Code    18  stm32f10x_gpio.o(.text)
    GPIO_ReadOutputData                      0x08005313   Thumb Code     8  stm32f10x_gpio.o(.text)
    GPIO_SetBits                             0x0800531b   Thumb Code     4  stm32f10x_gpio.o(.text)
    GPIO_ResetBits                           0x0800531f   Thumb Code     4  stm32f10x_gpio.o(.text)
    GPIO_WriteBit                            0x08005323   Thumb Code    10  stm32f10x_gpio.o(.text)
    GPIO_Write                               0x0800532d   Thumb Code     4  stm32f10x_gpio.o(.text)
    GPIO_PinLockConfig                       0x08005331   Thumb Code    18  stm32f10x_gpio.o(.text)
    GPIO_EventOutputConfig                   0x08005343   Thumb Code    26  stm32f10x_gpio.o(.text)
    GPIO_EventOutputCmd                      0x0800535d   Thumb Code     6  stm32f10x_gpio.o(.text)
    GPIO_PinRemapConfig                      0x08005363   Thumb Code   106  stm32f10x_gpio.o(.text)
    GPIO_EXTILineConfig                      0x080053cd   Thumb Code    66  stm32f10x_gpio.o(.text)
    NVIC_DeInit                              0x08005421   Thumb Code    58  stm32f10x_nvic.o(.text)
    NVIC_SCBDeInit                           0x0800545b   Thumb Code    92  stm32f10x_nvic.o(.text)
    NVIC_PriorityGroupConfig                 0x080054b7   Thumb Code    10  stm32f10x_nvic.o(.text)
    NVIC_Init                                0x080054c1   Thumb Code   192  stm32f10x_nvic.o(.text)
    NVIC_StructInit                          0x08005581   Thumb Code    12  stm32f10x_nvic.o(.text)
    NVIC_SETPRIMASK                          0x0800558d   Thumb Code     8  stm32f10x_nvic.o(.text)
    NVIC_RESETPRIMASK                        0x08005595   Thumb Code     8  stm32f10x_nvic.o(.text)
    NVIC_SETFAULTMASK                        0x0800559d   Thumb Code     8  stm32f10x_nvic.o(.text)
    NVIC_RESETFAULTMASK                      0x080055a5   Thumb Code     8  stm32f10x_nvic.o(.text)
    NVIC_BASEPRICONFIG                       0x080055ad   Thumb Code    12  stm32f10x_nvic.o(.text)
    NVIC_GetBASEPRI                          0x080055b9   Thumb Code     8  stm32f10x_nvic.o(.text)
    NVIC_GetCurrentPendingIRQChannel         0x080055c1   Thumb Code    10  stm32f10x_nvic.o(.text)
    NVIC_GetIRQChannelPendingBitStatus       0x080055cb   Thumb Code    42  stm32f10x_nvic.o(.text)
    NVIC_SetIRQChannelPendingBit             0x080055f5   Thumb Code     6  stm32f10x_nvic.o(.text)
    NVIC_ClearIRQChannelPendingBit           0x080055fb   Thumb Code    20  stm32f10x_nvic.o(.text)
    NVIC_GetCurrentActiveHandler             0x0800560f   Thumb Code    10  stm32f10x_nvic.o(.text)
    NVIC_GetIRQChannelActiveBitStatus        0x08005619   Thumb Code    42  stm32f10x_nvic.o(.text)
    NVIC_GetCPUID                            0x08005643   Thumb Code     6  stm32f10x_nvic.o(.text)
    NVIC_SetVectorTable                      0x08005649   Thumb Code    12  stm32f10x_nvic.o(.text)
    NVIC_GenerateSystemReset                 0x08005655   Thumb Code    10  stm32f10x_nvic.o(.text)
    NVIC_GenerateCoreReset                   0x0800565f   Thumb Code    10  stm32f10x_nvic.o(.text)
    NVIC_SystemLPConfig                      0x08005669   Thumb Code    38  stm32f10x_nvic.o(.text)
    NVIC_SystemHandlerConfig                 0x0800568f   Thumb Code    52  stm32f10x_nvic.o(.text)
    NVIC_SystemHandlerPriorityConfig         0x080056c3   Thumb Code   122  stm32f10x_nvic.o(.text)
    NVIC_GetSystemHandlerPendingBitStatus    0x0800573d   Thumb Code    42  stm32f10x_nvic.o(.text)
    NVIC_SetSystemHandlerPendingBit          0x08005767   Thumb Code    32  stm32f10x_nvic.o(.text)
    NVIC_ClearSystemHandlerPendingBit        0x08005787   Thumb Code    38  stm32f10x_nvic.o(.text)
    NVIC_GetSystemHandlerActiveBitStatus     0x080057ad   Thumb Code    40  stm32f10x_nvic.o(.text)
    NVIC_GetFaultHandlerSources              0x080057d5   Thumb Code   126  stm32f10x_nvic.o(.text)
    NVIC_GetFaultAddress                     0x08005853   Thumb Code    24  stm32f10x_nvic.o(.text)
    RCC_DeInit                               0x08005879   Thumb Code    62  stm32f10x_rcc.o(.text)
    RCC_HSEConfig                            0x080058b7   Thumb Code    70  stm32f10x_rcc.o(.text)
    RCC_GetFlagStatus                        0x080058fd   Thumb Code    56  stm32f10x_rcc.o(.text)
    RCC_WaitForHSEStartUp                    0x08005935   Thumb Code    62  stm32f10x_rcc.o(.text)
    RCC_AdjustHSICalibrationValue            0x08005973   Thumb Code    20  stm32f10x_rcc.o(.text)
    RCC_HSICmd                               0x08005987   Thumb Code     6  stm32f10x_rcc.o(.text)
    RCC_PLLConfig                            0x0800598d   Thumb Code    24  stm32f10x_rcc.o(.text)
    RCC_PLLCmd                               0x080059a5   Thumb Code     6  stm32f10x_rcc.o(.text)
    RCC_SYSCLKConfig                         0x080059ab   Thumb Code    18  stm32f10x_rcc.o(.text)
    RCC_GetSYSCLKSource                      0x080059bd   Thumb Code    10  stm32f10x_rcc.o(.text)
    RCC_HCLKConfig                           0x080059c7   Thumb Code    18  stm32f10x_rcc.o(.text)
    RCC_PCLK1Config                          0x080059d9   Thumb Code    18  stm32f10x_rcc.o(.text)
    RCC_PCLK2Config                          0x080059eb   Thumb Code    20  stm32f10x_rcc.o(.text)
    RCC_ITConfig                             0x080059ff   Thumb Code    30  stm32f10x_rcc.o(.text)
    RCC_USBCLKConfig                         0x08005a1d   Thumb Code     6  stm32f10x_rcc.o(.text)
    RCC_ADCCLKConfig                         0x08005a23   Thumb Code    18  stm32f10x_rcc.o(.text)
    RCC_LSEConfig                            0x08005a35   Thumb Code    44  stm32f10x_rcc.o(.text)
    RCC_LSICmd                               0x08005a61   Thumb Code     6  stm32f10x_rcc.o(.text)
    RCC_RTCCLKConfig                         0x08005a67   Thumb Code    12  stm32f10x_rcc.o(.text)
    RCC_RTCCLKCmd                            0x08005a73   Thumb Code     6  stm32f10x_rcc.o(.text)
    RCC_GetClocksFreq                        0x08005a79   Thumb Code   192  stm32f10x_rcc.o(.text)
    RCC_AHBPeriphClockCmd                    0x08005b39   Thumb Code    26  stm32f10x_rcc.o(.text)
    RCC_APB2PeriphClockCmd                   0x08005b53   Thumb Code    26  stm32f10x_rcc.o(.text)
    RCC_APB1PeriphClockCmd                   0x08005b6d   Thumb Code    26  stm32f10x_rcc.o(.text)
    RCC_APB2PeriphResetCmd                   0x08005b87   Thumb Code    26  stm32f10x_rcc.o(.text)
    RCC_APB1PeriphResetCmd                   0x08005ba1   Thumb Code    26  stm32f10x_rcc.o(.text)
    RCC_BackupResetCmd                       0x08005bbb   Thumb Code     6  stm32f10x_rcc.o(.text)
    RCC_ClockSecuritySystemCmd               0x08005bc1   Thumb Code     6  stm32f10x_rcc.o(.text)
    RCC_MCOConfig                            0x08005bc7   Thumb Code     6  stm32f10x_rcc.o(.text)
    RCC_ClearFlag                            0x08005bcd   Thumb Code    14  stm32f10x_rcc.o(.text)
    RCC_GetITStatus                          0x08005bdb   Thumb Code    20  stm32f10x_rcc.o(.text)
    RCC_ClearITPendingBit                    0x08005bef   Thumb Code     6  stm32f10x_rcc.o(.text)
    RTC_ITConfig                             0x08005c31   Thumb Code    40  stm32f10x_rtc.o(.text)
    RTC_EnterConfigMode                      0x08005c59   Thumb Code    16  stm32f10x_rtc.o(.text)
    RTC_ExitConfigMode                       0x08005c69   Thumb Code    20  stm32f10x_rtc.o(.text)
    RTC_GetCounter                           0x08005c7d   Thumb Code    18  stm32f10x_rtc.o(.text)
    RTC_SetCounter                           0x08005c8f   Thumb Code    26  stm32f10x_rtc.o(.text)
    RTC_SetPrescaler                         0x08005ca9   Thumb Code    28  stm32f10x_rtc.o(.text)
    RTC_SetAlarm                             0x08005cc5   Thumb Code    26  stm32f10x_rtc.o(.text)
    RTC_GetDivider                           0x08005cdf   Thumb Code    26  stm32f10x_rtc.o(.text)
    RTC_WaitForLastTask                      0x08005cf9   Thumb Code    14  stm32f10x_rtc.o(.text)
    RTC_WaitForSynchro                       0x08005d07   Thumb Code    32  stm32f10x_rtc.o(.text)
    RTC_GetFlagStatus                        0x08005d27   Thumb Code    20  stm32f10x_rtc.o(.text)
    RTC_ClearFlag                            0x08005d3b   Thumb Code    22  stm32f10x_rtc.o(.text)
    RTC_GetITStatus                          0x08005d51   Thumb Code    34  stm32f10x_rtc.o(.text)
    RTC_ClearITPendingBit                    0x08005d73   Thumb Code    22  stm32f10x_rtc.o(.text)
    SysTick_CLKSourceConfig                  0x08005da9   Thumb Code    40  stm32f10x_systick.o(.text)
    SysTick_SetReload                        0x08005dd1   Thumb Code     8  stm32f10x_systick.o(.text)
    SysTick_CounterCmd                       0x08005dd9   Thumb Code    54  stm32f10x_systick.o(.text)
    SysTick_ITConfig                         0x08005e0f   Thumb Code    38  stm32f10x_systick.o(.text)
    SysTick_GetCounter                       0x08005e35   Thumb Code     8  stm32f10x_systick.o(.text)
    SysTick_GetFlagStatus                    0x08005e3d   Thumb Code    46  stm32f10x_systick.o(.text)
    TIM_DeInit                               0x08005e6d   Thumb Code   214  stm32f10x_tim.o(.text)
    TIM_TimeBaseInit                         0x08005f43   Thumb Code    50  stm32f10x_tim.o(.text)
    TIM_OC1Init                              0x08005f75   Thumb Code   110  stm32f10x_tim.o(.text)
    TIM_OC2Init                              0x08005fe3   Thumb Code   140  stm32f10x_tim.o(.text)
    TIM_OC3Init                              0x0800606f   Thumb Code   136  stm32f10x_tim.o(.text)
    TIM_OC4Init                              0x080060f7   Thumb Code    98  stm32f10x_tim.o(.text)
    TIM_SetIC4Prescaler                      0x08006159   Thumb Code    22  stm32f10x_tim.o(.text)
    TIM_SetIC3Prescaler                      0x080061b5   Thumb Code    18  stm32f10x_tim.o(.text)
    TIM_SetIC2Prescaler                      0x08006207   Thumb Code    22  stm32f10x_tim.o(.text)
    TIM_SetIC1Prescaler                      0x08006271   Thumb Code    18  stm32f10x_tim.o(.text)
    TIM_ICInit                               0x080062b9   Thumb Code   110  stm32f10x_tim.o(.text)
    TIM_PWMIConfig                           0x08006327   Thumb Code   124  stm32f10x_tim.o(.text)
    TIM_BDTRConfig                           0x080063a3   Thumb Code    32  stm32f10x_tim.o(.text)
    TIM_TimeBaseStructInit                   0x080063c3   Thumb Code    18  stm32f10x_tim.o(.text)
    TIM_OCStructInit                         0x080063d5   Thumb Code    20  stm32f10x_tim.o(.text)
    TIM_ICStructInit                         0x080063e9   Thumb Code    18  stm32f10x_tim.o(.text)
    TIM_BDTRStructInit                       0x080063fb   Thumb Code    18  stm32f10x_tim.o(.text)
    TIM_Cmd                                  0x0800640d   Thumb Code    24  stm32f10x_tim.o(.text)
    TIM_CtrlPWMOutputs                       0x08006425   Thumb Code    30  stm32f10x_tim.o(.text)
    TIM_ITConfig                             0x08006443   Thumb Code    24  stm32f10x_tim.o(.text)
    TIM_GenerateEvent                        0x0800645b   Thumb Code     4  stm32f10x_tim.o(.text)
    TIM_DMAConfig                            0x0800645f   Thumb Code    10  stm32f10x_tim.o(.text)
    TIM_DMACmd                               0x08006469   Thumb Code    24  stm32f10x_tim.o(.text)
    TIM_InternalClockConfig                  0x08006481   Thumb Code    12  stm32f10x_tim.o(.text)
    TIM_SelectInputTrigger                   0x0800648d   Thumb Code    18  stm32f10x_tim.o(.text)
    TIM_ITRxExternalClockConfig              0x0800649f   Thumb Code    24  stm32f10x_tim.o(.text)
    TIM_TIxExternalClockConfig               0x080064b7   Thumb Code    62  stm32f10x_tim.o(.text)
    TIM_ETRConfig                            0x080064f5   Thumb Code    26  stm32f10x_tim.o(.text)
    TIM_ETRClockMode1Config                  0x0800650f   Thumb Code    54  stm32f10x_tim.o(.text)
    TIM_ETRClockMode2Config                  0x08006545   Thumb Code    32  stm32f10x_tim.o(.text)
    TIM_PrescalerConfig                      0x08006565   Thumb Code     6  stm32f10x_tim.o(.text)
    TIM_CounterModeConfig                    0x0800656b   Thumb Code    18  stm32f10x_tim.o(.text)
    TIM_EncoderInterfaceConfig               0x0800657d   Thumb Code    62  stm32f10x_tim.o(.text)
    TIM_ForcedOC1Config                      0x080065bb   Thumb Code    18  stm32f10x_tim.o(.text)
    TIM_ForcedOC2Config                      0x080065cd   Thumb Code    22  stm32f10x_tim.o(.text)
    TIM_ForcedOC3Config                      0x080065e3   Thumb Code    18  stm32f10x_tim.o(.text)
    TIM_ForcedOC4Config                      0x080065f5   Thumb Code    22  stm32f10x_tim.o(.text)
    TIM_ARRPreloadConfig                     0x0800660b   Thumb Code    24  stm32f10x_tim.o(.text)
    TIM_SelectCOM                            0x08006623   Thumb Code    24  stm32f10x_tim.o(.text)
    TIM_SelectCCDMA                          0x0800663b   Thumb Code    24  stm32f10x_tim.o(.text)
    TIM_CCPreloadControl                     0x08006653   Thumb Code    24  stm32f10x_tim.o(.text)
    TIM_OC1PreloadConfig                     0x0800666b   Thumb Code    18  stm32f10x_tim.o(.text)
    TIM_OC2PreloadConfig                     0x0800667d   Thumb Code    22  stm32f10x_tim.o(.text)
    TIM_OC3PreloadConfig                     0x08006693   Thumb Code    18  stm32f10x_tim.o(.text)
    TIM_OC4PreloadConfig                     0x080066a5   Thumb Code    22  stm32f10x_tim.o(.text)
    TIM_OC1FastConfig                        0x080066bb   Thumb Code    18  stm32f10x_tim.o(.text)
    TIM_OC2FastConfig                        0x080066cd   Thumb Code    22  stm32f10x_tim.o(.text)
    TIM_OC3FastConfig                        0x080066e3   Thumb Code    18  stm32f10x_tim.o(.text)
    TIM_OC4FastConfig                        0x080066f5   Thumb Code    22  stm32f10x_tim.o(.text)
    TIM_ClearOC1Ref                          0x0800670b   Thumb Code    18  stm32f10x_tim.o(.text)
    TIM_ClearOC2Ref                          0x0800671d   Thumb Code    20  stm32f10x_tim.o(.text)
    TIM_ClearOC3Ref                          0x08006731   Thumb Code    18  stm32f10x_tim.o(.text)
    TIM_ClearOC4Ref                          0x08006743   Thumb Code    20  stm32f10x_tim.o(.text)
    TIM_OC1PolarityConfig                    0x08006757   Thumb Code    18  stm32f10x_tim.o(.text)
    TIM_OC1NPolarityConfig                   0x08006769   Thumb Code    18  stm32f10x_tim.o(.text)
    TIM_OC2PolarityConfig                    0x0800677b   Thumb Code    22  stm32f10x_tim.o(.text)
    TIM_OC2NPolarityConfig                   0x08006791   Thumb Code    22  stm32f10x_tim.o(.text)
    TIM_OC3PolarityConfig                    0x080067a7   Thumb Code    22  stm32f10x_tim.o(.text)
    TIM_OC3NPolarityConfig                   0x080067bd   Thumb Code    22  stm32f10x_tim.o(.text)
    TIM_OC4PolarityConfig                    0x080067d3   Thumb Code    22  stm32f10x_tim.o(.text)
    TIM_CCxCmd                               0x080067e9   Thumb Code    30  stm32f10x_tim.o(.text)
    TIM_CCxNCmd                              0x08006807   Thumb Code    30  stm32f10x_tim.o(.text)
    TIM_SelectOCxM                           0x08006825   Thumb Code   114  stm32f10x_tim.o(.text)
    TIM_UpdateDisableConfig                  0x08006897   Thumb Code    24  stm32f10x_tim.o(.text)
    TIM_UpdateRequestConfig                  0x080068af   Thumb Code    24  stm32f10x_tim.o(.text)
    TIM_SelectHallSensor                     0x080068c7   Thumb Code    24  stm32f10x_tim.o(.text)
    TIM_SelectOnePulseMode                   0x080068df   Thumb Code    18  stm32f10x_tim.o(.text)
    TIM_SelectOutputTrigger                  0x080068f1   Thumb Code    18  stm32f10x_tim.o(.text)
    TIM_SelectSlaveMode                      0x08006903   Thumb Code    18  stm32f10x_tim.o(.text)
    TIM_SelectMasterSlaveMode                0x08006915   Thumb Code    18  stm32f10x_tim.o(.text)
    TIM_SetCounter                           0x08006927   Thumb Code     4  stm32f10x_tim.o(.text)
    TIM_SetAutoreload                        0x0800692b   Thumb Code     4  stm32f10x_tim.o(.text)
    TIM_SetCompare1                          0x0800692f   Thumb Code     4  stm32f10x_tim.o(.text)
    TIM_SetCompare2                          0x08006933   Thumb Code     4  stm32f10x_tim.o(.text)
    TIM_SetCompare3                          0x08006937   Thumb Code     4  stm32f10x_tim.o(.text)
    TIM_SetCompare4                          0x0800693b   Thumb Code     6  stm32f10x_tim.o(.text)
    TIM_SetClockDivision                     0x08006941   Thumb Code    14  stm32f10x_tim.o(.text)
    TIM_GetCapture1                          0x0800694f   Thumb Code     6  stm32f10x_tim.o(.text)
    TIM_GetCapture2                          0x08006955   Thumb Code     6  stm32f10x_tim.o(.text)
    TIM_GetCapture3                          0x0800695b   Thumb Code     6  stm32f10x_tim.o(.text)
    TIM_GetCapture4                          0x08006961   Thumb Code     8  stm32f10x_tim.o(.text)
    TIM_GetCounter                           0x08006969   Thumb Code     6  stm32f10x_tim.o(.text)
    TIM_GetPrescaler                         0x0800696f   Thumb Code     6  stm32f10x_tim.o(.text)
    TIM_GetFlagStatus                        0x08006975   Thumb Code    18  stm32f10x_tim.o(.text)
    TIM_ClearFlag                            0x08006987   Thumb Code     6  stm32f10x_tim.o(.text)
    TIM_GetITStatus                          0x0800698d   Thumb Code    34  stm32f10x_tim.o(.text)
    TIM_ClearITPendingBit                    0x080069af   Thumb Code     6  stm32f10x_tim.o(.text)
    USART_DeInit                             0x080069b5   Thumb Code   146  stm32f10x_usart.o(.text)
    USART_Init                               0x08006a47   Thumb Code   150  stm32f10x_usart.o(.text)
    USART_StructInit                         0x08006add   Thumb Code    24  stm32f10x_usart.o(.text)
    USART_ClockInit                          0x08006af5   Thumb Code    34  stm32f10x_usart.o(.text)
    USART_ClockStructInit                    0x08006b17   Thumb Code    12  stm32f10x_usart.o(.text)
    USART_Cmd                                0x08006b23   Thumb Code    24  stm32f10x_usart.o(.text)
    USART_ITConfig                           0x08006b3b   Thumb Code    64  stm32f10x_usart.o(.text)
    USART_DMACmd                             0x08006b7b   Thumb Code    24  stm32f10x_usart.o(.text)
    USART_SetAddress                         0x08006b93   Thumb Code    18  stm32f10x_usart.o(.text)
    USART_WakeUpConfig                       0x08006ba5   Thumb Code    18  stm32f10x_usart.o(.text)
    USART_ReceiverWakeUpCmd                  0x08006bb7   Thumb Code    24  stm32f10x_usart.o(.text)
    USART_LINBreakDetectLengthConfig         0x08006bcf   Thumb Code    18  stm32f10x_usart.o(.text)
    USART_LINCmd                             0x08006be1   Thumb Code    24  stm32f10x_usart.o(.text)
    USART_SendData                           0x08006bf9   Thumb Code     8  stm32f10x_usart.o(.text)
    USART_ReceiveData                        0x08006c01   Thumb Code    10  stm32f10x_usart.o(.text)
    USART_SendBreak                          0x08006c0b   Thumb Code    10  stm32f10x_usart.o(.text)
    USART_SetGuardTime                       0x08006c15   Thumb Code    16  stm32f10x_usart.o(.text)
    USART_SetPrescaler                       0x08006c25   Thumb Code    16  stm32f10x_usart.o(.text)
    USART_SmartCardCmd                       0x08006c35   Thumb Code    24  stm32f10x_usart.o(.text)
    USART_SmartCardNACKCmd                   0x08006c4d   Thumb Code    24  stm32f10x_usart.o(.text)
    USART_HalfDuplexCmd                      0x08006c65   Thumb Code    24  stm32f10x_usart.o(.text)
    USART_IrDAConfig                         0x08006c7d   Thumb Code    18  stm32f10x_usart.o(.text)
    USART_IrDACmd                            0x08006c8f   Thumb Code    24  stm32f10x_usart.o(.text)
    USART_GetFlagStatus                      0x08006ca7   Thumb Code    18  stm32f10x_usart.o(.text)
    USART_ClearFlag                          0x08006cb9   Thumb Code     6  stm32f10x_usart.o(.text)
    USART_GetITStatus                        0x08006cbf   Thumb Code    76  stm32f10x_usart.o(.text)
    USART_ClearITPendingBit                  0x08006d0b   Thumb Code    20  stm32f10x_usart.o(.text)
    __aeabi_memcpy                           0x08006d2d   Thumb Code     0  rt_memcpy_v6.o(.text)
    __rt_memcpy                              0x08006d2d   Thumb Code   138  rt_memcpy_v6.o(.text)
    _memcpy_lastbytes                        0x08006d93   Thumb Code     0  rt_memcpy_v6.o(.text)
    __aeabi_memcpy4                          0x08006db7   Thumb Code     0  rt_memcpy_w.o(.text)
    __aeabi_memcpy8                          0x08006db7   Thumb Code     0  rt_memcpy_w.o(.text)
    __rt_memcpy_w                            0x08006db7   Thumb Code   100  rt_memcpy_w.o(.text)
    _memcpy_lastbytes_aligned                0x08006dff   Thumb Code     0  rt_memcpy_w.o(.text)
    __aeabi_memclr                           0x08006e1b   Thumb Code     0  rt_memclr.o(.text)
    __rt_memclr                              0x08006e1b   Thumb Code    68  rt_memclr.o(.text)
    _memset                                  0x08006e1f   Thumb Code     0  rt_memclr.o(.text)
    __aeabi_memclr4                          0x08006e5f   Thumb Code     0  rt_memclr_w.o(.text)
    __aeabi_memclr8                          0x08006e5f   Thumb Code     0  rt_memclr_w.o(.text)
    __rt_memclr_w                            0x08006e5f   Thumb Code    78  rt_memclr_w.o(.text)
    _memset_w                                0x08006e63   Thumb Code     0  rt_memclr_w.o(.text)
    __use_two_region_memory                  0x08006ead   Thumb Code     2  heapauxi.o(.text)
    __rt_heap_escrow$2region                 0x08006eaf   Thumb Code     2  heapauxi.o(.text)
    __rt_heap_expand$2region                 0x08006eb1   Thumb Code     2  heapauxi.o(.text)
    __user_libspace                          0x08006eb5   Thumb Code     8  libspace.o(.text)
    __user_perproc_libspace                  0x08006eb5   Thumb Code     0  libspace.o(.text)
    __user_perthread_libspace                0x08006eb5   Thumb Code     0  libspace.o(.text)
    __user_setup_stackheap                   0x08006ebd   Thumb Code    74  sys_stackheap_outer.o(.text)
    exit                                     0x08006f07   Thumb Code    12  exit.o(.text)
    __rt_fp_status_addr                      0x08006f15   Thumb Code    12  rt_fp_status_addr_intlibspace.o(.text)
    _sys_exit                                0x08006f21   Thumb Code     8  sys_exit.o(.text)
    __I$use$semihosting                      0x08006f2d   Thumb Code     0  use_no_semi.o(.text)
    __use_no_semihosting_swi                 0x08006f2d   Thumb Code     2  use_no_semi.o(.text)
    __ARM_fpclassify                         0x08006f2f   Thumb Code    40  fpclassify.o(i.__ARM_fpclassify)
    __kernel_poly                            0x08006f57   Thumb Code   170  poly.o(i.__kernel_poly)
    __mathlib_dbl_underflow                  0x08007001   Thumb Code    10  dunder.o(i.__mathlib_dbl_underflow)
    atan                                     0x08007011   Thumb Code   480  atan.o(i.atan)
    atan2                                    0x08007235   Thumb Code   346  atan2.o(i.atan2)
    __aeabi_d2f                              0x080073b5   Thumb Code     0  d2f.o(x$fpl$d2f)
    _d2f                                     0x080073b5   Thumb Code    98  d2f.o(x$fpl$d2f)
    __aeabi_dadd                             0x08007419   Thumb Code     0  daddsub_clz.o(x$fpl$dadd)
    _dadd                                    0x08007419   Thumb Code   328  daddsub_clz.o(x$fpl$dadd)
    __fpl_dcheck_NaN1                        0x08007565   Thumb Code    10  dcheck1.o(x$fpl$dcheck1)
    __fpl_dcmp_Inf                           0x08007575   Thumb Code    24  dcmpi.o(x$fpl$dcmpinf)
    __aeabi_ddiv                             0x0800758d   Thumb Code     0  ddiv.o(x$fpl$ddiv)
    _ddiv                                    0x0800758d   Thumb Code   552  ddiv.o(x$fpl$ddiv)
    __aeabi_d2iz                             0x0800783d   Thumb Code     0  dfix.o(x$fpl$dfix)
    _dfix                                    0x0800783d   Thumb Code    94  dfix.o(x$fpl$dfix)
    __aeabi_d2uiz                            0x0800789d   Thumb Code     0  dfixu.o(x$fpl$dfixu)
    _dfixu                                   0x0800789d   Thumb Code    90  dfixu.o(x$fpl$dfixu)
    __aeabi_i2d                              0x080078f7   Thumb Code     0  dflt_clz.o(x$fpl$dflt)
    _dflt                                    0x080078f7   Thumb Code    46  dflt_clz.o(x$fpl$dflt)
    __aeabi_ui2d                             0x08007925   Thumb Code     0  dflt_clz.o(x$fpl$dfltu)
    _dfltu                                   0x08007925   Thumb Code    38  dflt_clz.o(x$fpl$dfltu)
    __aeabi_cdcmple                          0x0800794d   Thumb Code     0  dleqf.o(x$fpl$dleqf)
    _dcmple                                  0x0800794d   Thumb Code   120  dleqf.o(x$fpl$dleqf)
    __fpl_dcmple_InfNaN                      0x080079af   Thumb Code     0  dleqf.o(x$fpl$dleqf)
    __aeabi_dmul                             0x080079c5   Thumb Code     0  dmul.o(x$fpl$dmul)
    _dmul                                    0x080079c5   Thumb Code   332  dmul.o(x$fpl$dmul)
    __fpl_dnaninf                            0x08007b19   Thumb Code   156  dnaninf.o(x$fpl$dnaninf)
    __fpl_dretinf                            0x08007bb5   Thumb Code    12  dretinf.o(x$fpl$dretinf)
    __aeabi_cdrcmple                         0x08007bc1   Thumb Code     0  drleqf.o(x$fpl$drleqf)
    _drcmple                                 0x08007bc1   Thumb Code   108  drleqf.o(x$fpl$drleqf)
    __aeabi_drsub                            0x08007c2d   Thumb Code     0  daddsub_clz.o(x$fpl$drsb)
    _drsb                                    0x08007c2d   Thumb Code    22  daddsub_clz.o(x$fpl$drsb)
    __aeabi_dsub                             0x08007c45   Thumb Code     0  daddsub_clz.o(x$fpl$dsub)
    _dsub                                    0x08007c45   Thumb Code   464  daddsub_clz.o(x$fpl$dsub)
    __aeabi_f2d                              0x08007e19   Thumb Code     0  f2d.o(x$fpl$f2d)
    _f2d                                     0x08007e19   Thumb Code    86  f2d.o(x$fpl$f2d)
    __aeabi_fadd                             0x08007e71   Thumb Code     0  faddsub_clz.o(x$fpl$fadd)
    _fadd                                    0x08007e71   Thumb Code   196  faddsub_clz.o(x$fpl$fadd)
    __fpl_fcmp_Inf                           0x08007f35   Thumb Code    24  fcmpi.o(x$fpl$fcmpinf)
    __aeabi_fdiv                             0x08007f4d   Thumb Code     0  fdiv.o(x$fpl$fdiv)
    _fdiv                                    0x08007f4d   Thumb Code   384  fdiv.o(x$fpl$fdiv)
    __aeabi_f2iz                             0x080080d1   Thumb Code     0  ffix.o(x$fpl$ffix)
    _ffix                                    0x080080d1   Thumb Code    54  ffix.o(x$fpl$ffix)
    __aeabi_f2uiz                            0x08008109   Thumb Code     0  ffixu.o(x$fpl$ffixu)
    _ffixu                                   0x08008109   Thumb Code    62  ffixu.o(x$fpl$ffixu)
    __aeabi_i2f                              0x08008149   Thumb Code     0  fflt_clz.o(x$fpl$fflt)
    _fflt                                    0x08008149   Thumb Code    48  fflt_clz.o(x$fpl$fflt)
    __aeabi_ui2f                             0x08008179   Thumb Code     0  fflt_clz.o(x$fpl$ffltu)
    _ffltu                                   0x08008179   Thumb Code    38  fflt_clz.o(x$fpl$ffltu)
    __aeabi_cfcmple                          0x080081a1   Thumb Code     0  fleqf.o(x$fpl$fleqf)
    _fcmple                                  0x080081a1   Thumb Code   104  fleqf.o(x$fpl$fleqf)
    __fpl_fcmple_InfNaN                      0x080081f3   Thumb Code     0  fleqf.o(x$fpl$fleqf)
    __aeabi_fmul                             0x08008209   Thumb Code     0  fmul.o(x$fpl$fmul)
    _fmul                                    0x08008209   Thumb Code   258  fmul.o(x$fpl$fmul)
    __fpl_fnaninf                            0x0800830b   Thumb Code   140  fnaninf.o(x$fpl$fnaninf)
    _fp_init                                 0x08008397   Thumb Code    14  fpinit.o(x$fpl$fpinit)
    __fplib_config_pureend_doubles           0x080083a3   Thumb Code     0  fpinit.o(x$fpl$fpinit)
    __fpl_fretinf                            0x080083a5   Thumb Code    10  fretinf.o(x$fpl$fretinf)
    __aeabi_cfrcmple                         0x080083af   Thumb Code     0  frleqf.o(x$fpl$frleqf)
    _frcmple                                 0x080083af   Thumb Code    98  frleqf.o(x$fpl$frleqf)
    __aeabi_fsub                             0x08008411   Thumb Code     0  faddsub_clz.o(x$fpl$fsub)
    _fsub                                    0x08008411   Thumb Code   234  faddsub_clz.o(x$fpl$fsub)
    __fpl_return_NaN                         0x080084fb   Thumb Code   100  retnan.o(x$fpl$retnan)
    __ARM_scalbn                             0x0800855f   Thumb Code     0  scalbn.o(x$fpl$scalbn)
    scalbn                                   0x0800855f   Thumb Code    96  scalbn.o(x$fpl$scalbn)
    __fpl_inf_scalbn                         0x080085bd   Thumb Code     0  scalbn.o(x$fpl$scalbn)
    __fpl_cmpreturn                          0x080085bf   Thumb Code    48  trapv.o(x$fpl$trapveneer)
    __I$use$fp                               0x080085ef   Thumb Code     0  usenofp.o(x$fpl$usenofp)
    led_ON_OFF_num                           0x080085ee   Data          24  led.o(.constdata)
    PID_rate                                 0x08008614   Data          24  fc.o(.constdata)
    ADC_Channel_sel                          0x0800862c   Data           1  adc.o(.constdata)
    __mathlib_zero                           0x080086e0   Data           8  qnan.o(.constdata)
    Region$$Table$$Base                      0x080086fc   Number         0  anon$$obj.o(Region$$Table)
    Region$$Table$$Limit                     0x0800871c   Number         0  anon$$obj.o(Region$$Table)
    TimingDelay                              0x20000000   Data           4  main.o(.data)
    delay_2ms_num                            0x20000004   Data           1  stm32f10x_it.o(.data)
    reset                                    0x20000005   Data           1  key.o(.data)
    key                                      0x20000006   Data           1  key.o(.data)
    Uart1_send                               0x20000008   Data          10  com.o(.data)
    char_num                                 0x20000014   Data           4  com.o(.data)
    key_time_rest                            0x20000018   Data           1  rtc_time.o(.data)
    current_time                             0x2000001c   Data           4  rtc_time.o(.data)
    TimeDisplay                              0x20000020   Data           4  rtc_time.o(.data)
    MPU6050_delay                            0x20000024   Data           1  led.o(.data)
    sys_2_5ms_num                            0x20000026   Data           2  led.o(.data)
    check_err                                0x20000028   Data           1  led.o(.data)
    dub_show_delay                           0x2000002a   Data           2  led.o(.data)
    led_delay                                0x2000002c   Data           2  led.o(.data)
    ppm_delay                                0x2000002e   Data           1  led.o(.data)
    led_on_off                               0x2000002f   Data           1  led.o(.data)
    led_on_num                               0x20000030   Data           1  led.o(.data)
    led_off_num                              0x20000031   Data           1  led.o(.data)
    hand_set_1s                              0x20000032   Data           1  led.o(.data)
    hand_set_num                             0x20000034   Data           2  led.o(.data)
    wifi_check_num                           0x20000036   Data           2  led.o(.data)
    AdWertNick                               0x20000038   Data           2  mpu6050.o(.data)
    AdWertRoll                               0x2000003a   Data           2  mpu6050.o(.data)
    AdWertGier                               0x2000003c   Data           2  mpu6050.o(.data)
    AdWertAngRoll                            0x2000003e   Data           2  mpu6050.o(.data)
    AdWertAngNick                            0x20000040   Data           2  mpu6050.o(.data)
    AdWertAngHoch                            0x20000042   Data           2  mpu6050.o(.data)
    MPU6050_en                               0x20000044   Data           1  mpu6050.o(.data)
    MPU6050_read_ok                          0x20000045   Data           1  mpu6050.o(.data)
    AdWert_Nick                              0x20000046   Data           2  mpu6050.o(.data)
    AdWert_Roll                              0x20000048   Data           2  mpu6050.o(.data)
    AdWert_Gier                              0x2000004a   Data           2  mpu6050.o(.data)
    AdWert_AngRoll                           0x2000004c   Data           2  mpu6050.o(.data)
    AdWert_AngNick                           0x2000004e   Data           2  mpu6050.o(.data)
    AdWert_AngHoch                           0x20000050   Data           2  mpu6050.o(.data)
    AngX_mid                                 0x20000052   Data           2  mpu6050.o(.data)
    AngY_mid                                 0x20000054   Data           2  mpu6050.o(.data)
    AngZ_mid                                 0x20000056   Data           2  mpu6050.o(.data)
    AccX_mid                                 0x20000058   Data           2  mpu6050.o(.data)
    AccY_mid                                 0x2000005a   Data           2  mpu6050.o(.data)
    AccZ_mid                                 0x2000005c   Data           2  mpu6050.o(.data)
    mpu6050_star                             0x2000005e   Data           1  mpu6050.o(.data)
    Motor_front                              0x20000060   Data           2  fc.o(.data)
    Motor_back                               0x20000062   Data           2  fc.o(.data)
    Motor_left                               0x20000064   Data           2  fc.o(.data)
    Motor_right                              0x20000066   Data           2  fc.o(.data)
    Nick_mid                                 0x20000068   Data           1  fc.o(.data)
    Roll_mid                                 0x20000069   Data           1  fc.o(.data)
    Gier_mid                                 0x2000006a   Data           1  fc.o(.data)
    Main_ERR                                 0x2000006b   Data           1  fc.o(.data)
    sys_star_ok                              0x2000006c   Data           1  fc.o(.data)
    Target_angle                             0x2000006e   Data           2  fc.o(.data)
    GAS_P                                    0x20000070   Data           4  fc.o(.data)
    batt_P                                   0x20000074   Data           4  fc.o(.data)
    bat_tem                                  0x20000078   Data           4  fc.o(.data)
    bat                                      0x2000007c   Data           2  fc.o(.data)
    bat_chk                                  0x2000007e   Data           2  fc.o(.data)
    bat_gas                                  0x20000080   Data           1  fc.o(.data)
    gas_delay                                0x20000081   Data           1  fc.o(.data)
    hand_set_in                              0x20000082   Data           1  fc.o(.data)
    dub_show_en                              0x20000083   Data           1  fc.o(.data)
    ms_2_en                                  0x20000084   Data           1  fc.o(.data)
    wifi_RFok_num                            0x20000085   Data           1  fc.o(.data)
    wifi_ctrl                                0x20000086   Data           1  fc.o(.data)
    RF_ctrl_num                              0x20000087   Data           1  fc.o(.data)
    PPM_open                                 0x20000088   Data           1  fc.o(.data)
    ppm_ok_old                               0x20000089   Data           1  fc.o(.data)
    max_Gier                                 0x2000008a   Data           1  fc.o(.data)
    max_Nick                                 0x2000008b   Data           1  fc.o(.data)
    max_Roll                                 0x2000008c   Data           1  fc.o(.data)
    RUN                                      0x2000008e   Data           8  fc.o(.data)
    W_PPM                                    0x20000096   Data           5  fc.o(.data)
    dub_show                                 0x2000009c   Data           8  fc.o(.data)
    x                                        0x200000a8   Data           2  hmc5883.o(.data)
    y                                        0x200000aa   Data           2  hmc5883.o(.data)
    z                                        0x200000ac   Data           2  hmc5883.o(.data)
    HMC5883_maxx                             0x200000ae   Data           2  hmc5883.o(.data)
    HMC5883_maxy                             0x200000b0   Data           2  hmc5883.o(.data)
    HMC5883_maxz                             0x200000b2   Data           2  hmc5883.o(.data)
    HMC5883_minx                             0x200000b4   Data           2  hmc5883.o(.data)
    HMC5883_miny                             0x200000b6   Data           2  hmc5883.o(.data)
    HMC5883_minz                             0x200000b8   Data           2  hmc5883.o(.data)
    HMC5883_Run                              0x200000ba   Data           1  hmc5883.o(.data)
    HMC5883_newdata                          0x200000bb   Data           1  hmc5883.o(.data)
    HMC5883_new_datain                       0x200000bc   Data           1  hmc5883.o(.data)
    HMC5883_data                             0x200000be   Data           2  hmc5883.o(.data)
    HMC5883_check_num                        0x200000c0   Data           1  hmc5883.o(.data)
    HMC5883_err_mark                         0x200000c1   Data           1  hmc5883.o(.data)
    y_scale                                  0x200000c8   Data           8  hmc5883.o(.data)
    x_max                                    0x200000d0   Data           4  hmc5883.o(.data)
    y_max                                    0x200000d4   Data           4  hmc5883.o(.data)
    z_max                                    0x200000d8   Data           4  hmc5883.o(.data)
    HMC5883_lastx                            0x200000dc   Data           4  hmc5883.o(.data)
    HMC5883_lasty                            0x200000e0   Data           4  hmc5883.o(.data)
    HMC5883_lastz                            0x200000e4   Data           4  hmc5883.o(.data)
    vbuff                                    0x200000e8   Data           6  hmc5883.o(.data)
    angle_tem                                0x200000f0   Data           8  hmc5883.o(.data)
    adc_new_ok                               0x200000f8   Data           1  adc.o(.data)
    batt_new_data                            0x200000fa   Data           2  adc.o(.data)
    batt                                     0x200000fc   Data           2  adc.o(.data)
    work_channel                             0x200000fe   Data           1  adc.o(.data)
    ADC_Channel_data                         0x20000100   Data           2  adc.o(.data)
    set_rx_en                                0x20000102   Data           1  wifi_703n.o(.data)
    tim_ppm_num                              0x20000104   Data           1  ppm_parallel.o(.data)
    ppm_data_ok                              0x20000105   Data           1  ppm_parallel.o(.data)
    PPMx_pin                                 0x20000108   Data          16  ppm_parallel.o(.data)
    no_ppmin                                 0x20000118   Data           2  ppm_parallel.o(.data)
    PPM_check                                0x2000011a   Data           4  ppm_parallel.o(.data)
    ppm_in                                   0x2000011e   Data           4  ppm_parallel.o(.data)
    buffer                                   0x2000012c   Data          14  mpu6050.o(.bss)
    sensor_6050in_old                        0x2000013a   Data          18  mpu6050.o(.bss)
    S0_6050                                  0x2000014c   Data          24  mpu6050.o(.bss)
    corr_6050                                0x20000164   Data          24  mpu6050.o(.bss)
    PPM                                      0x2000017c   Data          10  fc.o(.bss)
    Int                                      0x20000188   Data          16  fc.o(.bss)
    LInt                                     0x20000198   Data          16  fc.o(.bss)
    angInt                                   0x200001a8   Data          16  fc.o(.bss)
    Lcom                                     0x200001b8   Data          16  fc.o(.bss)
    err_numP                                 0x200001c8   Data          16  fc.o(.bss)
    err_numN                                 0x200001d8   Data          16  fc.o(.bss)
    angInt_old                               0x200001e8   Data          16  fc.o(.bss)
    Gier_Int                                 0x200001f8   Data          16  fc.o(.bss)
    PInt                                     0x20000208   Data          16  fc.o(.bss)
    CInt                                     0x20000218   Data          16  fc.o(.bss)
    Cdif                                     0x20000228   Data          16  fc.o(.bss)
    C_6050                                   0x20000238   Data          24  fc.o(.bss)
    PID                                      0x20000250   Data          44  fc.o(.bss)
    PID_out                                  0x2000027c   Data          24  fc.o(.bss)
    S_6050                                   0x20000294   Data          24  fc.o(.bss)
    UT3_RX                                   0x200002ac   Data          38  wifi_703n.o(.bss)
    PPM_TIM_coun                             0x200002d4   Data          16  ppm_parallel.o(.bss)
    __libspace_start                         0x200002e4   Data          96  libspace.o(.bss)
    __temporary_stack_top$libspace           0x20000344   Data           0  libspace.o(.bss)



==============================================================================

Memory Map of the image

  Image Entry point : 0x08000131

  Load Region LR_IROM1 (Base: 0x08000000, Size: 0x00008848, Max: 0x00010000, ABSOLUTE, COMPRESSED[0x00008754])

    Execution Region ER_IROM1 (Base: 0x08000000, Size: 0x0000871c, Max: 0x00010000, ABSOLUTE)

    Base Addr    Size         Type   Attr      Idx    E Section Name        Object

    0x08000000   0x00000130   Data   RO            8    RESET               stm32f10x_vector.o
    0x08000130   0x00000008   Code   RO          712  * !!!main             c_w.l(__main.o)(c_w.l)
    0x08000138   0x00000034   Code   RO         1002    !!!scatter          c_w.l(__scatter.o)(c_w.l)
    0x0800016c   0x0000005a   Code   RO         1000    !!dczerorl2         c_w.l(__dczerorl2.o)(c_w.l)
    0x080001c6   0x00000002   PAD
    0x080001c8   0x0000001c   Code   RO         1004    !!handler_zi        c_w.l(__scatter_zi.o)(c_w.l)
    0x080001e4   0x00000006   Code   RO          867    .ARM.Collect$$libinit$$00000000  c_w.l(libinit.o)(c_w.l)
    0x080001ea   0x00000000   Code   RO          874    .ARM.Collect$$libinit$$00000006  c_w.l(libinit2.o)(c_w.l)
    0x080001ea   0x00000000   Code   RO          876    .ARM.Collect$$libinit$$00000008  c_w.l(libinit2.o)(c_w.l)
    0x080001ea   0x00000000   Code   RO          878    .ARM.Collect$$libinit$$0000000A  c_w.l(libinit2.o)(c_w.l)
    0x080001ea   0x00000000   Code   RO          881    .ARM.Collect$$libinit$$0000000D  c_w.l(libinit2.o)(c_w.l)
    0x080001ea   0x00000000   Code   RO          883    .ARM.Collect$$libinit$$0000000F  c_w.l(libinit2.o)(c_w.l)
    0x080001ea   0x00000000   Code   RO          885    .ARM.Collect$$libinit$$00000011  c_w.l(libinit2.o)(c_w.l)
    0x080001ea   0x00000000   Code   RO          887    .ARM.Collect$$libinit$$00000013  c_w.l(libinit2.o)(c_w.l)
    0x080001ea   0x00000000   Code   RO          889    .ARM.Collect$$libinit$$00000015  c_w.l(libinit2.o)(c_w.l)
    0x080001ea   0x00000000   Code   RO          891    .ARM.Collect$$libinit$$00000017  c_w.l(libinit2.o)(c_w.l)
    0x080001ea   0x00000000   Code   RO          893    .ARM.Collect$$libinit$$00000019  c_w.l(libinit2.o)(c_w.l)
    0x080001ea   0x00000000   Code   RO          895    .ARM.Collect$$libinit$$0000001B  c_w.l(libinit2.o)(c_w.l)
    0x080001ea   0x00000000   Code   RO          897    .ARM.Collect$$libinit$$0000001D  c_w.l(libinit2.o)(c_w.l)
    0x080001ea   0x00000000   Code   RO          899    .ARM.Collect$$libinit$$0000001F  c_w.l(libinit2.o)(c_w.l)
    0x080001ea   0x00000000   Code   RO          901    .ARM.Collect$$libinit$$00000021  c_w.l(libinit2.o)(c_w.l)
    0x080001ea   0x00000000   Code   RO          905    .ARM.Collect$$libinit$$00000028  c_w.l(libinit2.o)(c_w.l)
    0x080001ea   0x00000000   Code   RO          907    .ARM.Collect$$libinit$$0000002A  c_w.l(libinit2.o)(c_w.l)
    0x080001ea   0x00000000   Code   RO          909    .ARM.Collect$$libinit$$0000002C  c_w.l(libinit2.o)(c_w.l)
    0x080001ea   0x00000000   Code   RO          911    .ARM.Collect$$libinit$$0000002E  c_w.l(libinit2.o)(c_w.l)
    0x080001ea   0x00000002   Code   RO          912    .ARM.Collect$$libinit$$0000002F  c_w.l(libinit2.o)(c_w.l)
    0x080001ec   0x00000002   Code   RO          942    .ARM.Collect$$libshutdown$$00000000  c_w.l(libshutdown.o)(c_w.l)
    0x080001ee   0x00000000   Code   RO          955    .ARM.Collect$$libshutdown$$00000003  c_w.l(libshutdown2.o)(c_w.l)
    0x080001ee   0x00000000   Code   RO          958    .ARM.Collect$$libshutdown$$00000006  c_w.l(libshutdown2.o)(c_w.l)
    0x080001ee   0x00000000   Code   RO          961    .ARM.Collect$$libshutdown$$00000009  c_w.l(libshutdown2.o)(c_w.l)
    0x080001ee   0x00000000   Code   RO          963    .ARM.Collect$$libshutdown$$0000000B  c_w.l(libshutdown2.o)(c_w.l)
    0x080001ee   0x00000000   Code   RO          966    .ARM.Collect$$libshutdown$$0000000E  c_w.l(libshutdown2.o)(c_w.l)
    0x080001ee   0x00000002   Code   RO          967    .ARM.Collect$$libshutdown$$0000000F  c_w.l(libshutdown2.o)(c_w.l)
    0x080001f0   0x00000000   Code   RO          786    .ARM.Collect$$rtentry$$00000000  c_w.l(rtentry.o)(c_w.l)
    0x080001f0   0x00000000   Code   RO          818    .ARM.Collect$$rtentry$$00000002  c_w.l(rtentry2.o)(c_w.l)
    0x080001f0   0x00000006   Code   RO          833    .ARM.Collect$$rtentry$$00000004  c_w.l(rtentry4.o)(c_w.l)
    0x080001f6   0x00000000   Code   RO          820    .ARM.Collect$$rtentry$$00000009  c_w.l(rtentry2.o)(c_w.l)
    0x080001f6   0x00000004   Code   RO          821    .ARM.Collect$$rtentry$$0000000A  c_w.l(rtentry2.o)(c_w.l)
    0x080001fa   0x00000000   Code   RO          823    .ARM.Collect$$rtentry$$0000000C  c_w.l(rtentry2.o)(c_w.l)
    0x080001fa   0x00000008   Code   RO          824    .ARM.Collect$$rtentry$$0000000D  c_w.l(rtentry2.o)(c_w.l)
    0x08000202   0x00000002   Code   RO          870    .ARM.Collect$$rtexit$$00000000  c_w.l(rtexit.o)(c_w.l)
    0x08000204   0x00000000   Code   RO          918    .ARM.Collect$$rtexit$$00000002  c_w.l(rtexit2.o)(c_w.l)
    0x08000204   0x00000004   Code   RO          919    .ARM.Collect$$rtexit$$00000003  c_w.l(rtexit2.o)(c_w.l)
    0x08000208   0x00000006   Code   RO          920    .ARM.Collect$$rtexit$$00000004  c_w.l(rtexit2.o)(c_w.l)
    0x0800020e   0x00000002   PAD
    0x08000210   0x0000007a   Code   RO            1    .text               cortexm3_macro.o
    0x0800028a   0x00000002   PAD
    0x0800028c   0x00000024   Code   RO            9    .text               stm32f10x_vector.o
    0x080002b0   0x00000154   Code   RO           13    .text               main.o
    0x08000404   0x00000350   Code   RO          195    .text               stm32f10x_it.o
    0x08000754   0x00000098   Code   RO          210    .text               key.o
    0x080007ec   0x000002e4   Code   RO          228    .text               com.o
    0x08000ad0   0x000004de   Code   RO          266    .text               ioi2c.o
    0x08000fae   0x0000004c   Code   RO          278    .text               delay.o
    0x08000ffa   0x00000002   PAD
    0x08000ffc   0x00000144   Code   RO          290    .text               moto-tim.o
    0x08001140   0x00000218   Code   RO          302    .text               led.o
    0x08001358   0x0000039c   Code   RO          321    .text               eeprom.o
    0x080016f4   0x00000990   Code   RO          334    .text               mpu6050.o
    0x08002084   0x0000145c   Code   RO          358    .text               fc.o
    0x080034e0   0x00000864   Code   RO          379    .text               hmc5883.o
    0x08003d44   0x00000044   Code   RO          397    .text               my_math.o
    0x08003d88   0x00000154   Code   RO          409    .text               adc.o
    0x08003edc   0x000004b0   Code   RO          428    .text               wifi_703n.o
    0x0800438c   0x000002a0   Code   RO          447    .text               ppm_parallel.o
    0x0800462c   0x00000434   Code   RO          467    .text               stm32f10x_adc.o
    0x08004a60   0x00000160   Code   RO          539    .text               stm32f10x_exti.o
    0x08004bc0   0x00000534   Code   RO          551    .text               stm32f10x_flash.o
    0x080050f4   0x0000032c   Code   RO          563    .text               stm32f10x_gpio.o
    0x08005420   0x00000458   Code   RO          584    .text               stm32f10x_nvic.o
    0x08005878   0x000003b8   Code   RO          608    .text               stm32f10x_rcc.o
    0x08005c30   0x00000178   Code   RO          623    .text               stm32f10x_rtc.o
    0x08005da8   0x000000c2   Code   RO          647    .text               stm32f10x_systick.o
    0x08005e6a   0x00000002   PAD
    0x08005e6c   0x00000b48   Code   RO          659    .text               stm32f10x_tim.o
    0x080069b4   0x00000378   Code   RO          671    .text               stm32f10x_usart.o
    0x08006d2c   0x0000008a   Code   RO          697    .text               c_w.l(rt_memcpy_v6.o)(c_w.l)
    0x08006db6   0x00000064   Code   RO          699    .text               c_w.l(rt_memcpy_w.o)(c_w.l)
    0x08006e1a   0x00000044   Code   RO          701    .text               c_w.l(rt_memclr.o)(c_w.l)
    0x08006e5e   0x0000004e   Code   RO          703    .text               c_w.l(rt_memclr_w.o)(c_w.l)
    0x08006eac   0x00000006   Code   RO          710    .text               c_w.l(heapauxi.o)(c_w.l)
    0x08006eb2   0x00000002   PAD
    0x08006eb4   0x00000008   Code   RO          854    .text               c_w.l(libspace.o)(c_w.l)
    0x08006ebc   0x0000004a   Code   RO          857    .text               c_w.l(sys_stackheap_outer.o)(c_w.l)
    0x08006f06   0x0000000c   Code   RO          859    .text               c_w.l(exit.o)(c_w.l)
    0x08006f12   0x00000002   PAD
    0x08006f14   0x0000000c   Code   RO          928    .text               c_w.l(rt_fp_status_addr_intlibspace.o)(c_w.l)
    0x08006f20   0x0000000c   Code   RO          934    .text               c_w.l(sys_exit.o)(c_w.l)
    0x08006f2c   0x00000002   Code   RO          945    .text               c_w.l(use_no_semi.o)(c_w.l)
    0x08006f2e   0x00000028   Code   RO          850    i.__ARM_fpclassify  m_ws.l(fpclassify.o)(m_ws.l)
    0x08006f56   0x000000aa   Code   RO          852    i.__kernel_poly     m_ws.l(poly.o)(m_ws.l)
    0x08007000   0x00000010   Code   RO          848    i.__mathlib_dbl_underflow  m_ws.l(dunder.o)(m_ws.l)
    0x08007010   0x00000224   Code   RO          807    i.atan              m_ws.l(atan.o)(m_ws.l)
    0x08007234   0x00000180   Code   RO          779    i.atan2             m_ws.l(atan2.o)(m_ws.l)
    0x080073b4   0x00000062   Code   RO          714    x$fpl$d2f           fz_ws.l(d2f.o)(fz_ws.l)
    0x08007416   0x00000002   PAD
    0x08007418   0x0000014c   Code   RO          716    x$fpl$dadd          fz_ws.l(daddsub_clz.o)(fz_ws.l)
    0x08007564   0x00000010   Code   RO          868    x$fpl$dcheck1       fz_ws.l(dcheck1.o)(fz_ws.l)
    0x08007574   0x00000018   Code   RO          793    x$fpl$dcmpinf       fz_ws.l(dcmpi.o)(fz_ws.l)
    0x0800758c   0x000002b0   Code   RO          723    x$fpl$ddiv          fz_ws.l(ddiv.o)(fz_ws.l)
    0x0800783c   0x0000005e   Code   RO          726    x$fpl$dfix          fz_ws.l(dfix.o)(fz_ws.l)
    0x0800789a   0x00000002   PAD
    0x0800789c   0x0000005a   Code   RO          730    x$fpl$dfixu         fz_ws.l(dfixu.o)(fz_ws.l)
    0x080078f6   0x0000002e   Code   RO          735    x$fpl$dflt          fz_ws.l(dflt_clz.o)(fz_ws.l)
    0x08007924   0x00000026   Code   RO          734    x$fpl$dfltu         fz_ws.l(dflt_clz.o)(fz_ws.l)
    0x0800794a   0x00000002   PAD
    0x0800794c   0x00000078   Code   RO          740    x$fpl$dleqf         fz_ws.l(dleqf.o)(fz_ws.l)
    0x080079c4   0x00000154   Code   RO          742    x$fpl$dmul          fz_ws.l(dmul.o)(fz_ws.l)
    0x08007b18   0x0000009c   Code   RO          795    x$fpl$dnaninf       fz_ws.l(dnaninf.o)(fz_ws.l)
    0x08007bb4   0x0000000c   Code   RO          797    x$fpl$dretinf       fz_ws.l(dretinf.o)(fz_ws.l)
    0x08007bc0   0x0000006c   Code   RO          744    x$fpl$drleqf        fz_ws.l(drleqf.o)(fz_ws.l)
    0x08007c2c   0x00000016   Code   RO          717    x$fpl$drsb          fz_ws.l(daddsub_clz.o)(fz_ws.l)
    0x08007c42   0x00000002   PAD
    0x08007c44   0x000001d4   Code   RO          718    x$fpl$dsub          fz_ws.l(daddsub_clz.o)(fz_ws.l)
    0x08007e18   0x00000056   Code   RO          746    x$fpl$f2d           fz_ws.l(f2d.o)(fz_ws.l)
    0x08007e6e   0x00000002   PAD
    0x08007e70   0x000000c4   Code   RO          748    x$fpl$fadd          fz_ws.l(faddsub_clz.o)(fz_ws.l)
    0x08007f34   0x00000018   Code   RO          799    x$fpl$fcmpinf       fz_ws.l(fcmpi.o)(fz_ws.l)
    0x08007f4c   0x00000184   Code   RO          755    x$fpl$fdiv          fz_ws.l(fdiv.o)(fz_ws.l)
    0x080080d0   0x00000036   Code   RO          758    x$fpl$ffix          fz_ws.l(ffix.o)(fz_ws.l)
    0x08008106   0x00000002   PAD
    0x08008108   0x0000003e   Code   RO          762    x$fpl$ffixu         fz_ws.l(ffixu.o)(fz_ws.l)
    0x08008146   0x00000002   PAD
    0x08008148   0x00000030   Code   RO          767    x$fpl$fflt          fz_ws.l(fflt_clz.o)(fz_ws.l)
    0x08008178   0x00000026   Code   RO          766    x$fpl$ffltu         fz_ws.l(fflt_clz.o)(fz_ws.l)
    0x0800819e   0x00000002   PAD
    0x080081a0   0x00000068   Code   RO          772    x$fpl$fleqf         fz_ws.l(fleqf.o)(fz_ws.l)
    0x08008208   0x00000102   Code   RO          774    x$fpl$fmul          fz_ws.l(fmul.o)(fz_ws.l)
    0x0800830a   0x0000008c   Code   RO          801    x$fpl$fnaninf       fz_ws.l(fnaninf.o)(fz_ws.l)
    0x08008396   0x0000000e   Code   RO          913    x$fpl$fpinit        fz_ws.l(fpinit.o)(fz_ws.l)
    0x080083a4   0x0000000a   Code   RO          803    x$fpl$fretinf       fz_ws.l(fretinf.o)(fz_ws.l)
    0x080083ae   0x00000062   Code   RO          776    x$fpl$frleqf        fz_ws.l(frleqf.o)(fz_ws.l)
    0x08008410   0x000000ea   Code   RO          750    x$fpl$fsub          fz_ws.l(faddsub_clz.o)(fz_ws.l)
    0x080084fa   0x00000064   Code   RO          915    x$fpl$retnan        fz_ws.l(retnan.o)(fz_ws.l)
    0x0800855e   0x00000060   Code   RO          843    x$fpl$scalbn        fz_ws.l(scalbn.o)(fz_ws.l)
    0x080085be   0x00000030   Code   RO          932    x$fpl$trapveneer    fz_ws.l(trapv.o)(fz_ws.l)
    0x080085ee   0x00000000   Code   RO          805    x$fpl$usenofp       fz_ws.l(usenofp.o)(fz_ws.l)
    0x080085ee   0x00000018   Data   RO          303    .constdata          led.o
    0x08008606   0x00000002   PAD
    0x08008608   0x0000000c   Data   RO          322    .constdata          eeprom.o
    0x08008614   0x00000018   Data   RO          360    .constdata          fc.o
    0x0800862c   0x00000001   Data   RO          410    .constdata          adc.o
    0x0800862d   0x00000014   Data   RO          609    .constdata          stm32f10x_rcc.o
    0x08008641   0x00000007   PAD
    0x08008648   0x00000098   Data   RO          808    .constdata          m_ws.l(atan.o)(m_ws.l)
    0x080086e0   0x00000008   Data   RO          816    .constdata          m_ws.l(qnan.o)(m_ws.l)
    0x080086e8   0x00000011   Data   RO          229    .conststring        com.o
    0x080086f9   0x00000003   PAD
    0x080086fc   0x00000020   Data   RO          998    Region$$Table       anon$$obj.o


    Execution Region RW_IRAM1 (Base: 0x20000000, Size: 0x00000b48, Max: 0x00005000, ABSOLUTE, COMPRESSED[0x00000038])

    Base Addr    Size         Type   Attr      Idx    E Section Name        Object

    0x20000000   0x00000004   Data   RW           14    .data               main.o
    0x20000004   0x00000001   Data   RW          196    .data               stm32f10x_it.o
    0x20000005   0x00000002   Data   RW          211    .data               key.o
    0x20000007   0x00000001   PAD
    0x20000008   0x00000010   Data   RW          230    .data               com.o
    0x20000018   0x0000000c   Data   RW          249    .data               rtc_time.o
    0x20000024   0x00000014   Data   RW          304    .data               led.o
    0x20000038   0x00000027   Data   RW          336    .data               mpu6050.o
    0x2000005f   0x00000001   PAD
    0x20000060   0x00000044   Data   RW          361    .data               fc.o
    0x200000a4   0x00000004   PAD
    0x200000a8   0x00000050   Data   RW          380    .data               hmc5883.o
    0x200000f8   0x0000000a   Data   RW          411    .data               adc.o
    0x20000102   0x00000001   Data   RW          430    .data               wifi_703n.o
    0x20000103   0x00000001   PAD
    0x20000104   0x0000001e   Data   RW          449    .data               ppm_parallel.o
    0x20000122   0x00000002   PAD
    0x20000124   0x00000005   Data   RW          610    .data               stm32f10x_rcc.o
    0x20000129   0x00000003   PAD
    0x2000012c   0x00000050   Zero   RW          335    .bss                mpu6050.o
    0x2000017c   0x00000130   Zero   RW          359    .bss                fc.o
    0x200002ac   0x00000026   Zero   RW          429    .bss                wifi_703n.o
    0x200002d2   0x00000002   PAD
    0x200002d4   0x00000010   Zero   RW          448    .bss                ppm_parallel.o
    0x200002e4   0x00000060   Zero   RW          855    .bss                c_w.l(libspace.o)(c_w.l)
    0x20000344   0x00000004   PAD
    0x20000348   0x00000400   Zero   RW            7    HEAP                stm32f10x_vector.o
    0x20000748   0x00000400   Zero   RW            6    STACK               stm32f10x_vector.o


==============================================================================

Image component sizes


      Code (inc. data)   RO Data    RW Data    ZI Data      Debug   Object Name

       340         28          1         10          0          0   adc.o
       740         22         17         16          0          0   com.o
       122          0          0          0          0          0   cortexm3_macro.o
        76          0          0          0          0          0   delay.o
       924        152         12          0          0          0   eeprom.o
      5212        618         24         68        304          0   fc.o
      2148        312          0         80          0          0   hmc5883.o
      1246         30          0          0          0          0   ioi2c.o
       152         10          0          2          0          0   key.o
       536         90         24         20          0          0   led.o
       340         44          0          4          0          0   main.o
       324         26          0          0          0          0   moto-tim.o
      2448        462          0         39         80          0   mpu6050.o
        68          0          0          0          0          0   my_math.o
       672         28          0         30         16          0   ppm_parallel.o
         0          0          0         12          0          0   rtc_time.o
      1076         28          0          0          0          0   stm32f10x_adc.o
       352         34          0          0          0          0   stm32f10x_exti.o
      1332         50          0          0          0          0   stm32f10x_flash.o
       812         18          0          0          0          0   stm32f10x_gpio.o
       848         86          0          1          0          0   stm32f10x_it.o
      1112         78          0          0          0          0   stm32f10x_nvic.o
       952         60         20          5          0          0   stm32f10x_rcc.o
       376         32          0          0          0          0   stm32f10x_rtc.o
       194          0          0          0          0          0   stm32f10x_systick.o
      2888         16          0          0          0          0   stm32f10x_tim.o
       888         14          0          0          0          0   stm32f10x_usart.o
        36         22        304          0       2048          0   stm32f10x_vector.o
      1200         32          0          1         38          0   wifi_703n.o

    ----------------------------------------------------------------------
     27420       2292        446        300       2488          0   Object Totals
         0          0         32          0          0          0   (incl. Generated)
         6          0         12         12          2          3   (incl. Padding)

    ----------------------------------------------------------------------

      Code (inc. data)   RO Data    RW Data    ZI Data      Debug   Library Member Name

        90          0          0          0          0          0   __dczerorl2.o
         8          0          0          0          0          0   __main.o
        52          8          0          0          0          0   __scatter.o
        28          0          0          0          0          0   __scatter_zi.o
        12          0          0          0          0          0   exit.o
         6          0          0          0          0          0   heapauxi.o
         6          0          0          0          0          0   libinit.o
         2          0          0          0          0          0   libinit2.o
         2          0          0          0          0          0   libshutdown.o
         2          0          0          0          0          0   libshutdown2.o
         8          4          0          0         96          0   libspace.o
        12          4          0          0          0          0   rt_fp_status_addr_intlibspace.o
        68          0          0          0          0          0   rt_memclr.o
        78          0          0          0          0          0   rt_memclr_w.o
       138          0          0          0          0          0   rt_memcpy_v6.o
       100          0          0          0          0          0   rt_memcpy_w.o
         0          0          0          0          0          0   rtentry.o
        12          0          0          0          0          0   rtentry2.o
         6          0          0          0          0          0   rtentry4.o
         2          0          0          0          0          0   rtexit.o
        10          0          0          0          0          0   rtexit2.o
        12          4          0          0          0          0   sys_exit.o
        74          0          0          0          0          0   sys_stackheap_outer.o
         2          0          0          0          0          0   use_no_semi.o
        98          4          0          0          0          0   d2f.o
       822         16          0          0          0          0   daddsub_clz.o
        16          4          0          0          0          0   dcheck1.o
        24          0          0          0          0          0   dcmpi.o
       688        140          0          0          0          0   ddiv.o
        94          4          0          0          0          0   dfix.o
        90          4          0          0          0          0   dfixu.o
        84          0          0          0          0          0   dflt_clz.o
       120          4          0          0          0          0   dleqf.o
       340         12          0          0          0          0   dmul.o
       156          4          0          0          0          0   dnaninf.o
        12          0          0          0          0          0   dretinf.o
       108          0          0          0          0          0   drleqf.o
        86          4          0          0          0          0   f2d.o
       430          8          0          0          0          0   faddsub_clz.o
        24          0          0          0          0          0   fcmpi.o
       388         76          0          0          0          0   fdiv.o
        54          4          0          0          0          0   ffix.o
        62          4          0          0          0          0   ffixu.o
        86          0          0          0          0          0   fflt_clz.o
       104          4          0          0          0          0   fleqf.o
       258          4          0          0          0          0   fmul.o
       140          4          0          0          0          0   fnaninf.o
        14          0          0          0          0          0   fpinit.o
        10          0          0          0          0          0   fretinf.o
        98          0          0          0          0          0   frleqf.o
       100          0          0          0          0          0   retnan.o
        96          0          0          0          0          0   scalbn.o
        48          0          0          0          0          0   trapv.o
         0          0          0          0          0          0   usenofp.o
       548         68        152          0          0          0   atan.o
       384         38          0          0          0          0   atan2.o
        16          6          0          0          0          0   dunder.o
        40          0          0          0          0          0   fpclassify.o
       170          0          0          0          0          0   poly.o
         0          0          8          0          0          0   qnan.o

    ----------------------------------------------------------------------
      6562        432        160          0        100          0   Library Totals
        24          0          0          0          4          0   (incl. Padding)

    ----------------------------------------------------------------------

      Code (inc. data)   RO Data    RW Data    ZI Data      Debug   Library Name

       730         20          0          0         96        936   c_w.l
      4650        300          0          0          0       2932   fz_ws.l
      1158        112        160          0          0        504   m_ws.l

    ----------------------------------------------------------------------
      6562        432        160          0        100          0   Library Totals

    ----------------------------------------------------------------------

==============================================================================


      Code (inc. data)   RO Data    RW Data    ZI Data      Debug   

     33982       2724        606        300       2588     239120   Grand Totals
     33982       2724        606         56       2588     239120   ELF Image Totals (compressed)
     33982       2724        606         56          0          0   ROM Totals

==============================================================================

    Total RO  Size (Code + RO Data)                34588 (  33.78kB)
    Total RW  Size (RW Data + ZI Data)              2888 (   2.82kB)
    Total ROM Size (Code + RO Data + RW Data)      34644 (  33.83kB)

==============================================================================

