<!doctype html public "-//w3c//dtd html 4.0 transitional//en">
<html><head>
<title>Static Call Graph - [.\obj\TFT_LCD.axf]</title></head>
<body><HR>
<H1>Static Call Graph for image .\obj\TFT_LCD.axf</H1><HR>
<BR><P>#&#060CALLGRAPH&#062# ARM Linker, 4.1 [Build 481]: Last Updated: Thu Nov 21 18:07:19 2013
<BR><P>
<H3>Maximum Stack Usage =       2176 bytes + Unknown(Functions without stacksize, Untraceable Function Pointers)</H3><H3>
Call chain for Maximum Stack Depth:</H3>
__rt_entry_main &rArr; main &rArr; fly_main &rArr; handset_Reply &rArr; e2rom_StrPID_write &rArr; MemWriteByte &rArr; FLASH_ProgramHalfWord &rArr; FLASH_WaitForLastOperation
<P>
<H3>
Functions with no stack information
</H3><UL>
 <LI><a href="#[1a8]">__WFI</a>
 <LI><a href="#[1a9]">__WFE</a>
 <LI><a href="#[1aa]">__SEV</a>
 <LI><a href="#[1ab]">__ISB</a>
 <LI><a href="#[1ac]">__DSB</a>
 <LI><a href="#[1ad]">__DMB</a>
 <LI><a href="#[1ae]">__SVC</a>
 <LI><a href="#[1af]">__MRS_CONTROL</a>
 <LI><a href="#[1b0]">__MSR_CONTROL</a>
 <LI><a href="#[1b1]">__MRS_PSP</a>
 <LI><a href="#[1b2]">__MSR_PSP</a>
 <LI><a href="#[1b3]">__MRS_MSP</a>
 <LI><a href="#[1b4]">__MSR_MSP</a>
 <LI><a href="#[137]">__RESETPRIMASK</a>
 <LI><a href="#[135]">__SETPRIMASK</a>
 <LI><a href="#[1b5]">__READ_PRIMASK</a>
 <LI><a href="#[138]">__SETFAULTMASK</a>
 <LI><a href="#[139]">__RESETFAULTMASK</a>
 <LI><a href="#[1b6]">__READ_FAULTMASK</a>
 <LI><a href="#[13b]">__BASEPRICONFIG</a>
 <LI><a href="#[13d]">__GetBASEPRI</a>
 <LI><a href="#[1b7]">__REV_HalfWord</a>
 <LI><a href="#[1b8]">__REV_Word</a>
 <LI><a href="#[15b]">__user_initial_stackheap</a>
</UL>
</UL>
<P>
<H3>
Function Pointers
</H3><UL>
 <LI><a href="#[2]">PPM1_pin</a> from ppm_parallel.o(.text) referenced 2 times from ppm_parallel.o(.data)
 <LI><a href="#[3]">PPM2_pin</a> from ppm_parallel.o(.text) referenced 2 times from ppm_parallel.o(.data)
 <LI><a href="#[4]">PPM3_pin</a> from ppm_parallel.o(.text) referenced 2 times from ppm_parallel.o(.data)
 <LI><a href="#[5]">PPM4_pin</a> from ppm_parallel.o(.text) referenced 2 times from ppm_parallel.o(.data)
 <LI><a href="#[6]">Reset_Handler</a> from stm32f10x_vector.o(.text) referenced from stm32f10x_vector.o(RESET)
 <LI><a href="#[7]">NMIException</a> from stm32f10x_it.o(.text) referenced from stm32f10x_vector.o(RESET)
 <LI><a href="#[8]">HardFaultException</a> from stm32f10x_it.o(.text) referenced from stm32f10x_vector.o(RESET)
 <LI><a href="#[9]">MemManageException</a> from stm32f10x_it.o(.text) referenced from stm32f10x_vector.o(RESET)
 <LI><a href="#[a]">BusFaultException</a> from stm32f10x_it.o(.text) referenced from stm32f10x_vector.o(RESET)
 <LI><a href="#[b]">UsageFaultException</a> from stm32f10x_it.o(.text) referenced from stm32f10x_vector.o(RESET)
 <LI><a href="#[c]">SVCHandler</a> from stm32f10x_it.o(.text) referenced from stm32f10x_vector.o(RESET)
 <LI><a href="#[d]">DebugMonitor</a> from stm32f10x_it.o(.text) referenced from stm32f10x_vector.o(RESET)
 <LI><a href="#[e]">PendSVC</a> from stm32f10x_it.o(.text) referenced from stm32f10x_vector.o(RESET)
 <LI><a href="#[f]">SysTickHandler</a> from stm32f10x_it.o(.text) referenced from stm32f10x_vector.o(RESET)
 <LI><a href="#[10]">WWDG_IRQHandler</a> from stm32f10x_it.o(.text) referenced from stm32f10x_vector.o(RESET)
 <LI><a href="#[11]">PVD_IRQHandler</a> from stm32f10x_it.o(.text) referenced from stm32f10x_vector.o(RESET)
 <LI><a href="#[12]">TAMPER_IRQHandler</a> from stm32f10x_it.o(.text) referenced from stm32f10x_vector.o(RESET)
 <LI><a href="#[13]">RTC_IRQHandler</a> from stm32f10x_it.o(.text) referenced from stm32f10x_vector.o(RESET)
 <LI><a href="#[14]">FLASH_IRQHandler</a> from stm32f10x_it.o(.text) referenced from stm32f10x_vector.o(RESET)
 <LI><a href="#[15]">RCC_IRQHandler</a> from stm32f10x_it.o(.text) referenced from stm32f10x_vector.o(RESET)
 <LI><a href="#[16]">EXTI0_IRQHandler</a> from stm32f10x_it.o(.text) referenced from stm32f10x_vector.o(RESET)
 <LI><a href="#[17]">EXTI1_IRQHandler</a> from stm32f10x_it.o(.text) referenced from stm32f10x_vector.o(RESET)
 <LI><a href="#[18]">EXTI2_IRQHandler</a> from stm32f10x_it.o(.text) referenced from stm32f10x_vector.o(RESET)
 <LI><a href="#[19]">EXTI3_IRQHandler</a> from stm32f10x_it.o(.text) referenced from stm32f10x_vector.o(RESET)
 <LI><a href="#[1a]">EXTI4_IRQHandler</a> from stm32f10x_it.o(.text) referenced from stm32f10x_vector.o(RESET)
 <LI><a href="#[1b]">DMA1_Channel1_IRQHandler</a> from stm32f10x_it.o(.text) referenced from stm32f10x_vector.o(RESET)
 <LI><a href="#[1c]">DMA1_Channel2_IRQHandler</a> from stm32f10x_it.o(.text) referenced from stm32f10x_vector.o(RESET)
 <LI><a href="#[1d]">DMA1_Channel3_IRQHandler</a> from stm32f10x_it.o(.text) referenced from stm32f10x_vector.o(RESET)
 <LI><a href="#[1e]">DMA1_Channel4_IRQHandler</a> from stm32f10x_it.o(.text) referenced from stm32f10x_vector.o(RESET)
 <LI><a href="#[1f]">DMA1_Channel5_IRQHandler</a> from stm32f10x_it.o(.text) referenced from stm32f10x_vector.o(RESET)
 <LI><a href="#[20]">DMA1_Channel6_IRQHandler</a> from stm32f10x_it.o(.text) referenced from stm32f10x_vector.o(RESET)
 <LI><a href="#[21]">DMA1_Channel7_IRQHandler</a> from stm32f10x_it.o(.text) referenced from stm32f10x_vector.o(RESET)
 <LI><a href="#[22]">ADC1_2_IRQHandler</a> from stm32f10x_it.o(.text) referenced from stm32f10x_vector.o(RESET)
 <LI><a href="#[23]">USB_HP_CAN_TX_IRQHandler</a> from stm32f10x_it.o(.text) referenced from stm32f10x_vector.o(RESET)
 <LI><a href="#[24]">USB_LP_CAN_RX0_IRQHandler</a> from stm32f10x_it.o(.text) referenced from stm32f10x_vector.o(RESET)
 <LI><a href="#[25]">CAN_RX1_IRQHandler</a> from stm32f10x_it.o(.text) referenced from stm32f10x_vector.o(RESET)
 <LI><a href="#[26]">CAN_SCE_IRQHandler</a> from stm32f10x_it.o(.text) referenced from stm32f10x_vector.o(RESET)
 <LI><a href="#[27]">EXTI9_5_IRQHandler</a> from stm32f10x_it.o(.text) referenced from stm32f10x_vector.o(RESET)
 <LI><a href="#[28]">TIM1_BRK_IRQHandler</a> from stm32f10x_it.o(.text) referenced from stm32f10x_vector.o(RESET)
 <LI><a href="#[29]">TIM1_UP_IRQHandler</a> from stm32f10x_it.o(.text) referenced from stm32f10x_vector.o(RESET)
 <LI><a href="#[2a]">TIM1_TRG_COM_IRQHandler</a> from stm32f10x_it.o(.text) referenced from stm32f10x_vector.o(RESET)
 <LI><a href="#[2b]">TIM1_CC_IRQHandler</a> from stm32f10x_it.o(.text) referenced from stm32f10x_vector.o(RESET)
 <LI><a href="#[2c]">TIM2_IRQHandler</a> from stm32f10x_it.o(.text) referenced from stm32f10x_vector.o(RESET)
 <LI><a href="#[2d]">TIM3_IRQHandler</a> from stm32f10x_it.o(.text) referenced from stm32f10x_vector.o(RESET)
 <LI><a href="#[2e]">TIM4_IRQHandler</a> from stm32f10x_it.o(.text) referenced from stm32f10x_vector.o(RESET)
 <LI><a href="#[2f]">I2C1_EV_IRQHandler</a> from stm32f10x_it.o(.text) referenced from stm32f10x_vector.o(RESET)
 <LI><a href="#[30]">I2C1_ER_IRQHandler</a> from stm32f10x_it.o(.text) referenced from stm32f10x_vector.o(RESET)
 <LI><a href="#[31]">I2C2_EV_IRQHandler</a> from stm32f10x_it.o(.text) referenced from stm32f10x_vector.o(RESET)
 <LI><a href="#[32]">I2C2_ER_IRQHandler</a> from stm32f10x_it.o(.text) referenced from stm32f10x_vector.o(RESET)
 <LI><a href="#[33]">SPI1_IRQHandler</a> from stm32f10x_it.o(.text) referenced from stm32f10x_vector.o(RESET)
 <LI><a href="#[34]">SPI2_IRQHandler</a> from stm32f10x_it.o(.text) referenced from stm32f10x_vector.o(RESET)
 <LI><a href="#[35]">USART1_IRQHandler</a> from stm32f10x_it.o(.text) referenced from stm32f10x_vector.o(RESET)
 <LI><a href="#[36]">USART2_IRQHandler</a> from stm32f10x_it.o(.text) referenced from stm32f10x_vector.o(RESET)
 <LI><a href="#[37]">USART3_IRQHandler</a> from stm32f10x_it.o(.text) referenced from stm32f10x_vector.o(RESET)
 <LI><a href="#[38]">EXTI15_10_IRQHandler</a> from stm32f10x_it.o(.text) referenced from stm32f10x_vector.o(RESET)
 <LI><a href="#[39]">RTCAlarm_IRQHandler</a> from stm32f10x_it.o(.text) referenced from stm32f10x_vector.o(RESET)
 <LI><a href="#[3a]">USBWakeUp_IRQHandler</a> from stm32f10x_it.o(.text) referenced from stm32f10x_vector.o(RESET)
 <LI><a href="#[3b]">TIM8_BRK_IRQHandler</a> from stm32f10x_it.o(.text) referenced from stm32f10x_vector.o(RESET)
 <LI><a href="#[3c]">TIM8_UP_IRQHandler</a> from stm32f10x_it.o(.text) referenced from stm32f10x_vector.o(RESET)
 <LI><a href="#[3d]">TIM8_TRG_COM_IRQHandler</a> from stm32f10x_it.o(.text) referenced from stm32f10x_vector.o(RESET)
 <LI><a href="#[3e]">TIM8_CC_IRQHandler</a> from stm32f10x_it.o(.text) referenced from stm32f10x_vector.o(RESET)
 <LI><a href="#[3f]">ADC3_IRQHandler</a> from stm32f10x_it.o(.text) referenced from stm32f10x_vector.o(RESET)
 <LI><a href="#[40]">FSMC_IRQHandler</a> from stm32f10x_it.o(.text) referenced from stm32f10x_vector.o(RESET)
 <LI><a href="#[41]">SDIO_IRQHandler</a> from stm32f10x_it.o(.text) referenced from stm32f10x_vector.o(RESET)
 <LI><a href="#[42]">TIM5_IRQHandler</a> from stm32f10x_it.o(.text) referenced from stm32f10x_vector.o(RESET)
 <LI><a href="#[43]">SPI3_IRQHandler</a> from stm32f10x_it.o(.text) referenced from stm32f10x_vector.o(RESET)
 <LI><a href="#[44]">UART4_IRQHandler</a> from stm32f10x_it.o(.text) referenced from stm32f10x_vector.o(RESET)
 <LI><a href="#[45]">UART5_IRQHandler</a> from stm32f10x_it.o(.text) referenced from stm32f10x_vector.o(RESET)
 <LI><a href="#[46]">TIM6_IRQHandler</a> from stm32f10x_it.o(.text) referenced from stm32f10x_vector.o(RESET)
 <LI><a href="#[47]">TIM7_IRQHandler</a> from stm32f10x_it.o(.text) referenced from stm32f10x_vector.o(RESET)
 <LI><a href="#[48]">DMA2_Channel1_IRQHandler</a> from stm32f10x_it.o(.text) referenced from stm32f10x_vector.o(RESET)
 <LI><a href="#[49]">DMA2_Channel2_IRQHandler</a> from stm32f10x_it.o(.text) referenced from stm32f10x_vector.o(RESET)
 <LI><a href="#[4a]">DMA2_Channel3_IRQHandler</a> from stm32f10x_it.o(.text) referenced from stm32f10x_vector.o(RESET)
 <LI><a href="#[4b]">DMA2_Channel4_5_IRQHandler</a> from stm32f10x_it.o(.text) referenced from stm32f10x_vector.o(RESET)
 <LI><a href="#[4d]">__main</a> from __main.o(!!!main) referenced from stm32f10x_vector.o(.text)
</UL>
<P>
<H3>
Global Symbols
</H3>
<P><STRONG><a name="[4d]"></a>__main</STRONG> (Thumb, 8 bytes, Stack size 0 bytes, __main.o(!!!main))
<BR><BR>[Calls]<UL><LI><a href="#[4f]">&gt;&gt;</a>&nbsp;&nbsp;&nbsp;__rt_entry
<LI><a href="#[4e]">&gt;&gt;</a>&nbsp;&nbsp;&nbsp;__scatterload
</UL>

<P><STRONG><a name="[4e]"></a>__scatterload</STRONG> (Thumb, 0 bytes, Stack size unknown bytes, __scatter.o(!!!scatter))
<BR><BR>[Called By]<UL><LI><a href="#[4d]">&gt;&gt;</a>&nbsp;&nbsp;&nbsp;__main
</UL>

<P><STRONG><a name="[50]"></a>__scatterload_rt2</STRONG> (Thumb, 44 bytes, Stack size unknown bytes, __scatter.o(!!!scatter), UNUSED)
<BR><BR>[Calls]<UL><LI><a href="#[4f]">&gt;&gt;</a>&nbsp;&nbsp;&nbsp;__rt_entry
</UL>

<P><STRONG><a name="[186]"></a>__scatterload_rt2_thumb_only</STRONG> (Thumb, 0 bytes, Stack size unknown bytes, __scatter.o(!!!scatter), UNUSED)

<P><STRONG><a name="[187]"></a>__scatterload_null</STRONG> (Thumb, 0 bytes, Stack size unknown bytes, __scatter.o(!!!scatter), UNUSED)

<P><STRONG><a name="[188]"></a>__decompress</STRONG> (Thumb, 90 bytes, Stack size unknown bytes, __dczerorl2.o(!!dczerorl2), UNUSED)

<P><STRONG><a name="[189]"></a>__decompress1</STRONG> (Thumb, 0 bytes, Stack size unknown bytes, __dczerorl2.o(!!dczerorl2), UNUSED)

<P><STRONG><a name="[18a]"></a>__scatterload_zeroinit</STRONG> (Thumb, 28 bytes, Stack size unknown bytes, __scatter_zi.o(!!handler_zi), UNUSED)

<P><STRONG><a name="[51]"></a>__rt_lib_init</STRONG> (Thumb, 0 bytes, Stack size unknown bytes, libinit.o(.ARM.Collect$$libinit$$00000000))
<BR><BR>[Stack]<UL><LI>Max Depth = 8 + Unknown Stack Size
<LI>Call Chain = __rt_lib_init &rArr; _fp_init
</UL>
<BR>[Calls]<UL><LI><a href="#[52]">&gt;&gt;</a>&nbsp;&nbsp;&nbsp;_fp_init
</UL>
<BR>[Called By]<UL><LI><a href="#[55]">&gt;&gt;</a>&nbsp;&nbsp;&nbsp;__rt_entry_li
</UL>

<P><STRONG><a name="[18b]"></a>__rt_lib_init_alloca_1</STRONG> (Thumb, 0 bytes, Stack size unknown bytes, libinit2.o(.ARM.Collect$$libinit$$0000002A))

<P><STRONG><a name="[18c]"></a>__rt_lib_init_argv_1</STRONG> (Thumb, 0 bytes, Stack size unknown bytes, libinit2.o(.ARM.Collect$$libinit$$00000028))

<P><STRONG><a name="[18d]"></a>__rt_lib_init_atexit_1</STRONG> (Thumb, 0 bytes, Stack size unknown bytes, libinit2.o(.ARM.Collect$$libinit$$00000017))

<P><STRONG><a name="[18e]"></a>__rt_lib_init_clock_1</STRONG> (Thumb, 0 bytes, Stack size unknown bytes, libinit2.o(.ARM.Collect$$libinit$$0000001D))

<P><STRONG><a name="[18f]"></a>__rt_lib_init_cpp_1</STRONG> (Thumb, 0 bytes, Stack size unknown bytes, libinit2.o(.ARM.Collect$$libinit$$0000002E))

<P><STRONG><a name="[190]"></a>__rt_lib_init_exceptions_1</STRONG> (Thumb, 0 bytes, Stack size unknown bytes, libinit2.o(.ARM.Collect$$libinit$$0000002C))

<P><STRONG><a name="[191]"></a>__rt_lib_init_fp_trap_1</STRONG> (Thumb, 0 bytes, Stack size unknown bytes, libinit2.o(.ARM.Collect$$libinit$$0000001B))

<P><STRONG><a name="[192]"></a>__rt_lib_init_getenv_1</STRONG> (Thumb, 0 bytes, Stack size unknown bytes, libinit2.o(.ARM.Collect$$libinit$$0000001F))

<P><STRONG><a name="[193]"></a>__rt_lib_init_heap_1</STRONG> (Thumb, 0 bytes, Stack size unknown bytes, libinit2.o(.ARM.Collect$$libinit$$00000006))

<P><STRONG><a name="[194]"></a>__rt_lib_init_lc_collate_1</STRONG> (Thumb, 0 bytes, Stack size unknown bytes, libinit2.o(.ARM.Collect$$libinit$$0000000D))

<P><STRONG><a name="[195]"></a>__rt_lib_init_lc_ctype_1</STRONG> (Thumb, 0 bytes, Stack size unknown bytes, libinit2.o(.ARM.Collect$$libinit$$0000000F))

<P><STRONG><a name="[196]"></a>__rt_lib_init_lc_monetary_1</STRONG> (Thumb, 0 bytes, Stack size unknown bytes, libinit2.o(.ARM.Collect$$libinit$$00000011))

<P><STRONG><a name="[197]"></a>__rt_lib_init_lc_numeric_1</STRONG> (Thumb, 0 bytes, Stack size unknown bytes, libinit2.o(.ARM.Collect$$libinit$$00000013))

<P><STRONG><a name="[198]"></a>__rt_lib_init_lc_time_1</STRONG> (Thumb, 0 bytes, Stack size unknown bytes, libinit2.o(.ARM.Collect$$libinit$$00000015))

<P><STRONG><a name="[199]"></a>__rt_lib_init_rand_1</STRONG> (Thumb, 0 bytes, Stack size unknown bytes, libinit2.o(.ARM.Collect$$libinit$$0000000A))

<P><STRONG><a name="[19a]"></a>__rt_lib_init_return</STRONG> (Thumb, 0 bytes, Stack size unknown bytes, libinit2.o(.ARM.Collect$$libinit$$0000002F))

<P><STRONG><a name="[19b]"></a>__rt_lib_init_signal_1</STRONG> (Thumb, 0 bytes, Stack size unknown bytes, libinit2.o(.ARM.Collect$$libinit$$00000019))

<P><STRONG><a name="[19c]"></a>__rt_lib_init_stdio_1</STRONG> (Thumb, 0 bytes, Stack size unknown bytes, libinit2.o(.ARM.Collect$$libinit$$00000021))

<P><STRONG><a name="[19d]"></a>__rt_lib_init_user_alloc_1</STRONG> (Thumb, 0 bytes, Stack size unknown bytes, libinit2.o(.ARM.Collect$$libinit$$00000008))

<P><STRONG><a name="[5a]"></a>__rt_lib_shutdown</STRONG> (Thumb, 0 bytes, Stack size unknown bytes, libshutdown.o(.ARM.Collect$$libshutdown$$00000000))
<BR><BR>[Called By]<UL><LI><a href="#[59]">&gt;&gt;</a>&nbsp;&nbsp;&nbsp;__rt_exit_ls
</UL>

<P><STRONG><a name="[19e]"></a>__rt_lib_shutdown_fp_trap_1</STRONG> (Thumb, 0 bytes, Stack size unknown bytes, libshutdown2.o(.ARM.Collect$$libshutdown$$00000006))

<P><STRONG><a name="[19f]"></a>__rt_lib_shutdown_heap_1</STRONG> (Thumb, 0 bytes, Stack size unknown bytes, libshutdown2.o(.ARM.Collect$$libshutdown$$0000000E))

<P><STRONG><a name="[1a0]"></a>__rt_lib_shutdown_return</STRONG> (Thumb, 0 bytes, Stack size unknown bytes, libshutdown2.o(.ARM.Collect$$libshutdown$$0000000F))

<P><STRONG><a name="[1a1]"></a>__rt_lib_shutdown_signal_1</STRONG> (Thumb, 0 bytes, Stack size unknown bytes, libshutdown2.o(.ARM.Collect$$libshutdown$$00000009))

<P><STRONG><a name="[1a2]"></a>__rt_lib_shutdown_stdio_1</STRONG> (Thumb, 0 bytes, Stack size unknown bytes, libshutdown2.o(.ARM.Collect$$libshutdown$$00000003))

<P><STRONG><a name="[1a3]"></a>__rt_lib_shutdown_user_alloc_1</STRONG> (Thumb, 0 bytes, Stack size unknown bytes, libshutdown2.o(.ARM.Collect$$libshutdown$$0000000B))

<P><STRONG><a name="[4f]"></a>__rt_entry</STRONG> (Thumb, 0 bytes, Stack size unknown bytes, rtentry.o(.ARM.Collect$$rtentry$$00000000))
<BR><BR>[Called By]<UL><LI><a href="#[4d]">&gt;&gt;</a>&nbsp;&nbsp;&nbsp;__main
<LI><a href="#[50]">&gt;&gt;</a>&nbsp;&nbsp;&nbsp;__scatterload_rt2
</UL>

<P><STRONG><a name="[1a4]"></a>__rt_entry_presh_1</STRONG> (Thumb, 0 bytes, Stack size unknown bytes, rtentry2.o(.ARM.Collect$$rtentry$$00000002))

<P><STRONG><a name="[53]"></a>__rt_entry_sh</STRONG> (Thumb, 0 bytes, Stack size unknown bytes, rtentry4.o(.ARM.Collect$$rtentry$$00000004))
<BR><BR>[Stack]<UL><LI>Max Depth = 8 + Unknown Stack Size
<LI>Call Chain = __rt_entry_sh &rArr; __user_setup_stackheap
</UL>
<BR>[Calls]<UL><LI><a href="#[54]">&gt;&gt;</a>&nbsp;&nbsp;&nbsp;__user_setup_stackheap
</UL>

<P><STRONG><a name="[55]"></a>__rt_entry_li</STRONG> (Thumb, 0 bytes, Stack size unknown bytes, rtentry2.o(.ARM.Collect$$rtentry$$0000000A))
<BR><BR>[Stack]<UL><LI>Max Depth = 8 + Unknown Stack Size
<LI>Call Chain = __rt_entry_li &rArr; __rt_lib_init &rArr; _fp_init
</UL>
<BR>[Calls]<UL><LI><a href="#[51]">&gt;&gt;</a>&nbsp;&nbsp;&nbsp;__rt_lib_init
</UL>

<P><STRONG><a name="[1a5]"></a>__rt_entry_postsh_1</STRONG> (Thumb, 0 bytes, Stack size unknown bytes, rtentry2.o(.ARM.Collect$$rtentry$$00000009))

<P><STRONG><a name="[56]"></a>__rt_entry_main</STRONG> (Thumb, 0 bytes, Stack size unknown bytes, rtentry2.o(.ARM.Collect$$rtentry$$0000000D))
<BR><BR>[Stack]<UL><LI>Max Depth = 2176 + Unknown Stack Size
<LI>Call Chain = __rt_entry_main &rArr; main &rArr; fly_main &rArr; handset_Reply &rArr; e2rom_StrPID_write &rArr; MemWriteByte &rArr; FLASH_ProgramHalfWord &rArr; FLASH_WaitForLastOperation
</UL>
<BR>[Calls]<UL><LI><a href="#[57]">&gt;&gt;</a>&nbsp;&nbsp;&nbsp;main
<LI><a href="#[58]">&gt;&gt;</a>&nbsp;&nbsp;&nbsp;exit
</UL>

<P><STRONG><a name="[1a6]"></a>__rt_entry_postli_1</STRONG> (Thumb, 0 bytes, Stack size unknown bytes, rtentry2.o(.ARM.Collect$$rtentry$$0000000C))

<P><STRONG><a name="[15c]"></a>__rt_exit</STRONG> (Thumb, 0 bytes, Stack size unknown bytes, rtexit.o(.ARM.Collect$$rtexit$$00000000))
<BR><BR>[Called By]<UL><LI><a href="#[58]">&gt;&gt;</a>&nbsp;&nbsp;&nbsp;exit
</UL>

<P><STRONG><a name="[59]"></a>__rt_exit_ls</STRONG> (Thumb, 0 bytes, Stack size unknown bytes, rtexit2.o(.ARM.Collect$$rtexit$$00000003))
<BR><BR>[Calls]<UL><LI><a href="#[5a]">&gt;&gt;</a>&nbsp;&nbsp;&nbsp;__rt_lib_shutdown
</UL>

<P><STRONG><a name="[1a7]"></a>__rt_exit_prels_1</STRONG> (Thumb, 0 bytes, Stack size unknown bytes, rtexit2.o(.ARM.Collect$$rtexit$$00000002))

<P><STRONG><a name="[5b]"></a>__rt_exit_exit</STRONG> (Thumb, 0 bytes, Stack size unknown bytes, rtexit2.o(.ARM.Collect$$rtexit$$00000004))
<BR><BR>[Calls]<UL><LI><a href="#[5c]">&gt;&gt;</a>&nbsp;&nbsp;&nbsp;_sys_exit
</UL>

<P><STRONG><a name="[1a8]"></a>__WFI</STRONG> (Thumb, 0 bytes, Stack size unknown bytes, cortexm3_macro.o(.text), UNUSED)

<P><STRONG><a name="[1a9]"></a>__WFE</STRONG> (Thumb, 0 bytes, Stack size unknown bytes, cortexm3_macro.o(.text), UNUSED)

<P><STRONG><a name="[1aa]"></a>__SEV</STRONG> (Thumb, 0 bytes, Stack size unknown bytes, cortexm3_macro.o(.text), UNUSED)

<P><STRONG><a name="[1ab]"></a>__ISB</STRONG> (Thumb, 0 bytes, Stack size unknown bytes, cortexm3_macro.o(.text), UNUSED)

<P><STRONG><a name="[1ac]"></a>__DSB</STRONG> (Thumb, 0 bytes, Stack size unknown bytes, cortexm3_macro.o(.text), UNUSED)

<P><STRONG><a name="[1ad]"></a>__DMB</STRONG> (Thumb, 0 bytes, Stack size unknown bytes, cortexm3_macro.o(.text), UNUSED)

<P><STRONG><a name="[1ae]"></a>__SVC</STRONG> (Thumb, 0 bytes, Stack size unknown bytes, cortexm3_macro.o(.text), UNUSED)

<P><STRONG><a name="[1af]"></a>__MRS_CONTROL</STRONG> (Thumb, 0 bytes, Stack size unknown bytes, cortexm3_macro.o(.text), UNUSED)

<P><STRONG><a name="[1b0]"></a>__MSR_CONTROL</STRONG> (Thumb, 0 bytes, Stack size unknown bytes, cortexm3_macro.o(.text), UNUSED)

<P><STRONG><a name="[1b1]"></a>__MRS_PSP</STRONG> (Thumb, 0 bytes, Stack size unknown bytes, cortexm3_macro.o(.text), UNUSED)

<P><STRONG><a name="[1b2]"></a>__MSR_PSP</STRONG> (Thumb, 0 bytes, Stack size unknown bytes, cortexm3_macro.o(.text), UNUSED)

<P><STRONG><a name="[1b3]"></a>__MRS_MSP</STRONG> (Thumb, 0 bytes, Stack size unknown bytes, cortexm3_macro.o(.text), UNUSED)

<P><STRONG><a name="[1b4]"></a>__MSR_MSP</STRONG> (Thumb, 0 bytes, Stack size unknown bytes, cortexm3_macro.o(.text), UNUSED)

<P><STRONG><a name="[137]"></a>__RESETPRIMASK</STRONG> (Thumb, 0 bytes, Stack size unknown bytes, cortexm3_macro.o(.text), UNUSED)
<BR><BR>[Called By]<UL><LI><a href="#[136]">&gt;&gt;</a>&nbsp;&nbsp;&nbsp;NVIC_RESETPRIMASK
</UL>

<P><STRONG><a name="[135]"></a>__SETPRIMASK</STRONG> (Thumb, 0 bytes, Stack size unknown bytes, cortexm3_macro.o(.text), UNUSED)
<BR><BR>[Called By]<UL><LI><a href="#[134]">&gt;&gt;</a>&nbsp;&nbsp;&nbsp;NVIC_SETPRIMASK
</UL>

<P><STRONG><a name="[1b5]"></a>__READ_PRIMASK</STRONG> (Thumb, 0 bytes, Stack size unknown bytes, cortexm3_macro.o(.text), UNUSED)

<P><STRONG><a name="[138]"></a>__SETFAULTMASK</STRONG> (Thumb, 0 bytes, Stack size unknown bytes, cortexm3_macro.o(.text))
<BR><BR>[Called By]<UL><LI><a href="#[100]">&gt;&gt;</a>&nbsp;&nbsp;&nbsp;NVIC_SETFAULTMASK
</UL>

<P><STRONG><a name="[139]"></a>__RESETFAULTMASK</STRONG> (Thumb, 0 bytes, Stack size unknown bytes, cortexm3_macro.o(.text))
<BR><BR>[Called By]<UL><LI><a href="#[103]">&gt;&gt;</a>&nbsp;&nbsp;&nbsp;NVIC_RESETFAULTMASK
</UL>

<P><STRONG><a name="[1b6]"></a>__READ_FAULTMASK</STRONG> (Thumb, 0 bytes, Stack size unknown bytes, cortexm3_macro.o(.text), UNUSED)

<P><STRONG><a name="[13b]"></a>__BASEPRICONFIG</STRONG> (Thumb, 0 bytes, Stack size unknown bytes, cortexm3_macro.o(.text), UNUSED)
<BR><BR>[Called By]<UL><LI><a href="#[13a]">&gt;&gt;</a>&nbsp;&nbsp;&nbsp;NVIC_BASEPRICONFIG
</UL>

<P><STRONG><a name="[13d]"></a>__GetBASEPRI</STRONG> (Thumb, 0 bytes, Stack size unknown bytes, cortexm3_macro.o(.text), UNUSED)
<BR><BR>[Called By]<UL><LI><a href="#[13c]">&gt;&gt;</a>&nbsp;&nbsp;&nbsp;NVIC_GetBASEPRI
</UL>

<P><STRONG><a name="[1b7]"></a>__REV_HalfWord</STRONG> (Thumb, 0 bytes, Stack size unknown bytes, cortexm3_macro.o(.text), UNUSED)

<P><STRONG><a name="[1b8]"></a>__REV_Word</STRONG> (Thumb, 0 bytes, Stack size unknown bytes, cortexm3_macro.o(.text), UNUSED)

<P><STRONG><a name="[6]"></a>Reset_Handler</STRONG> (Thumb, 4 bytes, Stack size 0 bytes, stm32f10x_vector.o(.text))
<BR>[Address Reference Count : 1]<UL><LI> stm32f10x_vector.o(RESET)
</UL>
<P><STRONG><a name="[15b]"></a>__user_initial_stackheap</STRONG> (Thumb, 0 bytes, Stack size unknown bytes, stm32f10x_vector.o(.text))
<BR><BR>[Called By]<UL><LI><a href="#[54]">&gt;&gt;</a>&nbsp;&nbsp;&nbsp;__user_setup_stackheap
</UL>

<P><STRONG><a name="[5d]"></a>SYS_Init</STRONG> (Thumb, 108 bytes, Stack size 8 bytes, main.o(.text))
<BR><BR>[Stack]<UL><LI>Max Depth = 24<LI>Call Chain = SYS_Init &rArr; RCC_WaitForHSEStartUp &rArr; RCC_GetFlagStatus
</UL>
<BR>[Calls]<UL><LI><a href="#[60]">&gt;&gt;</a>&nbsp;&nbsp;&nbsp;RCC_WaitForHSEStartUp
<LI><a href="#[69]">&gt;&gt;</a>&nbsp;&nbsp;&nbsp;RCC_SYSCLKConfig
<LI><a href="#[66]">&gt;&gt;</a>&nbsp;&nbsp;&nbsp;RCC_PLLConfig
<LI><a href="#[67]">&gt;&gt;</a>&nbsp;&nbsp;&nbsp;RCC_PLLCmd
<LI><a href="#[64]">&gt;&gt;</a>&nbsp;&nbsp;&nbsp;RCC_PCLK2Config
<LI><a href="#[65]">&gt;&gt;</a>&nbsp;&nbsp;&nbsp;RCC_PCLK1Config
<LI><a href="#[5f]">&gt;&gt;</a>&nbsp;&nbsp;&nbsp;RCC_HSEConfig
<LI><a href="#[63]">&gt;&gt;</a>&nbsp;&nbsp;&nbsp;RCC_HCLKConfig
<LI><a href="#[6a]">&gt;&gt;</a>&nbsp;&nbsp;&nbsp;RCC_GetSYSCLKSource
<LI><a href="#[68]">&gt;&gt;</a>&nbsp;&nbsp;&nbsp;RCC_GetFlagStatus
<LI><a href="#[5e]">&gt;&gt;</a>&nbsp;&nbsp;&nbsp;RCC_DeInit
<LI><a href="#[6b]">&gt;&gt;</a>&nbsp;&nbsp;&nbsp;RCC_APB2PeriphClockCmd
<LI><a href="#[62]">&gt;&gt;</a>&nbsp;&nbsp;&nbsp;FLASH_SetLatency
<LI><a href="#[61]">&gt;&gt;</a>&nbsp;&nbsp;&nbsp;FLASH_PrefetchBufferCmd
</UL>
<BR>[Called By]<UL><LI><a href="#[57]">&gt;&gt;</a>&nbsp;&nbsp;&nbsp;main
</UL>

<P><STRONG><a name="[6c]"></a>SysTick_Config</STRONG> (Thumb, 28 bytes, Stack size 8 bytes, main.o(.text))
<BR><BR>[Stack]<UL><LI>Max Depth = 8<LI>Call Chain = SysTick_Config
</UL>
<BR>[Calls]<UL><LI><a href="#[6e]">&gt;&gt;</a>&nbsp;&nbsp;&nbsp;SysTick_SetReload
<LI><a href="#[70]">&gt;&gt;</a>&nbsp;&nbsp;&nbsp;SysTick_ITConfig
<LI><a href="#[6f]">&gt;&gt;</a>&nbsp;&nbsp;&nbsp;SysTick_CounterCmd
<LI><a href="#[6d]">&gt;&gt;</a>&nbsp;&nbsp;&nbsp;SysTick_CLKSourceConfig
</UL>
<BR>[Called By]<UL><LI><a href="#[57]">&gt;&gt;</a>&nbsp;&nbsp;&nbsp;main
</UL>

<P><STRONG><a name="[57]"></a>main</STRONG> (Thumb, 104 bytes, Stack size 0 bytes, main.o(.text))
<BR><BR>[Stack]<UL><LI>Max Depth = 2176 + Unknown Stack Size
<LI>Call Chain = main &rArr; fly_main &rArr; handset_Reply &rArr; e2rom_StrPID_write &rArr; MemWriteByte &rArr; FLASH_ProgramHalfWord &rArr; FLASH_WaitForLastOperation
</UL>
<BR>[Calls]<UL><LI><a href="#[7f]">&gt;&gt;</a>&nbsp;&nbsp;&nbsp;wifi_703n_init
<LI><a href="#[74]">&gt;&gt;</a>&nbsp;&nbsp;&nbsp;sys_tim_init
<LI><a href="#[77]">&gt;&gt;</a>&nbsp;&nbsp;&nbsp;moto_Init
<LI><a href="#[71]">&gt;&gt;</a>&nbsp;&nbsp;&nbsp;led_Init
<LI><a href="#[81]">&gt;&gt;</a>&nbsp;&nbsp;&nbsp;fly_main
<LI><a href="#[7e]">&gt;&gt;</a>&nbsp;&nbsp;&nbsp;e2rom_data_read
<LI><a href="#[7a]">&gt;&gt;</a>&nbsp;&nbsp;&nbsp;delay_100ms
<LI><a href="#[72]">&gt;&gt;</a>&nbsp;&nbsp;&nbsp;USART_Configuration
<LI><a href="#[73]">&gt;&gt;</a>&nbsp;&nbsp;&nbsp;UART1_Put_Chars
<LI><a href="#[80]">&gt;&gt;</a>&nbsp;&nbsp;&nbsp;UART1_Put_Char
<LI><a href="#[79]">&gt;&gt;</a>&nbsp;&nbsp;&nbsp;PPM_Init
<LI><a href="#[7b]">&gt;&gt;</a>&nbsp;&nbsp;&nbsp;MPU6050_initialize
<LI><a href="#[7d]">&gt;&gt;</a>&nbsp;&nbsp;&nbsp;Key_change_e2rom
<LI><a href="#[75]">&gt;&gt;</a>&nbsp;&nbsp;&nbsp;Key_Init
<LI><a href="#[76]">&gt;&gt;</a>&nbsp;&nbsp;&nbsp;IIC_Init
<LI><a href="#[7c]">&gt;&gt;</a>&nbsp;&nbsp;&nbsp;HMC5883L_SetUp
<LI><a href="#[78]">&gt;&gt;</a>&nbsp;&nbsp;&nbsp;Adc_Init
<LI><a href="#[6c]">&gt;&gt;</a>&nbsp;&nbsp;&nbsp;SysTick_Config
<LI><a href="#[5d]">&gt;&gt;</a>&nbsp;&nbsp;&nbsp;SYS_Init
</UL>
<BR>[Called By]<UL><LI><a href="#[56]">&gt;&gt;</a>&nbsp;&nbsp;&nbsp;__rt_entry_main
</UL>

<P><STRONG><a name="[82]"></a>Delay</STRONG> (Thumb, 38 bytes, Stack size 8 bytes, main.o(.text), UNUSED)
<BR><BR>[Calls]<UL><LI><a href="#[6f]">&gt;&gt;</a>&nbsp;&nbsp;&nbsp;SysTick_CounterCmd
</UL>

<P><STRONG><a name="[1b9]"></a>Decrement_TimingDelay</STRONG> (Thumb, 18 bytes, Stack size 0 bytes, main.o(.text), UNUSED)

<P><STRONG><a name="[7]"></a>NMIException</STRONG> (Thumb, 2 bytes, Stack size 0 bytes, stm32f10x_it.o(.text))
<BR>[Address Reference Count : 1]<UL><LI> stm32f10x_vector.o(RESET)
</UL>
<P><STRONG><a name="[8]"></a>HardFaultException</STRONG> (Thumb, 4 bytes, Stack size 0 bytes, stm32f10x_it.o(.text))
<BR>[Address Reference Count : 1]<UL><LI> stm32f10x_vector.o(RESET)
</UL>
<P><STRONG><a name="[9]"></a>MemManageException</STRONG> (Thumb, 4 bytes, Stack size 0 bytes, stm32f10x_it.o(.text))
<BR>[Address Reference Count : 1]<UL><LI> stm32f10x_vector.o(RESET)
</UL>
<P><STRONG><a name="[a]"></a>BusFaultException</STRONG> (Thumb, 4 bytes, Stack size 0 bytes, stm32f10x_it.o(.text))
<BR>[Address Reference Count : 1]<UL><LI> stm32f10x_vector.o(RESET)
</UL>
<P><STRONG><a name="[b]"></a>UsageFaultException</STRONG> (Thumb, 4 bytes, Stack size 0 bytes, stm32f10x_it.o(.text))
<BR>[Address Reference Count : 1]<UL><LI> stm32f10x_vector.o(RESET)
</UL>
<P><STRONG><a name="[d]"></a>DebugMonitor</STRONG> (Thumb, 2 bytes, Stack size 0 bytes, stm32f10x_it.o(.text))
<BR>[Address Reference Count : 1]<UL><LI> stm32f10x_vector.o(RESET)
</UL>
<P><STRONG><a name="[c]"></a>SVCHandler</STRONG> (Thumb, 2 bytes, Stack size 0 bytes, stm32f10x_it.o(.text))
<BR>[Address Reference Count : 1]<UL><LI> stm32f10x_vector.o(RESET)
</UL>
<P><STRONG><a name="[e]"></a>PendSVC</STRONG> (Thumb, 2 bytes, Stack size 0 bytes, stm32f10x_it.o(.text))
<BR>[Address Reference Count : 1]<UL><LI> stm32f10x_vector.o(RESET)
</UL>
<P><STRONG><a name="[f]"></a>SysTickHandler</STRONG> (Thumb, 40 bytes, Stack size 8 bytes, stm32f10x_it.o(.text))
<BR><BR>[Stack]<UL><LI>Max Depth = 120<LI>Call Chain = SysTickHandler &rArr; sys_tim_isr &rArr; HMC5883_check_work &rArr; HMC5883_setwork &rArr; HMC58X3_setMode &rArr; HMC58X3_writeReg &rArr; IICwriteByte &rArr; IICwriteBytes &rArr; IIC_Send_Byte
</UL>
<BR>[Calls]<UL><LI><a href="#[83]">&gt;&gt;</a>&nbsp;&nbsp;&nbsp;sys_tim_isr
</UL>
<BR>[Address Reference Count : 1]<UL><LI> stm32f10x_vector.o(RESET)
</UL>
<P><STRONG><a name="[10]"></a>WWDG_IRQHandler</STRONG> (Thumb, 2 bytes, Stack size 0 bytes, stm32f10x_it.o(.text))
<BR>[Address Reference Count : 1]<UL><LI> stm32f10x_vector.o(RESET)
</UL>
<P><STRONG><a name="[11]"></a>PVD_IRQHandler</STRONG> (Thumb, 2 bytes, Stack size 0 bytes, stm32f10x_it.o(.text))
<BR>[Address Reference Count : 1]<UL><LI> stm32f10x_vector.o(RESET)
</UL>
<P><STRONG><a name="[12]"></a>TAMPER_IRQHandler</STRONG> (Thumb, 2 bytes, Stack size 0 bytes, stm32f10x_it.o(.text))
<BR>[Address Reference Count : 1]<UL><LI> stm32f10x_vector.o(RESET)
</UL>
<P><STRONG><a name="[13]"></a>RTC_IRQHandler</STRONG> (Thumb, 18 bytes, Stack size 8 bytes, stm32f10x_it.o(.text))
<BR><BR>[Stack]<UL><LI>Max Depth = 8<LI>Call Chain = RTC_IRQHandler
</UL>
<BR>[Calls]<UL><LI><a href="#[84]">&gt;&gt;</a>&nbsp;&nbsp;&nbsp;RTC_GetITStatus
</UL>
<BR>[Address Reference Count : 1]<UL><LI> stm32f10x_vector.o(RESET)
</UL>
<P><STRONG><a name="[14]"></a>FLASH_IRQHandler</STRONG> (Thumb, 2 bytes, Stack size 0 bytes, stm32f10x_it.o(.text))
<BR>[Address Reference Count : 1]<UL><LI> stm32f10x_vector.o(RESET)
</UL>
<P><STRONG><a name="[15]"></a>RCC_IRQHandler</STRONG> (Thumb, 2 bytes, Stack size 0 bytes, stm32f10x_it.o(.text))
<BR>[Address Reference Count : 1]<UL><LI> stm32f10x_vector.o(RESET)
</UL>
<P><STRONG><a name="[16]"></a>EXTI0_IRQHandler</STRONG> (Thumb, 18 bytes, Stack size 8 bytes, stm32f10x_it.o(.text))
<BR><BR>[Stack]<UL><LI>Max Depth = 8<LI>Call Chain = EXTI0_IRQHandler
</UL>
<BR>[Calls]<UL><LI><a href="#[85]">&gt;&gt;</a>&nbsp;&nbsp;&nbsp;EXTI_GetITStatus
<LI><a href="#[86]">&gt;&gt;</a>&nbsp;&nbsp;&nbsp;EXTI_ClearITPendingBit
</UL>
<BR>[Address Reference Count : 1]<UL><LI> stm32f10x_vector.o(RESET)
</UL>
<P><STRONG><a name="[17]"></a>EXTI1_IRQHandler</STRONG> (Thumb, 24 bytes, Stack size 8 bytes, stm32f10x_it.o(.text))
<BR><BR>[Stack]<UL><LI>Max Depth = 8<LI>Call Chain = EXTI1_IRQHandler
</UL>
<BR>[Calls]<UL><LI><a href="#[85]">&gt;&gt;</a>&nbsp;&nbsp;&nbsp;EXTI_GetITStatus
<LI><a href="#[86]">&gt;&gt;</a>&nbsp;&nbsp;&nbsp;EXTI_ClearITPendingBit
</UL>
<BR>[Address Reference Count : 1]<UL><LI> stm32f10x_vector.o(RESET)
</UL>
<P><STRONG><a name="[18]"></a>EXTI2_IRQHandler</STRONG> (Thumb, 18 bytes, Stack size 8 bytes, stm32f10x_it.o(.text))
<BR><BR>[Stack]<UL><LI>Max Depth = 8<LI>Call Chain = EXTI2_IRQHandler
</UL>
<BR>[Calls]<UL><LI><a href="#[85]">&gt;&gt;</a>&nbsp;&nbsp;&nbsp;EXTI_GetITStatus
<LI><a href="#[86]">&gt;&gt;</a>&nbsp;&nbsp;&nbsp;EXTI_ClearITPendingBit
</UL>
<BR>[Address Reference Count : 1]<UL><LI> stm32f10x_vector.o(RESET)
</UL>
<P><STRONG><a name="[19]"></a>EXTI3_IRQHandler</STRONG> (Thumb, 18 bytes, Stack size 8 bytes, stm32f10x_it.o(.text))
<BR><BR>[Stack]<UL><LI>Max Depth = 8<LI>Call Chain = EXTI3_IRQHandler
</UL>
<BR>[Calls]<UL><LI><a href="#[85]">&gt;&gt;</a>&nbsp;&nbsp;&nbsp;EXTI_GetITStatus
<LI><a href="#[86]">&gt;&gt;</a>&nbsp;&nbsp;&nbsp;EXTI_ClearITPendingBit
</UL>
<BR>[Address Reference Count : 1]<UL><LI> stm32f10x_vector.o(RESET)
</UL>
<P><STRONG><a name="[1a]"></a>EXTI4_IRQHandler</STRONG> (Thumb, 24 bytes, Stack size 8 bytes, stm32f10x_it.o(.text))
<BR><BR>[Stack]<UL><LI>Max Depth = 24<LI>Call Chain = EXTI4_IRQHandler &rArr; ppm_cal
</UL>
<BR>[Calls]<UL><LI><a href="#[87]">&gt;&gt;</a>&nbsp;&nbsp;&nbsp;ppm_cal
<LI><a href="#[85]">&gt;&gt;</a>&nbsp;&nbsp;&nbsp;EXTI_GetITStatus
<LI><a href="#[86]">&gt;&gt;</a>&nbsp;&nbsp;&nbsp;EXTI_ClearITPendingBit
</UL>
<BR>[Address Reference Count : 1]<UL><LI> stm32f10x_vector.o(RESET)
</UL>
<P><STRONG><a name="[1b]"></a>DMA1_Channel1_IRQHandler</STRONG> (Thumb, 2 bytes, Stack size 0 bytes, stm32f10x_it.o(.text))
<BR>[Address Reference Count : 1]<UL><LI> stm32f10x_vector.o(RESET)
</UL>
<P><STRONG><a name="[1c]"></a>DMA1_Channel2_IRQHandler</STRONG> (Thumb, 2 bytes, Stack size 0 bytes, stm32f10x_it.o(.text))
<BR>[Address Reference Count : 1]<UL><LI> stm32f10x_vector.o(RESET)
</UL>
<P><STRONG><a name="[1d]"></a>DMA1_Channel3_IRQHandler</STRONG> (Thumb, 2 bytes, Stack size 0 bytes, stm32f10x_it.o(.text))
<BR>[Address Reference Count : 1]<UL><LI> stm32f10x_vector.o(RESET)
</UL>
<P><STRONG><a name="[1e]"></a>DMA1_Channel4_IRQHandler</STRONG> (Thumb, 2 bytes, Stack size 0 bytes, stm32f10x_it.o(.text))
<BR>[Address Reference Count : 1]<UL><LI> stm32f10x_vector.o(RESET)
</UL>
<P><STRONG><a name="[1f]"></a>DMA1_Channel5_IRQHandler</STRONG> (Thumb, 2 bytes, Stack size 0 bytes, stm32f10x_it.o(.text))
<BR>[Address Reference Count : 1]<UL><LI> stm32f10x_vector.o(RESET)
</UL>
<P><STRONG><a name="[20]"></a>DMA1_Channel6_IRQHandler</STRONG> (Thumb, 2 bytes, Stack size 0 bytes, stm32f10x_it.o(.text))
<BR>[Address Reference Count : 1]<UL><LI> stm32f10x_vector.o(RESET)
</UL>
<P><STRONG><a name="[21]"></a>DMA1_Channel7_IRQHandler</STRONG> (Thumb, 2 bytes, Stack size 0 bytes, stm32f10x_it.o(.text))
<BR>[Address Reference Count : 1]<UL><LI> stm32f10x_vector.o(RESET)
</UL>
<P><STRONG><a name="[22]"></a>ADC1_2_IRQHandler</STRONG> (Thumb, 30 bytes, Stack size 8 bytes, stm32f10x_it.o(.text))
<BR><BR>[Stack]<UL><LI>Max Depth = 36<LI>Call Chain = ADC1_2_IRQHandler &rArr; Adc_isr &rArr; ADC_RegularChannelConfig
</UL>
<BR>[Calls]<UL><LI><a href="#[8a]">&gt;&gt;</a>&nbsp;&nbsp;&nbsp;Adc_isr
<LI><a href="#[88]">&gt;&gt;</a>&nbsp;&nbsp;&nbsp;ADC_GetITStatus
<LI><a href="#[89]">&gt;&gt;</a>&nbsp;&nbsp;&nbsp;ADC_ClearITPendingBit
</UL>
<BR>[Address Reference Count : 1]<UL><LI> stm32f10x_vector.o(RESET)
</UL>
<P><STRONG><a name="[23]"></a>USB_HP_CAN_TX_IRQHandler</STRONG> (Thumb, 2 bytes, Stack size 0 bytes, stm32f10x_it.o(.text))
<BR>[Address Reference Count : 1]<UL><LI> stm32f10x_vector.o(RESET)
</UL>
<P><STRONG><a name="[24]"></a>USB_LP_CAN_RX0_IRQHandler</STRONG> (Thumb, 2 bytes, Stack size 0 bytes, stm32f10x_it.o(.text))
<BR>[Address Reference Count : 1]<UL><LI> stm32f10x_vector.o(RESET)
</UL>
<P><STRONG><a name="[25]"></a>CAN_RX1_IRQHandler</STRONG> (Thumb, 2 bytes, Stack size 0 bytes, stm32f10x_it.o(.text))
<BR>[Address Reference Count : 1]<UL><LI> stm32f10x_vector.o(RESET)
</UL>
<P><STRONG><a name="[26]"></a>CAN_SCE_IRQHandler</STRONG> (Thumb, 2 bytes, Stack size 0 bytes, stm32f10x_it.o(.text))
<BR>[Address Reference Count : 1]<UL><LI> stm32f10x_vector.o(RESET)
</UL>
<P><STRONG><a name="[27]"></a>EXTI9_5_IRQHandler</STRONG> (Thumb, 98 bytes, Stack size 8 bytes, stm32f10x_it.o(.text))
<BR><BR>[Stack]<UL><LI>Max Depth = 24<LI>Call Chain = EXTI9_5_IRQHandler &rArr; ppm_cal
</UL>
<BR>[Calls]<UL><LI><a href="#[87]">&gt;&gt;</a>&nbsp;&nbsp;&nbsp;ppm_cal
<LI><a href="#[85]">&gt;&gt;</a>&nbsp;&nbsp;&nbsp;EXTI_GetITStatus
<LI><a href="#[86]">&gt;&gt;</a>&nbsp;&nbsp;&nbsp;EXTI_ClearITPendingBit
</UL>
<BR>[Address Reference Count : 1]<UL><LI> stm32f10x_vector.o(RESET)
</UL>
<P><STRONG><a name="[28]"></a>TIM1_BRK_IRQHandler</STRONG> (Thumb, 2 bytes, Stack size 0 bytes, stm32f10x_it.o(.text))
<BR>[Address Reference Count : 1]<UL><LI> stm32f10x_vector.o(RESET)
</UL>
<P><STRONG><a name="[29]"></a>TIM1_UP_IRQHandler</STRONG> (Thumb, 108 bytes, Stack size 8 bytes, stm32f10x_it.o(.text))
<BR><BR>[Stack]<UL><LI>Max Depth = 20<LI>Call Chain = TIM1_UP_IRQHandler &rArr; TIM_GetITStatus
</UL>
<BR>[Calls]<UL><LI><a href="#[90]">&gt;&gt;</a>&nbsp;&nbsp;&nbsp;TIM_SetCompare4
<LI><a href="#[8f]">&gt;&gt;</a>&nbsp;&nbsp;&nbsp;TIM_SetCompare3
<LI><a href="#[8e]">&gt;&gt;</a>&nbsp;&nbsp;&nbsp;TIM_SetCompare2
<LI><a href="#[8d]">&gt;&gt;</a>&nbsp;&nbsp;&nbsp;TIM_SetCompare1
<LI><a href="#[8b]">&gt;&gt;</a>&nbsp;&nbsp;&nbsp;TIM_GetITStatus
<LI><a href="#[8c]">&gt;&gt;</a>&nbsp;&nbsp;&nbsp;TIM_ClearITPendingBit
</UL>
<BR>[Address Reference Count : 1]<UL><LI> stm32f10x_vector.o(RESET)
</UL>
<P><STRONG><a name="[2a]"></a>TIM1_TRG_COM_IRQHandler</STRONG> (Thumb, 2 bytes, Stack size 0 bytes, stm32f10x_it.o(.text))
<BR>[Address Reference Count : 1]<UL><LI> stm32f10x_vector.o(RESET)
</UL>
<P><STRONG><a name="[2b]"></a>TIM1_CC_IRQHandler</STRONG> (Thumb, 2 bytes, Stack size 0 bytes, stm32f10x_it.o(.text))
<BR>[Address Reference Count : 1]<UL><LI> stm32f10x_vector.o(RESET)
</UL>
<P><STRONG><a name="[2c]"></a>TIM2_IRQHandler</STRONG> (Thumb, 48 bytes, Stack size 8 bytes, stm32f10x_it.o(.text))
<BR><BR>[Stack]<UL><LI>Max Depth = 20<LI>Call Chain = TIM2_IRQHandler &rArr; TIM_GetITStatus
</UL>
<BR>[Calls]<UL><LI><a href="#[8b]">&gt;&gt;</a>&nbsp;&nbsp;&nbsp;TIM_GetITStatus
<LI><a href="#[8c]">&gt;&gt;</a>&nbsp;&nbsp;&nbsp;TIM_ClearITPendingBit
</UL>
<BR>[Address Reference Count : 1]<UL><LI> stm32f10x_vector.o(RESET)
</UL>
<P><STRONG><a name="[2d]"></a>TIM3_IRQHandler</STRONG> (Thumb, 22 bytes, Stack size 8 bytes, stm32f10x_it.o(.text))
<BR><BR>[Stack]<UL><LI>Max Depth = 20<LI>Call Chain = TIM3_IRQHandler &rArr; TIM_GetITStatus
</UL>
<BR>[Calls]<UL><LI><a href="#[8b]">&gt;&gt;</a>&nbsp;&nbsp;&nbsp;TIM_GetITStatus
<LI><a href="#[8c]">&gt;&gt;</a>&nbsp;&nbsp;&nbsp;TIM_ClearITPendingBit
</UL>
<BR>[Address Reference Count : 1]<UL><LI> stm32f10x_vector.o(RESET)
</UL>
<P><STRONG><a name="[2e]"></a>TIM4_IRQHandler</STRONG> (Thumb, 12 bytes, Stack size 8 bytes, stm32f10x_it.o(.text))
<BR><BR>[Stack]<UL><LI>Max Depth = 20<LI>Call Chain = TIM4_IRQHandler &rArr; TIM_GetITStatus
</UL>
<BR>[Calls]<UL><LI><a href="#[8b]">&gt;&gt;</a>&nbsp;&nbsp;&nbsp;TIM_GetITStatus
</UL>
<BR>[Address Reference Count : 1]<UL><LI> stm32f10x_vector.o(RESET)
</UL>
<P><STRONG><a name="[2f]"></a>I2C1_EV_IRQHandler</STRONG> (Thumb, 2 bytes, Stack size 0 bytes, stm32f10x_it.o(.text))
<BR>[Address Reference Count : 1]<UL><LI> stm32f10x_vector.o(RESET)
</UL>
<P><STRONG><a name="[30]"></a>I2C1_ER_IRQHandler</STRONG> (Thumb, 2 bytes, Stack size 0 bytes, stm32f10x_it.o(.text))
<BR>[Address Reference Count : 1]<UL><LI> stm32f10x_vector.o(RESET)
</UL>
<P><STRONG><a name="[31]"></a>I2C2_EV_IRQHandler</STRONG> (Thumb, 2 bytes, Stack size 0 bytes, stm32f10x_it.o(.text))
<BR>[Address Reference Count : 1]<UL><LI> stm32f10x_vector.o(RESET)
</UL>
<P><STRONG><a name="[32]"></a>I2C2_ER_IRQHandler</STRONG> (Thumb, 2 bytes, Stack size 0 bytes, stm32f10x_it.o(.text))
<BR>[Address Reference Count : 1]<UL><LI> stm32f10x_vector.o(RESET)
</UL>
<P><STRONG><a name="[33]"></a>SPI1_IRQHandler</STRONG> (Thumb, 2 bytes, Stack size 0 bytes, stm32f10x_it.o(.text))
<BR>[Address Reference Count : 1]<UL><LI> stm32f10x_vector.o(RESET)
</UL>
<P><STRONG><a name="[34]"></a>SPI2_IRQHandler</STRONG> (Thumb, 2 bytes, Stack size 0 bytes, stm32f10x_it.o(.text))
<BR>[Address Reference Count : 1]<UL><LI> stm32f10x_vector.o(RESET)
</UL>
<P><STRONG><a name="[35]"></a>USART1_IRQHandler</STRONG> (Thumb, 42 bytes, Stack size 8 bytes, stm32f10x_it.o(.text))
<BR><BR>[Stack]<UL><LI>Max Depth = 16<LI>Call Chain = USART1_IRQHandler &rArr; USART_ClearITPendingBit
</UL>
<BR>[Calls]<UL><LI><a href="#[91]">&gt;&gt;</a>&nbsp;&nbsp;&nbsp;USART_GetFlagStatus
<LI><a href="#[92]">&gt;&gt;</a>&nbsp;&nbsp;&nbsp;USART_ClearITPendingBit
</UL>
<BR>[Address Reference Count : 1]<UL><LI> stm32f10x_vector.o(RESET)
</UL>
<P><STRONG><a name="[36]"></a>USART2_IRQHandler</STRONG> (Thumb, 22 bytes, Stack size 8 bytes, stm32f10x_it.o(.text))
<BR><BR>[Stack]<UL><LI>Max Depth = 24<LI>Call Chain = USART2_IRQHandler &rArr; USART2_isr
</UL>
<BR>[Calls]<UL><LI><a href="#[91]">&gt;&gt;</a>&nbsp;&nbsp;&nbsp;USART_GetFlagStatus
<LI><a href="#[93]">&gt;&gt;</a>&nbsp;&nbsp;&nbsp;USART2_isr
</UL>
<BR>[Address Reference Count : 1]<UL><LI> stm32f10x_vector.o(RESET)
</UL>
<P><STRONG><a name="[37]"></a>USART3_IRQHandler</STRONG> (Thumb, 28 bytes, Stack size 8 bytes, stm32f10x_it.o(.text))
<BR><BR>[Stack]<UL><LI>Max Depth = 16<LI>Call Chain = USART3_IRQHandler &rArr; USART_ClearITPendingBit
</UL>
<BR>[Calls]<UL><LI><a href="#[91]">&gt;&gt;</a>&nbsp;&nbsp;&nbsp;USART_GetFlagStatus
<LI><a href="#[92]">&gt;&gt;</a>&nbsp;&nbsp;&nbsp;USART_ClearITPendingBit
</UL>
<BR>[Address Reference Count : 1]<UL><LI> stm32f10x_vector.o(RESET)
</UL>
<P><STRONG><a name="[38]"></a>EXTI15_10_IRQHandler</STRONG> (Thumb, 52 bytes, Stack size 8 bytes, stm32f10x_it.o(.text))
<BR><BR>[Stack]<UL><LI>Max Depth = 16<LI>Call Chain = EXTI15_10_IRQHandler &rArr; Key_int_isr
</UL>
<BR>[Calls]<UL><LI><a href="#[94]">&gt;&gt;</a>&nbsp;&nbsp;&nbsp;Key_int_isr
<LI><a href="#[85]">&gt;&gt;</a>&nbsp;&nbsp;&nbsp;EXTI_GetITStatus
<LI><a href="#[86]">&gt;&gt;</a>&nbsp;&nbsp;&nbsp;EXTI_ClearITPendingBit
</UL>
<BR>[Address Reference Count : 1]<UL><LI> stm32f10x_vector.o(RESET)
</UL>
<P><STRONG><a name="[39]"></a>RTCAlarm_IRQHandler</STRONG> (Thumb, 2 bytes, Stack size 0 bytes, stm32f10x_it.o(.text))
<BR>[Address Reference Count : 1]<UL><LI> stm32f10x_vector.o(RESET)
</UL>
<P><STRONG><a name="[3a]"></a>USBWakeUp_IRQHandler</STRONG> (Thumb, 2 bytes, Stack size 0 bytes, stm32f10x_it.o(.text))
<BR>[Address Reference Count : 1]<UL><LI> stm32f10x_vector.o(RESET)
</UL>
<P><STRONG><a name="[3b]"></a>TIM8_BRK_IRQHandler</STRONG> (Thumb, 2 bytes, Stack size 0 bytes, stm32f10x_it.o(.text))
<BR>[Address Reference Count : 1]<UL><LI> stm32f10x_vector.o(RESET)
</UL>
<P><STRONG><a name="[3c]"></a>TIM8_UP_IRQHandler</STRONG> (Thumb, 2 bytes, Stack size 0 bytes, stm32f10x_it.o(.text))
<BR>[Address Reference Count : 1]<UL><LI> stm32f10x_vector.o(RESET)
</UL>
<P><STRONG><a name="[3d]"></a>TIM8_TRG_COM_IRQHandler</STRONG> (Thumb, 2 bytes, Stack size 0 bytes, stm32f10x_it.o(.text))
<BR>[Address Reference Count : 1]<UL><LI> stm32f10x_vector.o(RESET)
</UL>
<P><STRONG><a name="[3e]"></a>TIM8_CC_IRQHandler</STRONG> (Thumb, 2 bytes, Stack size 0 bytes, stm32f10x_it.o(.text))
<BR>[Address Reference Count : 1]<UL><LI> stm32f10x_vector.o(RESET)
</UL>
<P><STRONG><a name="[3f]"></a>ADC3_IRQHandler</STRONG> (Thumb, 30 bytes, Stack size 8 bytes, stm32f10x_it.o(.text))
<BR><BR>[Stack]<UL><LI>Max Depth = 36<LI>Call Chain = ADC3_IRQHandler &rArr; Adc_isr &rArr; ADC_RegularChannelConfig
</UL>
<BR>[Calls]<UL><LI><a href="#[8a]">&gt;&gt;</a>&nbsp;&nbsp;&nbsp;Adc_isr
<LI><a href="#[88]">&gt;&gt;</a>&nbsp;&nbsp;&nbsp;ADC_GetITStatus
<LI><a href="#[89]">&gt;&gt;</a>&nbsp;&nbsp;&nbsp;ADC_ClearITPendingBit
</UL>
<BR>[Address Reference Count : 1]<UL><LI> stm32f10x_vector.o(RESET)
</UL>
<P><STRONG><a name="[40]"></a>FSMC_IRQHandler</STRONG> (Thumb, 2 bytes, Stack size 0 bytes, stm32f10x_it.o(.text))
<BR>[Address Reference Count : 1]<UL><LI> stm32f10x_vector.o(RESET)
</UL>
<P><STRONG><a name="[41]"></a>SDIO_IRQHandler</STRONG> (Thumb, 2 bytes, Stack size 0 bytes, stm32f10x_it.o(.text))
<BR>[Address Reference Count : 1]<UL><LI> stm32f10x_vector.o(RESET)
</UL>
<P><STRONG><a name="[42]"></a>TIM5_IRQHandler</STRONG> (Thumb, 2 bytes, Stack size 0 bytes, stm32f10x_it.o(.text))
<BR>[Address Reference Count : 1]<UL><LI> stm32f10x_vector.o(RESET)
</UL>
<P><STRONG><a name="[43]"></a>SPI3_IRQHandler</STRONG> (Thumb, 2 bytes, Stack size 0 bytes, stm32f10x_it.o(.text))
<BR>[Address Reference Count : 1]<UL><LI> stm32f10x_vector.o(RESET)
</UL>
<P><STRONG><a name="[44]"></a>UART4_IRQHandler</STRONG> (Thumb, 2 bytes, Stack size 0 bytes, stm32f10x_it.o(.text))
<BR>[Address Reference Count : 1]<UL><LI> stm32f10x_vector.o(RESET)
</UL>
<P><STRONG><a name="[45]"></a>UART5_IRQHandler</STRONG> (Thumb, 2 bytes, Stack size 0 bytes, stm32f10x_it.o(.text))
<BR>[Address Reference Count : 1]<UL><LI> stm32f10x_vector.o(RESET)
</UL>
<P><STRONG><a name="[46]"></a>TIM6_IRQHandler</STRONG> (Thumb, 2 bytes, Stack size 0 bytes, stm32f10x_it.o(.text))
<BR>[Address Reference Count : 1]<UL><LI> stm32f10x_vector.o(RESET)
</UL>
<P><STRONG><a name="[47]"></a>TIM7_IRQHandler</STRONG> (Thumb, 2 bytes, Stack size 0 bytes, stm32f10x_it.o(.text))
<BR>[Address Reference Count : 1]<UL><LI> stm32f10x_vector.o(RESET)
</UL>
<P><STRONG><a name="[48]"></a>DMA2_Channel1_IRQHandler</STRONG> (Thumb, 2 bytes, Stack size 0 bytes, stm32f10x_it.o(.text))
<BR>[Address Reference Count : 1]<UL><LI> stm32f10x_vector.o(RESET)
</UL>
<P><STRONG><a name="[49]"></a>DMA2_Channel2_IRQHandler</STRONG> (Thumb, 2 bytes, Stack size 0 bytes, stm32f10x_it.o(.text))
<BR>[Address Reference Count : 1]<UL><LI> stm32f10x_vector.o(RESET)
</UL>
<P><STRONG><a name="[4a]"></a>DMA2_Channel3_IRQHandler</STRONG> (Thumb, 2 bytes, Stack size 0 bytes, stm32f10x_it.o(.text))
<BR>[Address Reference Count : 1]<UL><LI> stm32f10x_vector.o(RESET)
</UL>
<P><STRONG><a name="[4b]"></a>DMA2_Channel4_5_IRQHandler</STRONG> (Thumb, 2 bytes, Stack size 0 bytes, stm32f10x_it.o(.text))
<BR>[Address Reference Count : 1]<UL><LI> stm32f10x_vector.o(RESET)
</UL>
<P><STRONG><a name="[94]"></a>Key_int_isr</STRONG> (Thumb, 34 bytes, Stack size 8 bytes, key.o(.text))
<BR><BR>[Stack]<UL><LI>Max Depth = 8<LI>Call Chain = Key_int_isr
</UL>
<BR>[Calls]<UL><LI><a href="#[95]">&gt;&gt;</a>&nbsp;&nbsp;&nbsp;GPIO_ReadInputDataBit
</UL>
<BR>[Called By]<UL><LI><a href="#[38]">&gt;&gt;</a>&nbsp;&nbsp;&nbsp;EXTI15_10_IRQHandler
</UL>

<P><STRONG><a name="[75]"></a>Key_Init</STRONG> (Thumb, 108 bytes, Stack size 24 bytes, key.o(.text))
<BR><BR>[Stack]<UL><LI>Max Depth = 48<LI>Call Chain = Key_Init &rArr; GPIO_Init
</UL>
<BR>[Calls]<UL><LI><a href="#[99]">&gt;&gt;</a>&nbsp;&nbsp;&nbsp;NVIC_PriorityGroupConfig
<LI><a href="#[9a]">&gt;&gt;</a>&nbsp;&nbsp;&nbsp;NVIC_Init
<LI><a href="#[96]">&gt;&gt;</a>&nbsp;&nbsp;&nbsp;GPIO_Init
<LI><a href="#[97]">&gt;&gt;</a>&nbsp;&nbsp;&nbsp;GPIO_EXTILineConfig
<LI><a href="#[98]">&gt;&gt;</a>&nbsp;&nbsp;&nbsp;EXTI_Init
<LI><a href="#[6b]">&gt;&gt;</a>&nbsp;&nbsp;&nbsp;RCC_APB2PeriphClockCmd
</UL>
<BR>[Called By]<UL><LI><a href="#[57]">&gt;&gt;</a>&nbsp;&nbsp;&nbsp;main
</UL>

<P><STRONG><a name="[80]"></a>UART1_Put_Char</STRONG> (Thumb, 26 bytes, Stack size 8 bytes, com.o(.text))
<BR><BR>[Stack]<UL><LI>Max Depth = 8<LI>Call Chain = UART1_Put_Char
</UL>
<BR>[Calls]<UL><LI><a href="#[91]">&gt;&gt;</a>&nbsp;&nbsp;&nbsp;USART_GetFlagStatus
</UL>
<BR>[Called By]<UL><LI><a href="#[110]">&gt;&gt;</a>&nbsp;&nbsp;&nbsp;HMC58X3_getID
<LI><a href="#[104]">&gt;&gt;</a>&nbsp;&nbsp;&nbsp;HMC58X3_getmaxmin
<LI><a href="#[fd]">&gt;&gt;</a>&nbsp;&nbsp;&nbsp;HMC58X3_getRaw
<LI><a href="#[e0]">&gt;&gt;</a>&nbsp;&nbsp;&nbsp;S_6050_ready
<LI><a href="#[d2]">&gt;&gt;</a>&nbsp;&nbsp;&nbsp;S_6050_set
<LI><a href="#[a2]">&gt;&gt;</a>&nbsp;&nbsp;&nbsp;UART1_Put_num
<LI><a href="#[a0]">&gt;&gt;</a>&nbsp;&nbsp;&nbsp;UART1_Put_uChars
<LI><a href="#[9d]">&gt;&gt;</a>&nbsp;&nbsp;&nbsp;UART1_Put_int
<LI><a href="#[9b]">&gt;&gt;</a>&nbsp;&nbsp;&nbsp;UART1_ReportMotion
<LI><a href="#[73]">&gt;&gt;</a>&nbsp;&nbsp;&nbsp;UART1_Put_Chars
<LI><a href="#[57]">&gt;&gt;</a>&nbsp;&nbsp;&nbsp;main
</UL>

<P><STRONG><a name="[9b]"></a>UART1_ReportMotion</STRONG> (Thumb, 146 bytes, Stack size 24 bytes, com.o(.text), UNUSED)
<BR><BR>[Calls]<UL><LI><a href="#[80]">&gt;&gt;</a>&nbsp;&nbsp;&nbsp;UART1_Put_Char
</UL>

<P><STRONG><a name="[9c]"></a>UART1_Put_sChar</STRONG> (Thumb, 28 bytes, Stack size 8 bytes, com.o(.text))
<BR><BR>[Stack]<UL><LI>Max Depth = 8<LI>Call Chain = UART1_Put_sChar
</UL>
<BR>[Calls]<UL><LI><a href="#[91]">&gt;&gt;</a>&nbsp;&nbsp;&nbsp;USART_GetFlagStatus
</UL>
<BR>[Called By]<UL><LI><a href="#[9d]">&gt;&gt;</a>&nbsp;&nbsp;&nbsp;UART1_Put_int
</UL>

<P><STRONG><a name="[9d]"></a>UART1_Put_int</STRONG> (Thumb, 242 bytes, Stack size 40 bytes, com.o(.text))
<BR><BR>[Stack]<UL><LI>Max Depth = 72<LI>Call Chain = UART1_Put_int &rArr; __aeabi_d2iz
</UL>
<BR>[Calls]<UL><LI><a href="#[9c]">&gt;&gt;</a>&nbsp;&nbsp;&nbsp;UART1_Put_sChar
<LI><a href="#[80]">&gt;&gt;</a>&nbsp;&nbsp;&nbsp;UART1_Put_Char
<LI><a href="#[9e]">&gt;&gt;</a>&nbsp;&nbsp;&nbsp;__aeabi_i2d
<LI><a href="#[9f]">&gt;&gt;</a>&nbsp;&nbsp;&nbsp;__aeabi_d2iz
</UL>
<BR>[Called By]<UL><LI><a href="#[110]">&gt;&gt;</a>&nbsp;&nbsp;&nbsp;HMC58X3_getID
<LI><a href="#[104]">&gt;&gt;</a>&nbsp;&nbsp;&nbsp;HMC58X3_getmaxmin
<LI><a href="#[fd]">&gt;&gt;</a>&nbsp;&nbsp;&nbsp;HMC58X3_getRaw
<LI><a href="#[fb]">&gt;&gt;</a>&nbsp;&nbsp;&nbsp;HMC5883_ready
<LI><a href="#[f8]">&gt;&gt;</a>&nbsp;&nbsp;&nbsp;PID_ready
<LI><a href="#[f7]">&gt;&gt;</a>&nbsp;&nbsp;&nbsp;PID_data_out
<LI><a href="#[e9]">&gt;&gt;</a>&nbsp;&nbsp;&nbsp;moto_math
<LI><a href="#[e0]">&gt;&gt;</a>&nbsp;&nbsp;&nbsp;S_6050_ready
<LI><a href="#[d2]">&gt;&gt;</a>&nbsp;&nbsp;&nbsp;S_6050_set
</UL>

<P><STRONG><a name="[a0]"></a>UART1_Put_uChars</STRONG> (Thumb, 50 bytes, Stack size 8 bytes, com.o(.text), UNUSED)
<BR><BR>[Calls]<UL><LI><a href="#[91]">&gt;&gt;</a>&nbsp;&nbsp;&nbsp;USART_GetFlagStatus
<LI><a href="#[80]">&gt;&gt;</a>&nbsp;&nbsp;&nbsp;UART1_Put_Char
</UL>

<P><STRONG><a name="[73]"></a>UART1_Put_Chars</STRONG> (Thumb, 50 bytes, Stack size 8 bytes, com.o(.text))
<BR><BR>[Stack]<UL><LI>Max Depth = 16<LI>Call Chain = UART1_Put_Chars &rArr; UART1_Put_Char
</UL>
<BR>[Calls]<UL><LI><a href="#[91]">&gt;&gt;</a>&nbsp;&nbsp;&nbsp;USART_GetFlagStatus
<LI><a href="#[80]">&gt;&gt;</a>&nbsp;&nbsp;&nbsp;UART1_Put_Char
</UL>
<BR>[Called By]<UL><LI><a href="#[110]">&gt;&gt;</a>&nbsp;&nbsp;&nbsp;HMC58X3_getID
<LI><a href="#[104]">&gt;&gt;</a>&nbsp;&nbsp;&nbsp;HMC58X3_getmaxmin
<LI><a href="#[fd]">&gt;&gt;</a>&nbsp;&nbsp;&nbsp;HMC58X3_getRaw
<LI><a href="#[fb]">&gt;&gt;</a>&nbsp;&nbsp;&nbsp;HMC5883_ready
<LI><a href="#[fa]">&gt;&gt;</a>&nbsp;&nbsp;&nbsp;Ready_work
<LI><a href="#[f8]">&gt;&gt;</a>&nbsp;&nbsp;&nbsp;PID_ready
<LI><a href="#[f7]">&gt;&gt;</a>&nbsp;&nbsp;&nbsp;PID_data_out
<LI><a href="#[e7]">&gt;&gt;</a>&nbsp;&nbsp;&nbsp;WIFI_main_work
<LI><a href="#[e4]">&gt;&gt;</a>&nbsp;&nbsp;&nbsp;PPM_main_work
<LI><a href="#[e0]">&gt;&gt;</a>&nbsp;&nbsp;&nbsp;S_6050_ready
<LI><a href="#[d2]">&gt;&gt;</a>&nbsp;&nbsp;&nbsp;S_6050_set
<LI><a href="#[d1]">&gt;&gt;</a>&nbsp;&nbsp;&nbsp;HMC5883_Circling
<LI><a href="#[7d]">&gt;&gt;</a>&nbsp;&nbsp;&nbsp;Key_change_e2rom
<LI><a href="#[7c]">&gt;&gt;</a>&nbsp;&nbsp;&nbsp;HMC5883L_SetUp
<LI><a href="#[57]">&gt;&gt;</a>&nbsp;&nbsp;&nbsp;main
</UL>

<P><STRONG><a name="[a1]"></a>UART1_Put_Chars_noend</STRONG> (Thumb, 38 bytes, Stack size 8 bytes, com.o(.text))
<BR><BR>[Stack]<UL><LI>Max Depth = 8<LI>Call Chain = UART1_Put_Chars_noend
</UL>
<BR>[Calls]<UL><LI><a href="#[91]">&gt;&gt;</a>&nbsp;&nbsp;&nbsp;USART_GetFlagStatus
</UL>
<BR>[Called By]<UL><LI><a href="#[fb]">&gt;&gt;</a>&nbsp;&nbsp;&nbsp;HMC5883_ready
<LI><a href="#[e9]">&gt;&gt;</a>&nbsp;&nbsp;&nbsp;moto_math
<LI><a href="#[e0]">&gt;&gt;</a>&nbsp;&nbsp;&nbsp;S_6050_ready
<LI><a href="#[d2]">&gt;&gt;</a>&nbsp;&nbsp;&nbsp;S_6050_set
</UL>

<P><STRONG><a name="[a2]"></a>UART1_Put_num</STRONG> (Thumb, 30 bytes, Stack size 16 bytes, com.o(.text), UNUSED)
<BR><BR>[Calls]<UL><LI><a href="#[80]">&gt;&gt;</a>&nbsp;&nbsp;&nbsp;UART1_Put_Char
</UL>

<P><STRONG><a name="[72]"></a>USART_Configuration</STRONG> (Thumb, 108 bytes, Stack size 24 bytes, com.o(.text))
<BR><BR>[Stack]<UL><LI>Max Depth = 92<LI>Call Chain = USART_Configuration &rArr; USART_Init &rArr; RCC_GetClocksFreq
</UL>
<BR>[Calls]<UL><LI><a href="#[a4]">&gt;&gt;</a>&nbsp;&nbsp;&nbsp;USART_Init
<LI><a href="#[a5]">&gt;&gt;</a>&nbsp;&nbsp;&nbsp;USART_Cmd
<LI><a href="#[a3]">&gt;&gt;</a>&nbsp;&nbsp;&nbsp;GPIO_PinRemapConfig
<LI><a href="#[96]">&gt;&gt;</a>&nbsp;&nbsp;&nbsp;GPIO_Init
<LI><a href="#[6b]">&gt;&gt;</a>&nbsp;&nbsp;&nbsp;RCC_APB2PeriphClockCmd
</UL>
<BR>[Called By]<UL><LI><a href="#[57]">&gt;&gt;</a>&nbsp;&nbsp;&nbsp;main
</UL>

<P><STRONG><a name="[76]"></a>IIC_Init</STRONG> (Thumb, 40 bytes, Stack size 8 bytes, ioi2c.o(.text))
<BR><BR>[Stack]<UL><LI>Max Depth = 32<LI>Call Chain = IIC_Init &rArr; GPIO_Init
</UL>
<BR>[Calls]<UL><LI><a href="#[96]">&gt;&gt;</a>&nbsp;&nbsp;&nbsp;GPIO_Init
<LI><a href="#[6b]">&gt;&gt;</a>&nbsp;&nbsp;&nbsp;RCC_APB2PeriphClockCmd
</UL>
<BR>[Called By]<UL><LI><a href="#[57]">&gt;&gt;</a>&nbsp;&nbsp;&nbsp;main
</UL>

<P><STRONG><a name="[a6]"></a>IIC_Start</STRONG> (Thumb, 76 bytes, Stack size 8 bytes, ioi2c.o(.text))
<BR><BR>[Stack]<UL><LI>Max Depth = 8<LI>Call Chain = IIC_Start
</UL>
<BR>[Calls]<UL><LI><a href="#[a7]">&gt;&gt;</a>&nbsp;&nbsp;&nbsp;delay_us
</UL>
<BR>[Called By]<UL><LI><a href="#[b2]">&gt;&gt;</a>&nbsp;&nbsp;&nbsp;IICwrite_CMD
<LI><a href="#[b1]">&gt;&gt;</a>&nbsp;&nbsp;&nbsp;IICwriteBytes
<LI><a href="#[b0]">&gt;&gt;</a>&nbsp;&nbsp;&nbsp;IIC_readBytes
<LI><a href="#[af]">&gt;&gt;</a>&nbsp;&nbsp;&nbsp;IICreadBytes
<LI><a href="#[ae]">&gt;&gt;</a>&nbsp;&nbsp;&nbsp;I2C_ReadOneByte
</UL>

<P><STRONG><a name="[a8]"></a>IIC_Stop</STRONG> (Thumb, 74 bytes, Stack size 8 bytes, ioi2c.o(.text))
<BR><BR>[Stack]<UL><LI>Max Depth = 8<LI>Call Chain = IIC_Stop
</UL>
<BR>[Calls]<UL><LI><a href="#[a7]">&gt;&gt;</a>&nbsp;&nbsp;&nbsp;delay_us
</UL>
<BR>[Called By]<UL><LI><a href="#[b2]">&gt;&gt;</a>&nbsp;&nbsp;&nbsp;IICwrite_CMD
<LI><a href="#[b1]">&gt;&gt;</a>&nbsp;&nbsp;&nbsp;IICwriteBytes
<LI><a href="#[b0]">&gt;&gt;</a>&nbsp;&nbsp;&nbsp;IIC_readBytes
<LI><a href="#[af]">&gt;&gt;</a>&nbsp;&nbsp;&nbsp;IICreadBytes
<LI><a href="#[ae]">&gt;&gt;</a>&nbsp;&nbsp;&nbsp;I2C_ReadOneByte
<LI><a href="#[a9]">&gt;&gt;</a>&nbsp;&nbsp;&nbsp;IIC_Wait_Ack
</UL>

<P><STRONG><a name="[a9]"></a>IIC_Wait_Ack</STRONG> (Thumb, 96 bytes, Stack size 8 bytes, ioi2c.o(.text))
<BR><BR>[Stack]<UL><LI>Max Depth = 16<LI>Call Chain = IIC_Wait_Ack &rArr; IIC_Stop
</UL>
<BR>[Calls]<UL><LI><a href="#[a7]">&gt;&gt;</a>&nbsp;&nbsp;&nbsp;delay_us
<LI><a href="#[a8]">&gt;&gt;</a>&nbsp;&nbsp;&nbsp;IIC_Stop
</UL>
<BR>[Called By]<UL><LI><a href="#[b2]">&gt;&gt;</a>&nbsp;&nbsp;&nbsp;IICwrite_CMD
<LI><a href="#[b1]">&gt;&gt;</a>&nbsp;&nbsp;&nbsp;IICwriteBytes
<LI><a href="#[b0]">&gt;&gt;</a>&nbsp;&nbsp;&nbsp;IIC_readBytes
<LI><a href="#[af]">&gt;&gt;</a>&nbsp;&nbsp;&nbsp;IICreadBytes
<LI><a href="#[ae]">&gt;&gt;</a>&nbsp;&nbsp;&nbsp;I2C_ReadOneByte
</UL>

<P><STRONG><a name="[aa]"></a>IIC_Ack</STRONG> (Thumb, 78 bytes, Stack size 8 bytes, ioi2c.o(.text))
<BR><BR>[Stack]<UL><LI>Max Depth = 8<LI>Call Chain = IIC_Ack
</UL>
<BR>[Calls]<UL><LI><a href="#[a7]">&gt;&gt;</a>&nbsp;&nbsp;&nbsp;delay_us
</UL>
<BR>[Called By]<UL><LI><a href="#[ad]">&gt;&gt;</a>&nbsp;&nbsp;&nbsp;IIC_Read_Byte
</UL>

<P><STRONG><a name="[ab]"></a>IIC_NAck</STRONG> (Thumb, 74 bytes, Stack size 8 bytes, ioi2c.o(.text))
<BR><BR>[Stack]<UL><LI>Max Depth = 8<LI>Call Chain = IIC_NAck
</UL>
<BR>[Calls]<UL><LI><a href="#[a7]">&gt;&gt;</a>&nbsp;&nbsp;&nbsp;delay_us
</UL>
<BR>[Called By]<UL><LI><a href="#[ad]">&gt;&gt;</a>&nbsp;&nbsp;&nbsp;IIC_Read_Byte
</UL>

<P><STRONG><a name="[ac]"></a>IIC_Send_Byte</STRONG> (Thumb, 102 bytes, Stack size 16 bytes, ioi2c.o(.text))
<BR><BR>[Stack]<UL><LI>Max Depth = 16<LI>Call Chain = IIC_Send_Byte
</UL>
<BR>[Calls]<UL><LI><a href="#[a7]">&gt;&gt;</a>&nbsp;&nbsp;&nbsp;delay_us
</UL>
<BR>[Called By]<UL><LI><a href="#[b2]">&gt;&gt;</a>&nbsp;&nbsp;&nbsp;IICwrite_CMD
<LI><a href="#[b1]">&gt;&gt;</a>&nbsp;&nbsp;&nbsp;IICwriteBytes
<LI><a href="#[b0]">&gt;&gt;</a>&nbsp;&nbsp;&nbsp;IIC_readBytes
<LI><a href="#[af]">&gt;&gt;</a>&nbsp;&nbsp;&nbsp;IICreadBytes
<LI><a href="#[ae]">&gt;&gt;</a>&nbsp;&nbsp;&nbsp;I2C_ReadOneByte
</UL>

<P><STRONG><a name="[ad]"></a>IIC_Read_Byte</STRONG> (Thumb, 106 bytes, Stack size 16 bytes, ioi2c.o(.text))
<BR><BR>[Stack]<UL><LI>Max Depth = 24<LI>Call Chain = IIC_Read_Byte &rArr; IIC_NAck
</UL>
<BR>[Calls]<UL><LI><a href="#[a7]">&gt;&gt;</a>&nbsp;&nbsp;&nbsp;delay_us
<LI><a href="#[ab]">&gt;&gt;</a>&nbsp;&nbsp;&nbsp;IIC_NAck
<LI><a href="#[aa]">&gt;&gt;</a>&nbsp;&nbsp;&nbsp;IIC_Ack
</UL>
<BR>[Called By]<UL><LI><a href="#[b0]">&gt;&gt;</a>&nbsp;&nbsp;&nbsp;IIC_readBytes
<LI><a href="#[af]">&gt;&gt;</a>&nbsp;&nbsp;&nbsp;IICreadBytes
<LI><a href="#[ae]">&gt;&gt;</a>&nbsp;&nbsp;&nbsp;I2C_ReadOneByte
</UL>

<P><STRONG><a name="[ae]"></a>I2C_ReadOneByte</STRONG> (Thumb, 70 bytes, Stack size 16 bytes, ioi2c.o(.text))
<BR><BR>[Stack]<UL><LI>Max Depth = 40<LI>Call Chain = I2C_ReadOneByte &rArr; IIC_Read_Byte &rArr; IIC_NAck
</UL>
<BR>[Calls]<UL><LI><a href="#[ad]">&gt;&gt;</a>&nbsp;&nbsp;&nbsp;IIC_Read_Byte
<LI><a href="#[ac]">&gt;&gt;</a>&nbsp;&nbsp;&nbsp;IIC_Send_Byte
<LI><a href="#[a9]">&gt;&gt;</a>&nbsp;&nbsp;&nbsp;IIC_Wait_Ack
<LI><a href="#[a8]">&gt;&gt;</a>&nbsp;&nbsp;&nbsp;IIC_Stop
<LI><a href="#[a6]">&gt;&gt;</a>&nbsp;&nbsp;&nbsp;IIC_Start
</UL>
<BR>[Called By]<UL><LI><a href="#[110]">&gt;&gt;</a>&nbsp;&nbsp;&nbsp;HMC58X3_getID
<LI><a href="#[b3]">&gt;&gt;</a>&nbsp;&nbsp;&nbsp;IICreadByte
</UL>

<P><STRONG><a name="[af]"></a>IICreadBytes</STRONG> (Thumb, 102 bytes, Stack size 24 bytes, ioi2c.o(.text))
<BR><BR>[Stack]<UL><LI>Max Depth = 48<LI>Call Chain = IICreadBytes &rArr; IIC_Read_Byte &rArr; IIC_NAck
</UL>
<BR>[Calls]<UL><LI><a href="#[ad]">&gt;&gt;</a>&nbsp;&nbsp;&nbsp;IIC_Read_Byte
<LI><a href="#[ac]">&gt;&gt;</a>&nbsp;&nbsp;&nbsp;IIC_Send_Byte
<LI><a href="#[a9]">&gt;&gt;</a>&nbsp;&nbsp;&nbsp;IIC_Wait_Ack
<LI><a href="#[a8]">&gt;&gt;</a>&nbsp;&nbsp;&nbsp;IIC_Stop
<LI><a href="#[a6]">&gt;&gt;</a>&nbsp;&nbsp;&nbsp;IIC_Start
</UL>
<BR>[Called By]<UL><LI><a href="#[fd]">&gt;&gt;</a>&nbsp;&nbsp;&nbsp;HMC58X3_getRaw
<LI><a href="#[dd]">&gt;&gt;</a>&nbsp;&nbsp;&nbsp;MPU6050_getMotion
<LI><a href="#[d7]">&gt;&gt;</a>&nbsp;&nbsp;&nbsp;MPU6050_getDeviceID
<LI><a href="#[d1]">&gt;&gt;</a>&nbsp;&nbsp;&nbsp;HMC5883_Circling
</UL>

<P><STRONG><a name="[b0]"></a>IIC_readBytes</STRONG> (Thumb, 74 bytes, Stack size 24 bytes, ioi2c.o(.text), UNUSED)
<BR><BR>[Calls]<UL><LI><a href="#[ad]">&gt;&gt;</a>&nbsp;&nbsp;&nbsp;IIC_Read_Byte
<LI><a href="#[ac]">&gt;&gt;</a>&nbsp;&nbsp;&nbsp;IIC_Send_Byte
<LI><a href="#[a9]">&gt;&gt;</a>&nbsp;&nbsp;&nbsp;IIC_Wait_Ack
<LI><a href="#[a8]">&gt;&gt;</a>&nbsp;&nbsp;&nbsp;IIC_Stop
<LI><a href="#[a6]">&gt;&gt;</a>&nbsp;&nbsp;&nbsp;IIC_Start
</UL>

<P><STRONG><a name="[b1]"></a>IICwriteBytes</STRONG> (Thumb, 70 bytes, Stack size 24 bytes, ioi2c.o(.text))
<BR><BR>[Stack]<UL><LI>Max Depth = 40<LI>Call Chain = IICwriteBytes &rArr; IIC_Send_Byte
</UL>
<BR>[Calls]<UL><LI><a href="#[ac]">&gt;&gt;</a>&nbsp;&nbsp;&nbsp;IIC_Send_Byte
<LI><a href="#[a9]">&gt;&gt;</a>&nbsp;&nbsp;&nbsp;IIC_Wait_Ack
<LI><a href="#[a8]">&gt;&gt;</a>&nbsp;&nbsp;&nbsp;IIC_Stop
<LI><a href="#[a6]">&gt;&gt;</a>&nbsp;&nbsp;&nbsp;IIC_Start
</UL>
<BR>[Called By]<UL><LI><a href="#[b4]">&gt;&gt;</a>&nbsp;&nbsp;&nbsp;IICwriteByte
</UL>

<P><STRONG><a name="[b2]"></a>IICwrite_CMD</STRONG> (Thumb, 38 bytes, Stack size 16 bytes, ioi2c.o(.text), UNUSED)
<BR><BR>[Calls]<UL><LI><a href="#[ac]">&gt;&gt;</a>&nbsp;&nbsp;&nbsp;IIC_Send_Byte
<LI><a href="#[a9]">&gt;&gt;</a>&nbsp;&nbsp;&nbsp;IIC_Wait_Ack
<LI><a href="#[a8]">&gt;&gt;</a>&nbsp;&nbsp;&nbsp;IIC_Stop
<LI><a href="#[a6]">&gt;&gt;</a>&nbsp;&nbsp;&nbsp;IIC_Start
</UL>

<P><STRONG><a name="[b3]"></a>IICreadByte</STRONG> (Thumb, 22 bytes, Stack size 16 bytes, ioi2c.o(.text))
<BR><BR>[Stack]<UL><LI>Max Depth = 56<LI>Call Chain = IICreadByte &rArr; I2C_ReadOneByte &rArr; IIC_Read_Byte &rArr; IIC_NAck
</UL>
<BR>[Calls]<UL><LI><a href="#[ae]">&gt;&gt;</a>&nbsp;&nbsp;&nbsp;I2C_ReadOneByte
</UL>
<BR>[Called By]<UL><LI><a href="#[b6]">&gt;&gt;</a>&nbsp;&nbsp;&nbsp;IICwriteBit
<LI><a href="#[b5]">&gt;&gt;</a>&nbsp;&nbsp;&nbsp;IICwriteBits
</UL>

<P><STRONG><a name="[b4]"></a>IICwriteByte</STRONG> (Thumb, 50 bytes, Stack size 24 bytes, ioi2c.o(.text))
<BR><BR>[Stack]<UL><LI>Max Depth = 64<LI>Call Chain = IICwriteByte &rArr; IICwriteBytes &rArr; IIC_Send_Byte
</UL>
<BR>[Calls]<UL><LI><a href="#[b1]">&gt;&gt;</a>&nbsp;&nbsp;&nbsp;IICwriteBytes
</UL>
<BR>[Called By]<UL><LI><a href="#[105]">&gt;&gt;</a>&nbsp;&nbsp;&nbsp;HMC58X3_writeReg
<LI><a href="#[b6]">&gt;&gt;</a>&nbsp;&nbsp;&nbsp;IICwriteBit
<LI><a href="#[b5]">&gt;&gt;</a>&nbsp;&nbsp;&nbsp;IICwriteBits
</UL>

<P><STRONG><a name="[b5]"></a>IICwriteBits</STRONG> (Thumb, 110 bytes, Stack size 32 bytes, ioi2c.o(.text))
<BR><BR>[Stack]<UL><LI>Max Depth = 96<LI>Call Chain = IICwriteBits &rArr; IICwriteByte &rArr; IICwriteBytes &rArr; IIC_Send_Byte
</UL>
<BR>[Calls]<UL><LI><a href="#[b4]">&gt;&gt;</a>&nbsp;&nbsp;&nbsp;IICwriteByte
<LI><a href="#[b3]">&gt;&gt;</a>&nbsp;&nbsp;&nbsp;IICreadByte
</UL>
<BR>[Called By]<UL><LI><a href="#[d5]">&gt;&gt;</a>&nbsp;&nbsp;&nbsp;MPU6050_setFullScaleAccelRange
<LI><a href="#[d4]">&gt;&gt;</a>&nbsp;&nbsp;&nbsp;MPU6050_setFullScaleGyroRange
<LI><a href="#[d3]">&gt;&gt;</a>&nbsp;&nbsp;&nbsp;MPU6050_setClockSource
</UL>

<P><STRONG><a name="[b6]"></a>IICwriteBit</STRONG> (Thumb, 64 bytes, Stack size 24 bytes, ioi2c.o(.text))
<BR><BR>[Stack]<UL><LI>Max Depth = 88<LI>Call Chain = IICwriteBit &rArr; IICwriteByte &rArr; IICwriteBytes &rArr; IIC_Send_Byte
</UL>
<BR>[Calls]<UL><LI><a href="#[b4]">&gt;&gt;</a>&nbsp;&nbsp;&nbsp;IICwriteByte
<LI><a href="#[b3]">&gt;&gt;</a>&nbsp;&nbsp;&nbsp;IICreadByte
</UL>
<BR>[Called By]<UL><LI><a href="#[da]">&gt;&gt;</a>&nbsp;&nbsp;&nbsp;MPU6050_setI2CBypassEnabled
<LI><a href="#[d9]">&gt;&gt;</a>&nbsp;&nbsp;&nbsp;MPU6050_setI2CMasterModeEnabled
<LI><a href="#[d6]">&gt;&gt;</a>&nbsp;&nbsp;&nbsp;MPU6050_setSleepEnabled
<LI><a href="#[7b]">&gt;&gt;</a>&nbsp;&nbsp;&nbsp;MPU6050_initialize
</UL>

<P><STRONG><a name="[a7]"></a>delay_us</STRONG> (Thumb, 26 bytes, Stack size 0 bytes, delay.o(.text))
<BR><BR>[Called By]<UL><LI><a href="#[10d]">&gt;&gt;</a>&nbsp;&nbsp;&nbsp;HMC58X3_init
<LI><a href="#[106]">&gt;&gt;</a>&nbsp;&nbsp;&nbsp;HMC58X3_setMode
<LI><a href="#[b7]">&gt;&gt;</a>&nbsp;&nbsp;&nbsp;delay_ms
<LI><a href="#[ad]">&gt;&gt;</a>&nbsp;&nbsp;&nbsp;IIC_Read_Byte
<LI><a href="#[ac]">&gt;&gt;</a>&nbsp;&nbsp;&nbsp;IIC_Send_Byte
<LI><a href="#[ab]">&gt;&gt;</a>&nbsp;&nbsp;&nbsp;IIC_NAck
<LI><a href="#[aa]">&gt;&gt;</a>&nbsp;&nbsp;&nbsp;IIC_Ack
<LI><a href="#[a9]">&gt;&gt;</a>&nbsp;&nbsp;&nbsp;IIC_Wait_Ack
<LI><a href="#[a8]">&gt;&gt;</a>&nbsp;&nbsp;&nbsp;IIC_Stop
<LI><a href="#[a6]">&gt;&gt;</a>&nbsp;&nbsp;&nbsp;IIC_Start
<LI><a href="#[7c]">&gt;&gt;</a>&nbsp;&nbsp;&nbsp;HMC5883L_SetUp
</UL>

<P><STRONG><a name="[b7]"></a>delay_ms</STRONG> (Thumb, 26 bytes, Stack size 12 bytes, delay.o(.text))
<BR><BR>[Stack]<UL><LI>Max Depth = 12<LI>Call Chain = delay_ms
</UL>
<BR>[Calls]<UL><LI><a href="#[a7]">&gt;&gt;</a>&nbsp;&nbsp;&nbsp;delay_us
</UL>
<BR>[Called By]<UL><LI><a href="#[fb]">&gt;&gt;</a>&nbsp;&nbsp;&nbsp;HMC5883_ready
<LI><a href="#[e0]">&gt;&gt;</a>&nbsp;&nbsp;&nbsp;S_6050_ready
<LI><a href="#[d2]">&gt;&gt;</a>&nbsp;&nbsp;&nbsp;S_6050_set
<LI><a href="#[7a]">&gt;&gt;</a>&nbsp;&nbsp;&nbsp;delay_100ms
<LI><a href="#[78]">&gt;&gt;</a>&nbsp;&nbsp;&nbsp;Adc_Init
</UL>

<P><STRONG><a name="[7a]"></a>delay_100ms</STRONG> (Thumb, 24 bytes, Stack size 12 bytes, delay.o(.text))
<BR><BR>[Stack]<UL><LI>Max Depth = 24<LI>Call Chain = delay_100ms &rArr; delay_ms
</UL>
<BR>[Calls]<UL><LI><a href="#[b7]">&gt;&gt;</a>&nbsp;&nbsp;&nbsp;delay_ms
</UL>
<BR>[Called By]<UL><LI><a href="#[fb]">&gt;&gt;</a>&nbsp;&nbsp;&nbsp;HMC5883_ready
<LI><a href="#[e0]">&gt;&gt;</a>&nbsp;&nbsp;&nbsp;S_6050_ready
<LI><a href="#[d2]">&gt;&gt;</a>&nbsp;&nbsp;&nbsp;S_6050_set
<LI><a href="#[57]">&gt;&gt;</a>&nbsp;&nbsp;&nbsp;main
</UL>

<P><STRONG><a name="[77]"></a>moto_Init</STRONG> (Thumb, 298 bytes, Stack size 40 bytes, moto-tim.o(.text))
<BR><BR>[Stack]<UL><LI>Max Depth = 64<LI>Call Chain = moto_Init &rArr; GPIO_Init
</UL>
<BR>[Calls]<UL><LI><a href="#[b8]">&gt;&gt;</a>&nbsp;&nbsp;&nbsp;TIM_TimeBaseInit
<LI><a href="#[bd]">&gt;&gt;</a>&nbsp;&nbsp;&nbsp;TIM_OC4Init
<LI><a href="#[bc]">&gt;&gt;</a>&nbsp;&nbsp;&nbsp;TIM_OC3PreloadConfig
<LI><a href="#[bb]">&gt;&gt;</a>&nbsp;&nbsp;&nbsp;TIM_OC3Init
<LI><a href="#[ba]">&gt;&gt;</a>&nbsp;&nbsp;&nbsp;TIM_OC2Init
<LI><a href="#[b9]">&gt;&gt;</a>&nbsp;&nbsp;&nbsp;TIM_OC1Init
<LI><a href="#[be]">&gt;&gt;</a>&nbsp;&nbsp;&nbsp;TIM_ITConfig
<LI><a href="#[c0]">&gt;&gt;</a>&nbsp;&nbsp;&nbsp;TIM_CtrlPWMOutputs
<LI><a href="#[bf]">&gt;&gt;</a>&nbsp;&nbsp;&nbsp;TIM_Cmd
<LI><a href="#[9a]">&gt;&gt;</a>&nbsp;&nbsp;&nbsp;NVIC_Init
<LI><a href="#[96]">&gt;&gt;</a>&nbsp;&nbsp;&nbsp;GPIO_Init
<LI><a href="#[6b]">&gt;&gt;</a>&nbsp;&nbsp;&nbsp;RCC_APB2PeriphClockCmd
</UL>
<BR>[Called By]<UL><LI><a href="#[57]">&gt;&gt;</a>&nbsp;&nbsp;&nbsp;main
</UL>

<P><STRONG><a name="[71]"></a>led_Init</STRONG> (Thumb, 40 bytes, Stack size 8 bytes, led.o(.text))
<BR><BR>[Stack]<UL><LI>Max Depth = 32<LI>Call Chain = led_Init &rArr; GPIO_Init
</UL>
<BR>[Calls]<UL><LI><a href="#[96]">&gt;&gt;</a>&nbsp;&nbsp;&nbsp;GPIO_Init
<LI><a href="#[6b]">&gt;&gt;</a>&nbsp;&nbsp;&nbsp;RCC_APB2PeriphClockCmd
</UL>
<BR>[Called By]<UL><LI><a href="#[57]">&gt;&gt;</a>&nbsp;&nbsp;&nbsp;main
</UL>

<P><STRONG><a name="[74]"></a>sys_tim_init</STRONG> (Thumb, 2 bytes, Stack size 0 bytes, led.o(.text))
<BR><BR>[Called By]<UL><LI><a href="#[57]">&gt;&gt;</a>&nbsp;&nbsp;&nbsp;main
</UL>

<P><STRONG><a name="[83]"></a>sys_tim_isr</STRONG> (Thumb, 404 bytes, Stack size 8 bytes, led.o(.text))
<BR><BR>[Stack]<UL><LI>Max Depth = 112<LI>Call Chain = sys_tim_isr &rArr; HMC5883_check_work &rArr; HMC5883_setwork &rArr; HMC58X3_setMode &rArr; HMC58X3_writeReg &rArr; IICwriteByte &rArr; IICwriteBytes &rArr; IIC_Send_Byte
</UL>
<BR>[Calls]<UL><LI><a href="#[c1]">&gt;&gt;</a>&nbsp;&nbsp;&nbsp;No_PPM_check
<LI><a href="#[c2]">&gt;&gt;</a>&nbsp;&nbsp;&nbsp;HMC5883_check_work
</UL>
<BR>[Called By]<UL><LI><a href="#[f]">&gt;&gt;</a>&nbsp;&nbsp;&nbsp;SysTickHandler
</UL>

<P><STRONG><a name="[1ba]"></a>test_e2rom_write_read_path</STRONG> (Thumb, 2 bytes, Stack size 0 bytes, eeprom.o(.text), UNUSED)

<P><STRONG><a name="[c4]"></a>MemReadByte</STRONG> (Thumb, 30 bytes, Stack size 12 bytes, eeprom.o(.text))
<BR><BR>[Stack]<UL><LI>Max Depth = 12<LI>Call Chain = MemReadByte
</UL>
<BR>[Called By]<UL><LI><a href="#[ce]">&gt;&gt;</a>&nbsp;&nbsp;&nbsp;e2rom_mpu6050_read
<LI><a href="#[c3]">&gt;&gt;</a>&nbsp;&nbsp;&nbsp;e2rom_StrPID_read
<LI><a href="#[7e]">&gt;&gt;</a>&nbsp;&nbsp;&nbsp;e2rom_data_read
</UL>

<P><STRONG><a name="[c3]"></a>e2rom_StrPID_read</STRONG> (Thumb, 32 bytes, Stack size 2056 bytes, eeprom.o(.text))
<BR><BR>[Stack]<UL><LI>Max Depth = 2068<LI>Call Chain = e2rom_StrPID_read &rArr; MemReadByte
</UL>
<BR>[Calls]<UL><LI><a href="#[c4]">&gt;&gt;</a>&nbsp;&nbsp;&nbsp;MemReadByte
<LI><a href="#[c5]">&gt;&gt;</a>&nbsp;&nbsp;&nbsp;__aeabi_memcpy
</UL>
<BR>[Called By]<UL><LI><a href="#[101]">&gt;&gt;</a>&nbsp;&nbsp;&nbsp;handset_Reply
<LI><a href="#[f8]">&gt;&gt;</a>&nbsp;&nbsp;&nbsp;PID_ready
</UL>

<P><STRONG><a name="[c6]"></a>MemWriteByte</STRONG> (Thumb, 82 bytes, Stack size 24 bytes, eeprom.o(.text))
<BR><BR>[Stack]<UL><LI>Max Depth = 56<LI>Call Chain = MemWriteByte &rArr; FLASH_ProgramHalfWord &rArr; FLASH_WaitForLastOperation
</UL>
<BR>[Calls]<UL><LI><a href="#[c7]">&gt;&gt;</a>&nbsp;&nbsp;&nbsp;FLASH_Unlock
<LI><a href="#[ca]">&gt;&gt;</a>&nbsp;&nbsp;&nbsp;FLASH_ProgramHalfWord
<LI><a href="#[c9]">&gt;&gt;</a>&nbsp;&nbsp;&nbsp;FLASH_Lock
<LI><a href="#[c8]">&gt;&gt;</a>&nbsp;&nbsp;&nbsp;FLASH_ErasePage
</UL>
<BR>[Called By]<UL><LI><a href="#[cc]">&gt;&gt;</a>&nbsp;&nbsp;&nbsp;e2rom_data_write
<LI><a href="#[cb]">&gt;&gt;</a>&nbsp;&nbsp;&nbsp;e2rom_StrPID_write
</UL>

<P><STRONG><a name="[cb]"></a>e2rom_StrPID_write</STRONG> (Thumb, 32 bytes, Stack size 2056 bytes, eeprom.o(.text))
<BR><BR>[Stack]<UL><LI>Max Depth = 2112<LI>Call Chain = e2rom_StrPID_write &rArr; MemWriteByte &rArr; FLASH_ProgramHalfWord &rArr; FLASH_WaitForLastOperation
</UL>
<BR>[Calls]<UL><LI><a href="#[c6]">&gt;&gt;</a>&nbsp;&nbsp;&nbsp;MemWriteByte
<LI><a href="#[c5]">&gt;&gt;</a>&nbsp;&nbsp;&nbsp;__aeabi_memcpy
</UL>
<BR>[Called By]<UL><LI><a href="#[101]">&gt;&gt;</a>&nbsp;&nbsp;&nbsp;handset_Reply
<LI><a href="#[f8]">&gt;&gt;</a>&nbsp;&nbsp;&nbsp;PID_ready
</UL>

<P><STRONG><a name="[cc]"></a>e2rom_data_write</STRONG> (Thumb, 158 bytes, Stack size 32 bytes, eeprom.o(.text))
<BR><BR>[Stack]<UL><LI>Max Depth = 88<LI>Call Chain = e2rom_data_write &rArr; MemWriteByte &rArr; FLASH_ProgramHalfWord &rArr; FLASH_WaitForLastOperation
</UL>
<BR>[Calls]<UL><LI><a href="#[c6]">&gt;&gt;</a>&nbsp;&nbsp;&nbsp;MemWriteByte
<LI><a href="#[cd]">&gt;&gt;</a>&nbsp;&nbsp;&nbsp;__aeabi_memclr4
</UL>
<BR>[Called By]<UL><LI><a href="#[e0]">&gt;&gt;</a>&nbsp;&nbsp;&nbsp;S_6050_ready
<LI><a href="#[d2]">&gt;&gt;</a>&nbsp;&nbsp;&nbsp;S_6050_set
<LI><a href="#[7e]">&gt;&gt;</a>&nbsp;&nbsp;&nbsp;e2rom_data_read
<LI><a href="#[7d]">&gt;&gt;</a>&nbsp;&nbsp;&nbsp;Key_change_e2rom
</UL>

<P><STRONG><a name="[ce]"></a>e2rom_mpu6050_read</STRONG> (Thumb, 94 bytes, Stack size 32 bytes, eeprom.o(.text))
<BR><BR>[Stack]<UL><LI>Max Depth = 44<LI>Call Chain = e2rom_mpu6050_read &rArr; MemReadByte
</UL>
<BR>[Calls]<UL><LI><a href="#[c4]">&gt;&gt;</a>&nbsp;&nbsp;&nbsp;MemReadByte
<LI><a href="#[cd]">&gt;&gt;</a>&nbsp;&nbsp;&nbsp;__aeabi_memclr4
</UL>
<BR>[Called By]<UL><LI><a href="#[e0]">&gt;&gt;</a>&nbsp;&nbsp;&nbsp;S_6050_ready
<LI><a href="#[d2]">&gt;&gt;</a>&nbsp;&nbsp;&nbsp;S_6050_set
</UL>

<P><STRONG><a name="[7e]"></a>e2rom_data_read</STRONG> (Thumb, 202 bytes, Stack size 64 bytes, eeprom.o(.text))
<BR><BR>[Stack]<UL><LI>Max Depth = 184<LI>Call Chain = e2rom_data_read &rArr; HMC5883_Circling &rArr; HMC58X3_getmaxmin &rArr; UART1_Put_int &rArr; __aeabi_d2iz
</UL>
<BR>[Calls]<UL><LI><a href="#[d1]">&gt;&gt;</a>&nbsp;&nbsp;&nbsp;HMC5883_Circling
<LI><a href="#[cc]">&gt;&gt;</a>&nbsp;&nbsp;&nbsp;e2rom_data_write
<LI><a href="#[c4]">&gt;&gt;</a>&nbsp;&nbsp;&nbsp;MemReadByte
<LI><a href="#[9e]">&gt;&gt;</a>&nbsp;&nbsp;&nbsp;__aeabi_i2d
<LI><a href="#[d0]">&gt;&gt;</a>&nbsp;&nbsp;&nbsp;__aeabi_ddiv
<LI><a href="#[cf]">&gt;&gt;</a>&nbsp;&nbsp;&nbsp;__aeabi_dsub
<LI><a href="#[cd]">&gt;&gt;</a>&nbsp;&nbsp;&nbsp;__aeabi_memclr4
</UL>
<BR>[Called By]<UL><LI><a href="#[57]">&gt;&gt;</a>&nbsp;&nbsp;&nbsp;main
</UL>

<P><STRONG><a name="[7d]"></a>Key_change_e2rom</STRONG> (Thumb, 140 bytes, Stack size 8 bytes, eeprom.o(.text))
<BR><BR>[Stack]<UL><LI>Max Depth = 160<LI>Call Chain = Key_change_e2rom &rArr; S_6050_set &rArr; MPU6050_initialize &rArr; MPU6050_setFullScaleAccelRange &rArr; IICwriteBits &rArr; IICwriteByte &rArr; IICwriteBytes &rArr; IIC_Send_Byte
</UL>
<BR>[Calls]<UL><LI><a href="#[d2]">&gt;&gt;</a>&nbsp;&nbsp;&nbsp;S_6050_set
<LI><a href="#[d1]">&gt;&gt;</a>&nbsp;&nbsp;&nbsp;HMC5883_Circling
<LI><a href="#[cc]">&gt;&gt;</a>&nbsp;&nbsp;&nbsp;e2rom_data_write
<LI><a href="#[95]">&gt;&gt;</a>&nbsp;&nbsp;&nbsp;GPIO_ReadInputDataBit
<LI><a href="#[73]">&gt;&gt;</a>&nbsp;&nbsp;&nbsp;UART1_Put_Chars
</UL>
<BR>[Called By]<UL><LI><a href="#[57]">&gt;&gt;</a>&nbsp;&nbsp;&nbsp;main
</UL>

<P><STRONG><a name="[d3]"></a>MPU6050_setClockSource</STRONG> (Thumb, 20 bytes, Stack size 16 bytes, mpu6050.o(.text))
<BR><BR>[Stack]<UL><LI>Max Depth = 112<LI>Call Chain = MPU6050_setClockSource &rArr; IICwriteBits &rArr; IICwriteByte &rArr; IICwriteBytes &rArr; IIC_Send_Byte
</UL>
<BR>[Calls]<UL><LI><a href="#[b5]">&gt;&gt;</a>&nbsp;&nbsp;&nbsp;IICwriteBits
</UL>
<BR>[Called By]<UL><LI><a href="#[7b]">&gt;&gt;</a>&nbsp;&nbsp;&nbsp;MPU6050_initialize
</UL>

<P><STRONG><a name="[d4]"></a>MPU6050_setFullScaleGyroRange</STRONG> (Thumb, 20 bytes, Stack size 16 bytes, mpu6050.o(.text))
<BR><BR>[Stack]<UL><LI>Max Depth = 112<LI>Call Chain = MPU6050_setFullScaleGyroRange &rArr; IICwriteBits &rArr; IICwriteByte &rArr; IICwriteBytes &rArr; IIC_Send_Byte
</UL>
<BR>[Calls]<UL><LI><a href="#[b5]">&gt;&gt;</a>&nbsp;&nbsp;&nbsp;IICwriteBits
</UL>
<BR>[Called By]<UL><LI><a href="#[7b]">&gt;&gt;</a>&nbsp;&nbsp;&nbsp;MPU6050_initialize
</UL>

<P><STRONG><a name="[d5]"></a>MPU6050_setFullScaleAccelRange</STRONG> (Thumb, 20 bytes, Stack size 16 bytes, mpu6050.o(.text))
<BR><BR>[Stack]<UL><LI>Max Depth = 112<LI>Call Chain = MPU6050_setFullScaleAccelRange &rArr; IICwriteBits &rArr; IICwriteByte &rArr; IICwriteBytes &rArr; IIC_Send_Byte
</UL>
<BR>[Calls]<UL><LI><a href="#[b5]">&gt;&gt;</a>&nbsp;&nbsp;&nbsp;IICwriteBits
</UL>
<BR>[Called By]<UL><LI><a href="#[7b]">&gt;&gt;</a>&nbsp;&nbsp;&nbsp;MPU6050_initialize
</UL>

<P><STRONG><a name="[d6]"></a>MPU6050_setSleepEnabled</STRONG> (Thumb, 18 bytes, Stack size 8 bytes, mpu6050.o(.text))
<BR><BR>[Stack]<UL><LI>Max Depth = 96<LI>Call Chain = MPU6050_setSleepEnabled &rArr; IICwriteBit &rArr; IICwriteByte &rArr; IICwriteBytes &rArr; IIC_Send_Byte
</UL>
<BR>[Calls]<UL><LI><a href="#[b6]">&gt;&gt;</a>&nbsp;&nbsp;&nbsp;IICwriteBit
</UL>
<BR>[Called By]<UL><LI><a href="#[7b]">&gt;&gt;</a>&nbsp;&nbsp;&nbsp;MPU6050_initialize
</UL>

<P><STRONG><a name="[d7]"></a>MPU6050_getDeviceID</STRONG> (Thumb, 20 bytes, Stack size 8 bytes, mpu6050.o(.text), UNUSED)
<BR><BR>[Calls]<UL><LI><a href="#[af]">&gt;&gt;</a>&nbsp;&nbsp;&nbsp;IICreadBytes
</UL>
<BR>[Called By]<UL><LI><a href="#[d8]">&gt;&gt;</a>&nbsp;&nbsp;&nbsp;MPU6050_testConnection
</UL>

<P><STRONG><a name="[d8]"></a>MPU6050_testConnection</STRONG> (Thumb, 18 bytes, Stack size 8 bytes, mpu6050.o(.text), UNUSED)
<BR><BR>[Calls]<UL><LI><a href="#[d7]">&gt;&gt;</a>&nbsp;&nbsp;&nbsp;MPU6050_getDeviceID
</UL>

<P><STRONG><a name="[d9]"></a>MPU6050_setI2CMasterModeEnabled</STRONG> (Thumb, 18 bytes, Stack size 8 bytes, mpu6050.o(.text))
<BR><BR>[Stack]<UL><LI>Max Depth = 96<LI>Call Chain = MPU6050_setI2CMasterModeEnabled &rArr; IICwriteBit &rArr; IICwriteByte &rArr; IICwriteBytes &rArr; IIC_Send_Byte
</UL>
<BR>[Calls]<UL><LI><a href="#[b6]">&gt;&gt;</a>&nbsp;&nbsp;&nbsp;IICwriteBit
</UL>
<BR>[Called By]<UL><LI><a href="#[7b]">&gt;&gt;</a>&nbsp;&nbsp;&nbsp;MPU6050_initialize
</UL>

<P><STRONG><a name="[da]"></a>MPU6050_setI2CBypassEnabled</STRONG> (Thumb, 18 bytes, Stack size 8 bytes, mpu6050.o(.text))
<BR><BR>[Stack]<UL><LI>Max Depth = 96<LI>Call Chain = MPU6050_setI2CBypassEnabled &rArr; IICwriteBit &rArr; IICwriteByte &rArr; IICwriteBytes &rArr; IIC_Send_Byte
</UL>
<BR>[Calls]<UL><LI><a href="#[b6]">&gt;&gt;</a>&nbsp;&nbsp;&nbsp;IICwriteBit
</UL>
<BR>[Called By]<UL><LI><a href="#[7b]">&gt;&gt;</a>&nbsp;&nbsp;&nbsp;MPU6050_initialize
</UL>

<P><STRONG><a name="[db]"></a>MPU6050_intio_Init</STRONG> (Thumb, 32 bytes, Stack size 8 bytes, mpu6050.o(.text))
<BR><BR>[Stack]<UL><LI>Max Depth = 32<LI>Call Chain = MPU6050_intio_Init &rArr; GPIO_Init
</UL>
<BR>[Calls]<UL><LI><a href="#[96]">&gt;&gt;</a>&nbsp;&nbsp;&nbsp;GPIO_Init
<LI><a href="#[6b]">&gt;&gt;</a>&nbsp;&nbsp;&nbsp;RCC_APB2PeriphClockCmd
</UL>
<BR>[Called By]<UL><LI><a href="#[7b]">&gt;&gt;</a>&nbsp;&nbsp;&nbsp;MPU6050_initialize
</UL>

<P><STRONG><a name="[7b]"></a>MPU6050_initialize</STRONG> (Thumb, 104 bytes, Stack size 8 bytes, mpu6050.o(.text))
<BR><BR>[Stack]<UL><LI>Max Depth = 120<LI>Call Chain = MPU6050_initialize &rArr; MPU6050_setFullScaleAccelRange &rArr; IICwriteBits &rArr; IICwriteByte &rArr; IICwriteBytes &rArr; IIC_Send_Byte
</UL>
<BR>[Calls]<UL><LI><a href="#[db]">&gt;&gt;</a>&nbsp;&nbsp;&nbsp;MPU6050_intio_Init
<LI><a href="#[da]">&gt;&gt;</a>&nbsp;&nbsp;&nbsp;MPU6050_setI2CBypassEnabled
<LI><a href="#[d9]">&gt;&gt;</a>&nbsp;&nbsp;&nbsp;MPU6050_setI2CMasterModeEnabled
<LI><a href="#[d6]">&gt;&gt;</a>&nbsp;&nbsp;&nbsp;MPU6050_setSleepEnabled
<LI><a href="#[d5]">&gt;&gt;</a>&nbsp;&nbsp;&nbsp;MPU6050_setFullScaleAccelRange
<LI><a href="#[d4]">&gt;&gt;</a>&nbsp;&nbsp;&nbsp;MPU6050_setFullScaleGyroRange
<LI><a href="#[d3]">&gt;&gt;</a>&nbsp;&nbsp;&nbsp;MPU6050_setClockSource
<LI><a href="#[b6]">&gt;&gt;</a>&nbsp;&nbsp;&nbsp;IICwriteBit
</UL>
<BR>[Called By]<UL><LI><a href="#[fa]">&gt;&gt;</a>&nbsp;&nbsp;&nbsp;Ready_work
<LI><a href="#[e0]">&gt;&gt;</a>&nbsp;&nbsp;&nbsp;S_6050_ready
<LI><a href="#[d2]">&gt;&gt;</a>&nbsp;&nbsp;&nbsp;S_6050_set
<LI><a href="#[57]">&gt;&gt;</a>&nbsp;&nbsp;&nbsp;main
</UL>

<P><STRONG><a name="[dc]"></a>MPU6050_is_DRY</STRONG> (Thumb, 20 bytes, Stack size 8 bytes, mpu6050.o(.text))
<BR><BR>[Stack]<UL><LI>Max Depth = 8<LI>Call Chain = MPU6050_is_DRY
</UL>
<BR>[Calls]<UL><LI><a href="#[95]">&gt;&gt;</a>&nbsp;&nbsp;&nbsp;GPIO_ReadInputDataBit
</UL>
<BR>[Called By]<UL><LI><a href="#[e0]">&gt;&gt;</a>&nbsp;&nbsp;&nbsp;S_6050_ready
<LI><a href="#[dd]">&gt;&gt;</a>&nbsp;&nbsp;&nbsp;MPU6050_getMotion
<LI><a href="#[d2]">&gt;&gt;</a>&nbsp;&nbsp;&nbsp;S_6050_set
</UL>

<P><STRONG><a name="[dd]"></a>MPU6050_getMotion</STRONG> (Thumb, 510 bytes, Stack size 8 bytes, mpu6050.o(.text))
<BR><BR>[Stack]<UL><LI>Max Depth = 56<LI>Call Chain = MPU6050_getMotion &rArr; IICreadBytes &rArr; IIC_Read_Byte &rArr; IIC_NAck
</UL>
<BR>[Calls]<UL><LI><a href="#[dc]">&gt;&gt;</a>&nbsp;&nbsp;&nbsp;MPU6050_is_DRY
<LI><a href="#[af]">&gt;&gt;</a>&nbsp;&nbsp;&nbsp;IICreadBytes
<LI><a href="#[de]">&gt;&gt;</a>&nbsp;&nbsp;&nbsp;__aeabi_i2f
<LI><a href="#[df]">&gt;&gt;</a>&nbsp;&nbsp;&nbsp;__aeabi_fsub
</UL>
<BR>[Called By]<UL><LI><a href="#[e0]">&gt;&gt;</a>&nbsp;&nbsp;&nbsp;S_6050_ready
<LI><a href="#[d2]">&gt;&gt;</a>&nbsp;&nbsp;&nbsp;S_6050_set
<LI><a href="#[81]">&gt;&gt;</a>&nbsp;&nbsp;&nbsp;fly_main
</UL>

<P><STRONG><a name="[e0]"></a>S_6050_ready</STRONG> (Thumb, 930 bytes, Stack size 40 bytes, mpu6050.o(.text))
<BR><BR>[Stack]<UL><LI>Max Depth = 160<LI>Call Chain = S_6050_ready &rArr; MPU6050_initialize &rArr; MPU6050_setFullScaleAccelRange &rArr; IICwriteBits &rArr; IICwriteByte &rArr; IICwriteBytes &rArr; IIC_Send_Byte
</UL>
<BR>[Calls]<UL><LI><a href="#[dd]">&gt;&gt;</a>&nbsp;&nbsp;&nbsp;MPU6050_getMotion
<LI><a href="#[dc]">&gt;&gt;</a>&nbsp;&nbsp;&nbsp;MPU6050_is_DRY
<LI><a href="#[ce]">&gt;&gt;</a>&nbsp;&nbsp;&nbsp;e2rom_mpu6050_read
<LI><a href="#[cc]">&gt;&gt;</a>&nbsp;&nbsp;&nbsp;e2rom_data_write
<LI><a href="#[b7]">&gt;&gt;</a>&nbsp;&nbsp;&nbsp;delay_ms
<LI><a href="#[a1]">&gt;&gt;</a>&nbsp;&nbsp;&nbsp;UART1_Put_Chars_noend
<LI><a href="#[9d]">&gt;&gt;</a>&nbsp;&nbsp;&nbsp;UART1_Put_int
<LI><a href="#[7a]">&gt;&gt;</a>&nbsp;&nbsp;&nbsp;delay_100ms
<LI><a href="#[73]">&gt;&gt;</a>&nbsp;&nbsp;&nbsp;UART1_Put_Chars
<LI><a href="#[80]">&gt;&gt;</a>&nbsp;&nbsp;&nbsp;UART1_Put_Char
<LI><a href="#[7b]">&gt;&gt;</a>&nbsp;&nbsp;&nbsp;MPU6050_initialize
<LI><a href="#[cd]">&gt;&gt;</a>&nbsp;&nbsp;&nbsp;__aeabi_memclr4
</UL>
<BR>[Called By]<UL><LI><a href="#[fa]">&gt;&gt;</a>&nbsp;&nbsp;&nbsp;Ready_work
</UL>

<P><STRONG><a name="[d2]"></a>S_6050_set</STRONG> (Thumb, 406 bytes, Stack size 32 bytes, mpu6050.o(.text))
<BR><BR>[Stack]<UL><LI>Max Depth = 152<LI>Call Chain = S_6050_set &rArr; MPU6050_initialize &rArr; MPU6050_setFullScaleAccelRange &rArr; IICwriteBits &rArr; IICwriteByte &rArr; IICwriteBytes &rArr; IIC_Send_Byte
</UL>
<BR>[Calls]<UL><LI><a href="#[dd]">&gt;&gt;</a>&nbsp;&nbsp;&nbsp;MPU6050_getMotion
<LI><a href="#[dc]">&gt;&gt;</a>&nbsp;&nbsp;&nbsp;MPU6050_is_DRY
<LI><a href="#[ce]">&gt;&gt;</a>&nbsp;&nbsp;&nbsp;e2rom_mpu6050_read
<LI><a href="#[cc]">&gt;&gt;</a>&nbsp;&nbsp;&nbsp;e2rom_data_write
<LI><a href="#[b7]">&gt;&gt;</a>&nbsp;&nbsp;&nbsp;delay_ms
<LI><a href="#[a1]">&gt;&gt;</a>&nbsp;&nbsp;&nbsp;UART1_Put_Chars_noend
<LI><a href="#[9d]">&gt;&gt;</a>&nbsp;&nbsp;&nbsp;UART1_Put_int
<LI><a href="#[7a]">&gt;&gt;</a>&nbsp;&nbsp;&nbsp;delay_100ms
<LI><a href="#[73]">&gt;&gt;</a>&nbsp;&nbsp;&nbsp;UART1_Put_Chars
<LI><a href="#[80]">&gt;&gt;</a>&nbsp;&nbsp;&nbsp;UART1_Put_Char
<LI><a href="#[7b]">&gt;&gt;</a>&nbsp;&nbsp;&nbsp;MPU6050_initialize
</UL>
<BR>[Called By]<UL><LI><a href="#[7d]">&gt;&gt;</a>&nbsp;&nbsp;&nbsp;Key_change_e2rom
</UL>

<P><STRONG><a name="[1bb]"></a>dub_show_main</STRONG> (Thumb, 2 bytes, Stack size 0 bytes, fc.o(.text), UNUSED)

<P><STRONG><a name="[e1]"></a>dub_show_fly</STRONG> (Thumb, 102 bytes, Stack size 24 bytes, fc.o(.text))
<BR><BR>[Stack]<UL><LI>Max Depth = 40<LI>Call Chain = dub_show_fly &rArr; __aeabi_f2uiz
</UL>
<BR>[Calls]<UL><LI><a href="#[e2]">&gt;&gt;</a>&nbsp;&nbsp;&nbsp;uart_Send_byte
<LI><a href="#[e3]">&gt;&gt;</a>&nbsp;&nbsp;&nbsp;__aeabi_f2uiz
</UL>
<BR>[Called By]<UL><LI><a href="#[81]">&gt;&gt;</a>&nbsp;&nbsp;&nbsp;fly_main
</UL>

<P><STRONG><a name="[e5]"></a>PPM_Ave</STRONG> (Thumb, 38 bytes, Stack size 0 bytes, fc.o(.text))
<BR><BR>[Called By]<UL><LI><a href="#[e4]">&gt;&gt;</a>&nbsp;&nbsp;&nbsp;PPM_main_work
[...]
<LI><a href="#[108]">&gt;&gt;</a>&nbsp;&nbsp;&nbsp;atan2
</UL>

<P><STRONG><a name="[166]"></a>_dadd</STRONG> (Thumb, 328 bytes, Stack size 16 bytes, daddsub_clz.o(x$fpl$dadd), UNUSED)
<BR><BR>[Calls]<UL><LI><a href="#[168]">&gt;&gt;</a>&nbsp;&nbsp;&nbsp;__fpl_dretinf
<LI><a href="#[165]">&gt;&gt;</a>&nbsp;&nbsp;&nbsp;__fpl_dnaninf
<LI><a href="#[167]">&gt;&gt;</a>&nbsp;&nbsp;&nbsp;_dsub1
</UL>

<P><STRONG><a name="[169]"></a>__fpl_dcheck_NaN1</STRONG> (Thumb, 10 bytes, Stack size 0 bytes, dcheck1.o(x$fpl$dcheck1))
<BR><BR>[Calls]<UL><LI><a href="#[16a]">&gt;&gt;</a>&nbsp;&nbsp;&nbsp;__fpl_return_NaN
</UL>
<BR>[Called By]<UL><LI><a href="#[15f]">&gt;&gt;</a>&nbsp;&nbsp;&nbsp;scalbn
</UL>

<P><STRONG><a name="[16f]"></a>__fpl_dcmp_Inf</STRONG> (Thumb, 24 bytes, Stack size 0 bytes, dcmpi.o(x$fpl$dcmpinf), UNUSED)
<BR><BR>[Called By]<UL><LI><a href="#[16e]">&gt;&gt;</a>&nbsp;&nbsp;&nbsp;_dcmple
</UL>

<P><STRONG><a name="[d0]"></a>__aeabi_ddiv</STRONG> (Thumb, 0 bytes, Stack size 32 bytes, ddiv.o(x$fpl$ddiv))
<BR><BR>[Stack]<UL><LI>Max Depth = 32<LI>Call Chain = __aeabi_ddiv
</UL>
<BR>[Called By]<UL><LI><a href="#[104]">&gt;&gt;</a>&nbsp;&nbsp;&nbsp;HMC58X3_getmaxmin
<LI><a href="#[fd]">&gt;&gt;</a>&nbsp;&nbsp;&nbsp;HMC58X3_getRaw
<LI><a href="#[81]">&gt;&gt;</a>&nbsp;&nbsp;&nbsp;fly_main
<LI><a href="#[7e]">&gt;&gt;</a>&nbsp;&nbsp;&nbsp;e2rom_data_read
<LI><a href="#[160]">&gt;&gt;</a>&nbsp;&nbsp;&nbsp;atan
<LI><a href="#[108]">&gt;&gt;</a>&nbsp;&nbsp;&nbsp;atan2
</UL>

<P><STRONG><a name="[16b]"></a>_ddiv</STRONG> (Thumb, 552 bytes, Stack size 32 bytes, ddiv.o(x$fpl$ddiv), UNUSED)
<BR><BR>[Calls]<UL><LI><a href="#[168]">&gt;&gt;</a>&nbsp;&nbsp;&nbsp;__fpl_dretinf
<LI><a href="#[165]">&gt;&gt;</a>&nbsp;&nbsp;&nbsp;__fpl_dnaninf
</UL>

<P><STRONG><a name="[9f]"></a>__aeabi_d2iz</STRONG> (Thumb, 0 bytes, Stack size 32 bytes, dfix.o(x$fpl$dfix))
<BR><BR>[Stack]<UL><LI>Max Depth = 32<LI>Call Chain = __aeabi_d2iz
</UL>
<BR>[Called By]<UL><LI><a href="#[104]">&gt;&gt;</a>&nbsp;&nbsp;&nbsp;HMC58X3_getmaxmin
<LI><a href="#[fd]">&gt;&gt;</a>&nbsp;&nbsp;&nbsp;HMC58X3_getRaw
<LI><a href="#[9d]">&gt;&gt;</a>&nbsp;&nbsp;&nbsp;UART1_Put_int
</UL>

<P><STRONG><a name="[16c]"></a>_dfix</STRONG> (Thumb, 94 bytes, Stack size 32 bytes, dfix.o(x$fpl$dfix), UNUSED)
<BR><BR>[Calls]<UL><LI><a href="#[165]">&gt;&gt;</a>&nbsp;&nbsp;&nbsp;__fpl_dnaninf
</UL>

<P><STRONG><a name="[ff]"></a>__aeabi_d2uiz</STRONG> (Thumb, 0 bytes, Stack size 32 bytes, dfixu.o(x$fpl$dfixu))
<BR><BR>[Stack]<UL><LI>Max Depth = 32<LI>Call Chain = __aeabi_d2uiz
</UL>
<BR>[Called By]<UL><LI><a href="#[fd]">&gt;&gt;</a>&nbsp;&nbsp;&nbsp;HMC58X3_getRaw
<LI><a href="#[81]">&gt;&gt;</a>&nbsp;&nbsp;&nbsp;fly_main
</UL>

<P><STRONG><a name="[16d]"></a>_dfixu</STRONG> (Thumb, 90 bytes, Stack size 32 bytes, dfixu.o(x$fpl$dfixu), UNUSED)
<BR><BR>[Calls]<UL><LI><a href="#[165]">&gt;&gt;</a>&nbsp;&nbsp;&nbsp;__fpl_dnaninf
</UL>

<P><STRONG><a name="[9e]"></a>__aeabi_i2d</STRONG> (Thumb, 0 bytes, Stack size 0 bytes, dflt_clz.o(x$fpl$dflt))
<BR><BR>[Called By]<UL><LI><a href="#[104]">&gt;&gt;</a>&nbsp;&nbsp;&nbsp;HMC58X3_getmaxmin
<LI><a href="#[fd]">&gt;&gt;</a>&nbsp;&nbsp;&nbsp;HMC58X3_getRaw
<LI><a href="#[9d]">&gt;&gt;</a>&nbsp;&nbsp;&nbsp;UART1_Put_int
<LI><a href="#[7e]">&gt;&gt;</a>&nbsp;&nbsp;&nbsp;e2rom_data_read
</UL>

<P><STRONG><a name="[279]"></a>_dflt</STRONG> (Thumb, 46 bytes, Stack size 0 bytes, dflt_clz.o(x$fpl$dflt), UNUSED)

<P><STRONG><a name="[fe]"></a>__aeabi_ui2d</STRONG> (Thumb, 0 bytes, Stack size 0 bytes, dflt_clz.o(x$fpl$dfltu))
<BR><BR>[Called By]<UL><LI><a href="#[81]">&gt;&gt;</a>&nbsp;&nbsp;&nbsp;fly_main
</UL>

<P><STRONG><a name="[27a]"></a>_dfltu</STRONG> (Thumb, 38 bytes, Stack size 0 bytes, dflt_clz.o(x$fpl$dfltu), UNUSED)

<P><STRONG><a name="[109]"></a>__aeabi_cdcmple</STRONG> (Thumb, 0 bytes, Stack size 32 bytes, dleqf.o(x$fpl$dleqf))
<BR><BR>[Stack]<UL><LI>Max Depth = 32<LI>Call Chain = __aeabi_cdcmple
</UL>
<BR>[Called By]<UL><LI><a href="#[fd]">&gt;&gt;</a>&nbsp;&nbsp;&nbsp;HMC58X3_getRaw
</UL>

<P><STRONG><a name="[16e]"></a>_dcmple</STRONG> (Thumb, 120 bytes, Stack size 32 bytes, dleqf.o(x$fpl$dleqf), UNUSED)
<BR><BR>[Calls]<UL><LI><a href="#[165]">&gt;&gt;</a>&nbsp;&nbsp;&nbsp;__fpl_dnaninf
<LI><a href="#[16f]">&gt;&gt;</a>&nbsp;&nbsp;&nbsp;__fpl_dcmp_Inf
</UL>

<P><STRONG><a name="[172]"></a>__fpl_dcmple_InfNaN</STRONG> (Thumb, 0 bytes, Stack size unknown bytes, dleqf.o(x$fpl$dleqf), UNUSED)
<BR><BR>[Called By]<UL><LI><a href="#[171]">&gt;&gt;</a>&nbsp;&nbsp;&nbsp;_drcmple
</UL>

<P><STRONG><a name="[f0]"></a>__aeabi_dmul</STRONG> (Thumb, 0 bytes, Stack size 32 bytes, dmul.o(x$fpl$dmul))
<BR><BR>[Stack]<UL><LI>Max Depth = 32<LI>Call Chain = __aeabi_dmul
</UL>
<BR>[Called By]<UL><LI><a href="#[104]">&gt;&gt;</a>&nbsp;&nbsp;&nbsp;HMC58X3_getmaxmin
<LI><a href="#[fd]">&gt;&gt;</a>&nbsp;&nbsp;&nbsp;HMC58X3_getRaw
<LI><a href="#[e9]">&gt;&gt;</a>&nbsp;&nbsp;&nbsp;moto_math
<LI><a href="#[81]">&gt;&gt;</a>&nbsp;&nbsp;&nbsp;fly_main
<LI><a href="#[15d]">&gt;&gt;</a>&nbsp;&nbsp;&nbsp;__kernel_poly
<LI><a href="#[160]">&gt;&gt;</a>&nbsp;&nbsp;&nbsp;atan
</UL>

<P><STRONG><a name="[170]"></a>_dmul</STRONG> (Thumb, 332 bytes, Stack size 32 bytes, dmul.o(x$fpl$dmul), UNUSED)
<BR><BR>[Calls]<UL><LI><a href="#[168]">&gt;&gt;</a>&nbsp;&nbsp;&nbsp;__fpl_dretinf
<LI><a href="#[165]">&gt;&gt;</a>&nbsp;&nbsp;&nbsp;__fpl_dnaninf
</UL>

<P><STRONG><a name="[165]"></a>__fpl_dnaninf</STRONG> (Thumb, 156 bytes, Stack size 16 bytes, dnaninf.o(x$fpl$dnaninf), UNUSED)
<BR><BR>[Called By]<UL><LI><a href="#[170]">&gt;&gt;</a>&nbsp;&nbsp;&nbsp;_dmul
<LI><a href="#[16e]">&gt;&gt;</a>&nbsp;&nbsp;&nbsp;_dcmple
<LI><a href="#[16d]">&gt;&gt;</a>&nbsp;&nbsp;&nbsp;_dfixu
<LI><a href="#[16c]">&gt;&gt;</a>&nbsp;&nbsp;&nbsp;_dfix
<LI><a href="#[16b]">&gt;&gt;</a>&nbsp;&nbsp;&nbsp;_ddiv
<LI><a href="#[175]">&gt;&gt;</a>&nbsp;&nbsp;&nbsp;_dsub
<LI><a href="#[166]">&gt;&gt;</a>&nbsp;&nbsp;&nbsp;_dadd
<LI><a href="#[163]">&gt;&gt;</a>&nbsp;&nbsp;&nbsp;_d2f
</UL>

<P><STRONG><a name="[168]"></a>__fpl_dretinf</STRONG> (Thumb, 12 bytes, Stack size 0 bytes, dretinf.o(x$fpl$dretinf), UNUSED)
<BR><BR>[Called By]<UL><LI><a href="#[176]">&gt;&gt;</a>&nbsp;&nbsp;&nbsp;_f2d
<LI><a href="#[170]">&gt;&gt;</a>&nbsp;&nbsp;&nbsp;_dmul
<LI><a href="#[16b]">&gt;&gt;</a>&nbsp;&nbsp;&nbsp;_ddiv
<LI><a href="#[166]">&gt;&gt;</a>&nbsp;&nbsp;&nbsp;_dadd
</UL>

<P><STRONG><a name="[10b]"></a>__aeabi_cdrcmple</STRONG> (Thumb, 0 bytes, Stack size 16 bytes, drleqf.o(x$fpl$drleqf))
<BR><BR>[Stack]<UL><LI>Max Depth = 16<LI>Call Chain = __aeabi_cdrcmple
</UL>
<BR>[Called By]<UL><LI><a href="#[fd]">&gt;&gt;</a>&nbsp;&nbsp;&nbsp;HMC58X3_getRaw
</UL>

<P><STRONG><a name="[171]"></a>_drcmple</STRONG> (Thumb, 108 bytes, Stack size 16 bytes, drleqf.o(x$fpl$drleqf), UNUSED)
<BR><BR>[Calls]<UL><LI><a href="#[172]">&gt;&gt;</a>&nbsp;&nbsp;&nbsp;__fpl_dcmple_InfNaN
</UL>

<P><STRONG><a name="[162]"></a>__aeabi_drsub</STRONG> (Thumb, 0 bytes, Stack size 8 bytes, daddsub_clz.o(x$fpl$drsb))
<BR><BR>[Stack]<UL><LI>Max Depth = 8<LI>Call Chain = __aeabi_drsub
</UL>
<BR>[Called By]<UL><LI><a href="#[160]">&gt;&gt;</a>&nbsp;&nbsp;&nbsp;atan
<LI><a href="#[108]">&gt;&gt;</a>&nbsp;&nbsp;&nbsp;atan2
</UL>

<P><STRONG><a name="[173]"></a>_drsb</STRONG> (Thumb, 22 bytes, Stack size 8 bytes, daddsub_clz.o(x$fpl$drsb), UNUSED)
<BR><BR>[Calls]<UL><LI><a href="#[167]">&gt;&gt;</a>&nbsp;&nbsp;&nbsp;_dsub1
<LI><a href="#[174]">&gt;&gt;</a>&nbsp;&nbsp;&nbsp;_dadd1
</UL>

<P><STRONG><a name="[cf]"></a>__aeabi_dsub</STRONG> (Thumb, 0 bytes, Stack size 32 bytes, daddsub_clz.o(x$fpl$dsub))
<BR><BR>[Stack]<UL><LI>Max Depth = 32<LI>Call Chain = __aeabi_dsub
</UL>
<BR>[Called By]<UL><LI><a href="#[104]">&gt;&gt;</a>&nbsp;&nbsp;&nbsp;HMC58X3_getmaxmin
<LI><a href="#[fd]">&gt;&gt;</a>&nbsp;&nbsp;&nbsp;HMC58X3_getRaw
<LI><a href="#[7e]">&gt;&gt;</a>&nbsp;&nbsp;&nbsp;e2rom_data_read
<LI><a href="#[160]">&gt;&gt;</a>&nbsp;&nbsp;&nbsp;atan
<LI><a href="#[108]">&gt;&gt;</a>&nbsp;&nbsp;&nbsp;atan2
</UL>

<P><STRONG><a name="[175]"></a>_dsub</STRONG> (Thumb, 464 bytes, Stack size 32 bytes, daddsub_clz.o(x$fpl$dsub), UNUSED)
<BR><BR>[Calls]<UL><LI><a href="#[165]">&gt;&gt;</a>&nbsp;&nbsp;&nbsp;__fpl_dnaninf
<LI><a href="#[174]">&gt;&gt;</a>&nbsp;&nbsp;&nbsp;_dadd1
</UL>

<P><STRONG><a name="[ef]"></a>__aeabi_f2d</STRONG> (Thumb, 0 bytes, Stack size 16 bytes, f2d.o(x$fpl$f2d))
<BR><BR>[Stack]<UL><LI>Max Depth = 16<LI>Call Chain = __aeabi_f2d
</UL>
<BR>[Called By]<UL><LI><a href="#[e9]">&gt;&gt;</a>&nbsp;&nbsp;&nbsp;moto_math
</UL>

<P><STRONG><a name="[176]"></a>_f2d</STRONG> (Thumb, 86 bytes, Stack size 16 bytes, f2d.o(x$fpl$f2d), UNUSED)
<BR><BR>[Calls]<UL><LI><a href="#[177]">&gt;&gt;</a>&nbsp;&nbsp;&nbsp;__fpl_fnaninf
<LI><a href="#[168]">&gt;&gt;</a>&nbsp;&nbsp;&nbsp;__fpl_dretinf
</UL>

<P><STRONG><a name="[ec]"></a>__aeabi_fadd</STRONG> (Thumb, 0 bytes, Stack size 16 bytes, faddsub_clz.o(x$fpl$fadd))
<BR><BR>[Stack]<UL><LI>Max Depth = 16<LI>Call Chain = __aeabi_fadd
</UL>
<BR>[Called By]<UL><LI><a href="#[e9]">&gt;&gt;</a>&nbsp;&nbsp;&nbsp;moto_math
<LI><a href="#[81]">&gt;&gt;</a>&nbsp;&nbsp;&nbsp;fly_main
</UL>

<P><STRONG><a name="[178]"></a>_fadd</STRONG> (Thumb, 196 bytes, Stack size 16 bytes, faddsub_clz.o(x$fpl$fadd), UNUSED)
<BR><BR>[Calls]<UL><LI><a href="#[164]">&gt;&gt;</a>&nbsp;&nbsp;&nbsp;__fpl_fretinf
<LI><a href="#[177]">&gt;&gt;</a>&nbsp;&nbsp;&nbsp;__fpl_fnaninf
<LI><a href="#[179]">&gt;&gt;</a>&nbsp;&nbsp;&nbsp;_fsub1
</UL>

<P><STRONG><a name="[17e]"></a>__fpl_fcmp_Inf</STRONG> (Thumb, 24 bytes, Stack size 0 bytes, fcmpi.o(x$fpl$fcmpinf), UNUSED)
<BR><BR>[Called By]<UL><LI><a href="#[17d]">&gt;&gt;</a>&nbsp;&nbsp;&nbsp;_fcmple
</UL>

<P><STRONG><a name="[ed]"></a>__aeabi_fdiv</STRONG> (Thumb, 0 bytes, Stack size 16 bytes, fdiv.o(x$fpl$fdiv))
<BR><BR>[Stack]<UL><LI>Max Depth = 16<LI>Call Chain = __aeabi_fdiv
</UL>
<BR>[Called By]<UL><LI><a href="#[f7]">&gt;&gt;</a>&nbsp;&nbsp;&nbsp;PID_data_out
<LI><a href="#[e9]">&gt;&gt;</a>&nbsp;&nbsp;&nbsp;moto_math
<LI><a href="#[81]">&gt;&gt;</a>&nbsp;&nbsp;&nbsp;fly_main
</UL>

<P><STRONG><a name="[17a]"></a>_fdiv</STRONG> (Thumb, 384 bytes, Stack size 16 bytes, fdiv.o(x$fpl$fdiv), UNUSED)
<BR><BR>[Calls]<UL><LI><a href="#[164]">&gt;&gt;</a>&nbsp;&nbsp;&nbsp;__fpl_fretinf
<LI><a href="#[177]">&gt;&gt;</a>&nbsp;&nbsp;&nbsp;__fpl_fnaninf
</UL>

<P><STRONG><a name="[ee]"></a>__aeabi_f2iz</STRONG> (Thumb, 0 bytes, Stack size 16 bytes, ffix.o(x$fpl$ffix))
<BR><BR>[Stack]<UL><LI>Max Depth = 16<LI>Call Chain = __aeabi_f2iz
</UL>
<BR>[Called By]<UL><LI><a href="#[fd]">&gt;&gt;</a>&nbsp;&nbsp;&nbsp;HMC58X3_getRaw
<LI><a href="#[f7]">&gt;&gt;</a>&nbsp;&nbsp;&nbsp;PID_data_out
<LI><a href="#[e9]">&gt;&gt;</a>&nbsp;&nbsp;&nbsp;moto_math
</UL>

<P><STRONG><a name="[17b]"></a>_ffix</STRONG> (Thumb, 54 bytes, Stack size 16 bytes, ffix.o(x$fpl$ffix), UNUSED)
<BR><BR>[Calls]<UL><LI><a href="#[177]">&gt;&gt;</a>&nbsp;&nbsp;&nbsp;__fpl_fnaninf
</UL>

<P><STRONG><a name="[e3]"></a>__aeabi_f2uiz</STRONG> (Thumb, 0 bytes, Stack size 16 bytes, ffixu.o(x$fpl$ffixu))
<BR><BR>[Stack]<UL><LI>Max Depth = 16<LI>Call Chain = __aeabi_f2uiz
</UL>
<BR>[Called By]<UL><LI><a href="#[e9]">&gt;&gt;</a>&nbsp;&nbsp;&nbsp;moto_math
<LI><a href="#[e1]">&gt;&gt;</a>&nbsp;&nbsp;&nbsp;dub_show_fly
</UL>

<P><STRONG><a name="[17c]"></a>_ffixu</STRONG> (Thumb, 62 bytes, Stack size 16 bytes, ffixu.o(x$fpl$ffixu), UNUSED)
<BR><BR>[Calls]<UL><LI><a href="#[177]">&gt;&gt;</a>&nbsp;&nbsp;&nbsp;__fpl_fnaninf
</UL>

<P><STRONG><a name="[de]"></a>__aeabi_i2f</STRONG> (Thumb, 0 bytes, Stack size 0 bytes, fflt_clz.o(x$fpl$fflt))
<BR><BR>[Called By]<UL><LI><a href="#[fd]">&gt;&gt;</a>&nbsp;&nbsp;&nbsp;HMC58X3_getRaw
<LI><a href="#[e9]">&gt;&gt;</a>&nbsp;&nbsp;&nbsp;moto_math
<LI><a href="#[dd]">&gt;&gt;</a>&nbsp;&nbsp;&nbsp;MPU6050_getMotion
</UL>

<P><STRONG><a name="[27b]"></a>_fflt</STRONG> (Thumb, 48 bytes, Stack size 0 bytes, fflt_clz.o(x$fpl$fflt), UNUSED)

<P><STRONG><a name="[ea]"></a>__aeabi_ui2f</STRONG> (Thumb, 0 bytes, Stack size 0 bytes, fflt_clz.o(x$fpl$ffltu))
<BR><BR>[Called By]<UL><LI><a href="#[f7]">&gt;&gt;</a>&nbsp;&nbsp;&nbsp;PID_data_out
<LI><a href="#[e9]">&gt;&gt;</a>&nbsp;&nbsp;&nbsp;moto_math
</UL>

<P><STRONG><a name="[27c]"></a>_ffltu</STRONG> (Thumb, 38 bytes, Stack size 0 bytes, fflt_clz.o(x$fpl$ffltu), UNUSED)

<P><STRONG><a name="[f3]"></a>__aeabi_cfcmple</STRONG> (Thumb, 0 bytes, Stack size 16 bytes, fleqf.o(x$fpl$fleqf))
<BR><BR>[Stack]<UL><LI>Max Depth = 16<LI>Call Chain = __aeabi_cfcmple
</UL>
<BR>[Called By]<UL><LI><a href="#[e9]">&gt;&gt;</a>&nbsp;&nbsp;&nbsp;moto_math
</UL>

<P><STRONG><a name="[17d]"></a>_fcmple</STRONG> (Thumb, 104 bytes, Stack size 16 bytes, fleqf.o(x$fpl$fleqf), UNUSED)
<BR><BR>[Calls]<UL><LI><a href="#[177]">&gt;&gt;</a>&nbsp;&nbsp;&nbsp;__fpl_fnaninf
<LI><a href="#[17e]">&gt;&gt;</a>&nbsp;&nbsp;&nbsp;__fpl_fcmp_Inf
</UL>

<P><STRONG><a name="[182]"></a>__fpl_fcmple_InfNaN</STRONG> (Thumb, 0 bytes, Stack size unknown bytes, fleqf.o(x$fpl$fleqf), UNUSED)
<BR><BR>[Called By]<UL><LI><a href="#[181]">&gt;&gt;</a>&nbsp;&nbsp;&nbsp;_frcmple
</UL>

<P><STRONG><a name="[eb]"></a>__aeabi_fmul</STRONG> (Thumb, 0 bytes, Stack size 16 bytes, fmul.o(x$fpl$fmul))
<BR><BR>[Stack]<UL><LI>Max Depth = 16<LI>Call Chain = __aeabi_fmul
</UL>
<BR>[Called By]<UL><LI><a href="#[f7]">&gt;&gt;</a>&nbsp;&nbsp;&nbsp;PID_data_out
<LI><a href="#[e9]">&gt;&gt;</a>&nbsp;&nbsp;&nbsp;moto_math
</UL>

<P><STRONG><a name="[17f]"></a>_fmul</STRONG> (Thumb, 258 bytes, Stack size 16 bytes, fmul.o(x$fpl$fmul), UNUSED)
<BR><BR>[Calls]<UL><LI><a href="#[164]">&gt;&gt;</a>&nbsp;&nbsp;&nbsp;__fpl_fretinf
<LI><a href="#[177]">&gt;&gt;</a>&nbsp;&nbsp;&nbsp;__fpl_fnaninf
</UL>

<P><STRONG><a name="[177]"></a>__fpl_fnaninf</STRONG> (Thumb, 140 bytes, Stack size 8 bytes, fnaninf.o(x$fpl$fnaninf), UNUSED)
<BR><BR>[Called By]<UL><LI><a href="#[17f]">&gt;&gt;</a>&nbsp;&nbsp;&nbsp;_fmul
<LI><a href="#[17d]">&gt;&gt;</a>&nbsp;&nbsp;&nbsp;_fcmple
<LI><a href="#[17c]">&gt;&gt;</a>&nbsp;&nbsp;&nbsp;_ffixu
<LI><a href="#[17b]">&gt;&gt;</a>&nbsp;&nbsp;&nbsp;_ffix
<LI><a href="#[17a]">&gt;&gt;</a>&nbsp;&nbsp;&nbsp;_fdiv
<LI><a href="#[183]">&gt;&gt;</a>&nbsp;&nbsp;&nbsp;_fsub
<LI><a href="#[178]">&gt;&gt;</a>&nbsp;&nbsp;&nbsp;_fadd
<LI><a href="#[176]">&gt;&gt;</a>&nbsp;&nbsp;&nbsp;_f2d
</UL>

<P><STRONG><a name="[52]"></a>_fp_init</STRONG> (Thumb, 14 bytes, Stack size 8 bytes, fpinit.o(x$fpl$fpinit))
<BR><BR>[Stack]<UL><LI>Max Depth = 8<LI>Call Chain = _fp_init
</UL>
<BR>[Calls]<UL><LI><a href="#[180]">&gt;&gt;</a>&nbsp;&nbsp;&nbsp;__rt_fp_status_addr
</UL>
<BR>[Called By]<UL><LI><a href="#[51]">&gt;&gt;</a>&nbsp;&nbsp;&nbsp;__rt_lib_init
</UL>

<P><STRONG><a name="[27d]"></a>__fplib_config_pureend_doubles</STRONG> (Thumb, 0 bytes, Stack size unknown bytes, fpinit.o(x$fpl$fpinit), UNUSED)

<P><STRONG><a name="[164]"></a>__fpl_fretinf</STRONG> (Thumb, 10 bytes, Stack size 0 bytes, fretinf.o(x$fpl$fretinf), UNUSED)
<BR><BR>[Called By]<UL><LI><a href="#[17f]">&gt;&gt;</a>&nbsp;&nbsp;&nbsp;_fmul
<LI><a href="#[17a]">&gt;&gt;</a>&nbsp;&nbsp;&nbsp;_fdiv
<LI><a href="#[178]">&gt;&gt;</a>&nbsp;&nbsp;&nbsp;_fadd
<LI><a href="#[163]">&gt;&gt;</a>&nbsp;&nbsp;&nbsp;_d2f
</UL>

<P><STRONG><a name="[f4]"></a>__aeabi_cfrcmple</STRONG> (Thumb, 0 bytes, Stack size 0 bytes, frleqf.o(x$fpl$frleqf))
<BR><BR>[Called By]<UL><LI><a href="#[e9]">&gt;&gt;</a>&nbsp;&nbsp;&nbsp;moto_math
</UL>

<P><STRONG><a name="[181]"></a>_frcmple</STRONG> (Thumb, 98 bytes, Stack size 0 bytes, frleqf.o(x$fpl$frleqf), UNUSED)
<BR><BR>[Calls]<UL><LI><a href="#[182]">&gt;&gt;</a>&nbsp;&nbsp;&nbsp;__fpl_fcmple_InfNaN
</UL>

<P><STRONG><a name="[df]"></a>__aeabi_fsub</STRONG> (Thumb, 0 bytes, Stack size 16 bytes, faddsub_clz.o(x$fpl$fsub))
<BR><BR>[Stack]<UL><LI>Max Depth = 16<LI>Call Chain = __aeabi_fsub
</UL>
<BR>[Called By]<UL><LI><a href="#[e9]">&gt;&gt;</a>&nbsp;&nbsp;&nbsp;moto_math
<LI><a href="#[dd]">&gt;&gt;</a>&nbsp;&nbsp;&nbsp;MPU6050_getMotion
</UL>

<P><STRONG><a name="[183]"></a>_fsub</STRONG> (Thumb, 234 bytes, Stack size 16 bytes, faddsub_clz.o(x$fpl$fsub), UNUSED)
<BR><BR>[Calls]<UL><LI><a href="#[177]">&gt;&gt;</a>&nbsp;&nbsp;&nbsp;__fpl_fnaninf
<LI><a href="#[184]">&gt;&gt;</a>&nbsp;&nbsp;&nbsp;_fadd1
</UL>

<P><STRONG><a name="[16a]"></a>__fpl_return_NaN</STRONG> (Thumb, 100 bytes, Stack size 0 bytes, retnan.o(x$fpl$retnan))
<BR><BR>[Calls]<UL><LI><a href="#[185]">&gt;&gt;</a>&nbsp;&nbsp;&nbsp;__fpl_cmpreturn
</UL>
<BR>[Called By]<UL><LI><a href="#[169]">&gt;&gt;</a>&nbsp;&nbsp;&nbsp;__fpl_dcheck_NaN1
</UL>

<P><STRONG><a name="[27e]"></a>__ARM_scalbn</STRONG> (Thumb, 0 bytes, Stack size 0 bytes, scalbn.o(x$fpl$scalbn), UNUSED)

<P><STRONG><a name="[15f]"></a>scalbn</STRONG> (Thumb, 96 bytes, Stack size 0 bytes, scalbn.o(x$fpl$scalbn))
<BR><BR>[Calls]<UL><LI><a href="#[169]">&gt;&gt;</a>&nbsp;&nbsp;&nbsp;__fpl_dcheck_NaN1
</UL>
<BR>[Called By]<UL><LI><a href="#[15e]">&gt;&gt;</a>&nbsp;&nbsp;&nbsp;__mathlib_dbl_underflow
<LI><a href="#[160]">&gt;&gt;</a>&nbsp;&nbsp;&nbsp;atan
</UL>

<P><STRONG><a name="[27f]"></a>__fpl_inf_scalbn</STRONG> (Thumb, 0 bytes, Stack size unknown bytes, scalbn.o(x$fpl$scalbn), UNUSED)

<P><STRONG><a name="[185]"></a>__fpl_cmpreturn</STRONG> (Thumb, 48 bytes, Stack size 0 bytes, trapv.o(x$fpl$trapveneer))
<BR><BR>[Called By]<UL><LI><a href="#[16a]">&gt;&gt;</a>&nbsp;&nbsp;&nbsp;__fpl_return_NaN
</UL>

<P><STRONG><a name="[280]"></a>__I$use$fp</STRONG> (Thumb, 0 bytes, Stack size unknown bytes, usenofp.o(x$fpl$usenofp), UNUSED)
<P>
<H3>
Local Symbols
</H3>
<P><STRONG><a name="[12a]"></a>delay</STRONG> (Thumb, 14 bytes, Stack size 0 bytes, stm32f10x_flash.o(.text))
<BR><BR>[Called By]<UL><LI><a href="#[128]">&gt;&gt;</a>&nbsp;&nbsp;&nbsp;FLASH_WaitForLastOperation
</UL>

<P><STRONG><a name="[14c]"></a>TI4_Config</STRONG> (Thumb, 70 bytes, Stack size 20 bytes, stm32f10x_tim.o(.text), UNUSED)
<BR><BR>[Called By]<UL><LI><a href="#[145]">&gt;&gt;</a>&nbsp;&nbsp;&nbsp;TIM_ICInit
</UL>

<P><STRONG><a name="[14a]"></a>TI3_Config</STRONG> (Thumb, 64 bytes, Stack size 20 bytes, stm32f10x_tim.o(.text), UNUSED)
<BR><BR>[Called By]<UL><LI><a href="#[145]">&gt;&gt;</a>&nbsp;&nbsp;&nbsp;TIM_ICInit
</UL>

<P><STRONG><a name="[148]"></a>TI2_Config</STRONG> (Thumb, 84 bytes, Stack size 20 bytes, stm32f10x_tim.o(.text), UNUSED)
<BR><BR>[Called By]<UL><LI><a href="#[151]">&gt;&gt;</a>&nbsp;&nbsp;&nbsp;TIM_TIxExternalClockConfig
<LI><a href="#[14e]">&gt;&gt;</a>&nbsp;&nbsp;&nbsp;TIM_PWMIConfig
<LI><a href="#[145]">&gt;&gt;</a>&nbsp;&nbsp;&nbsp;TIM_ICInit
</UL>

<P><STRONG><a name="[146]"></a>TI1_Config</STRONG> (Thumb, 54 bytes, Stack size 20 bytes, stm32f10x_tim.o(.text), UNUSED)
<BR><BR>[Called By]<UL><LI><a href="#[151]">&gt;&gt;</a>&nbsp;&nbsp;&nbsp;TIM_TIxExternalClockConfig
<LI><a href="#[14e]">&gt;&gt;</a>&nbsp;&nbsp;&nbsp;TIM_PWMIConfig
<LI><a href="#[145]">&gt;&gt;</a>&nbsp;&nbsp;&nbsp;TIM_ICInit
</UL>

<P><STRONG><a name="[174]"></a>_dadd1</STRONG> (Thumb, 0 bytes, Stack size unknown bytes, daddsub_clz.o(x$fpl$dadd), UNUSED)
<BR><BR>[Called By]<UL><LI><a href="#[175]">&gt;&gt;</a>&nbsp;&nbsp;&nbsp;_dsub
<LI><a href="#[173]">&gt;&gt;</a>&nbsp;&nbsp;&nbsp;_drsb
</UL>

<P><STRONG><a name="[167]"></a>_dsub1</STRONG> (Thumb, 0 bytes, Stack size unknown bytes, daddsub_clz.o(x$fpl$dsub), UNUSED)
<BR><BR>[Called By]<UL><LI><a href="#[173]">&gt;&gt;</a>&nbsp;&nbsp;&nbsp;_drsb
<LI><a href="#[166]">&gt;&gt;</a>&nbsp;&nbsp;&nbsp;_dadd
</UL>

<P><STRONG><a name="[184]"></a>_fadd1</STRONG> (Thumb, 0 bytes, Stack size unknown bytes, faddsub_clz.o(x$fpl$fadd), UNUSED)
<BR><BR>[Called By]<UL><LI><a href="#[183]">&gt;&gt;</a>&nbsp;&nbsp;&nbsp;_fsub
</UL>

<P><STRONG><a name="[179]"></a>_fsub1</STRONG> (Thumb, 0 bytes, Stack size unknown bytes, faddsub_clz.o(x$fpl$fsub), UNUSED)
<BR><BR>[Called By]<UL><LI><a href="#[178]">&gt;&gt;</a>&nbsp;&nbsp;&nbsp;_fadd
</UL>
<P>
<H3>
Undefined Global Symbols
</H3><HR></body></html>
